Component: ARM Compiler 5.06 update 6 (build 750) Tool: armlink [4d35ed]

==============================================================================

Section Cross References

    startup_n32wb03x.o(RESET) refers to startup_n32wb03x.o(STACK) for __initial_sp
    startup_n32wb03x.o(RESET) refers to startup_n32wb03x.o(.text) for Reset_Handler
    startup_n32wb03x.o(RESET) refers to bsp_timer.o(i.SysTick_Handler) for SysTick_Handler
    startup_n32wb03x.o(RESET) refers to bsp_usart.o(i.DMA_Channel1_2_3_4_IRQHandler) for DMA_Channel1_2_3_4_IRQHandler
    startup_n32wb03x.o(RESET) refers to bsp_usart.o(i.USART1_IRQHandler) for USART1_IRQHandler
    startup_n32wb03x.o(.text) refers to system_n32wb03x.o(i.SystemInit) for SystemInit
    startup_n32wb03x.o(.text) refers to entry.o(.ARM.Collect$$$$00000000) for __main
    system_n32wb03x.o(i.OTPTrim_Read) refers to memseta.o(.text) for __aeabi_memclr4
    system_n32wb03x.o(i.OTPTrim_Read) refers to memcpya.o(.text) for __aeabi_memcpy
    system_n32wb03x.o(i.OTPTrim_Read) refers to system_n32wb03x.o(.constdata) for .constdata
    system_n32wb03x.o(i.SystemCoreClockUpdate) refers to system_n32wb03x.o(.data) for .data
    system_n32wb03x.o(i.SystemGetMacAddr) refers to system_n32wb03x.o(i.OTPTrim_Read) for OTPTrim_Read
    system_n32wb03x.o(i.SystemGetMacAddr) refers to system_n32wb03x.o(.bss) for .bss
    system_n32wb03x.o(i.SystemGetUUID) refers to system_n32wb03x.o(i.OTPTrim_Read) for OTPTrim_Read
    system_n32wb03x.o(i.SystemGetUUID) refers to system_n32wb03x.o(.bss) for .bss
    system_n32wb03x.o(i.SystemInit) refers to system_n32wb03x.o(i.OTPTrim_Read) for OTPTrim_Read
    system_n32wb03x.o(i.SystemInit) refers to system_n32wb03x.o(.emb_text) for system_delay_cycles
    system_n32wb03x.o(i.SystemInit) refers to system_n32wb03x.o(.bss) for .bss
    system_n32wb03x.o(i.SystemTrimValueGet) refers to system_n32wb03x.o(i.OTPTrim_Read) for OTPTrim_Read
    system_n32wb03x.o(i.SystemTrimValueGet) refers to system_n32wb03x.o(.bss) for .bss
    system_n32wb03x.o(i.SystemTrimValueRead) refers to system_n32wb03x.o(i.OTPTrim_Read) for OTPTrim_Read
    system_n32wb03x.o(i.system_delay_n_10us) refers to system_n32wb03x.o(.emb_text) for system_delay_cycles
    n32wb03x_adc.o(i.ADC16Bit_ConverValueToVoltage) refers to system_n32wb03x.o(i.SystemTrimValueGet) for SystemTrimValueGet
    n32wb03x_adc.o(i.ADC16Bit_ConverValueToVoltage) refers to idiv.o(.text) for __aeabi_idivmod
    n32wb03x_adc.o(i.ADC_ConverValueToTemperature) refers to system_n32wb03x.o(i.SystemTrimValueGet) for SystemTrimValueGet
    n32wb03x_adc.o(i.ADC_ConverValueToTemperature) refers to ffltui.o(.text) for __aeabi_ui2f
    n32wb03x_adc.o(i.ADC_ConverValueToTemperature) refers to fadd.o(.text) for __aeabi_frsub
    n32wb03x_adc.o(i.ADC_ConverValueToTemperature) refers to f2d.o(.text) for __aeabi_f2d
    n32wb03x_adc.o(i.ADC_ConverValueToTemperature) refers to ddiv.o(.text) for __aeabi_ddiv
    n32wb03x_adc.o(i.ADC_ConverValueToTemperature) refers to dadd.o(.text) for __aeabi_dadd
    n32wb03x_adc.o(i.ADC_ConverValueToTemperature) refers to d2f.o(.text) for __aeabi_d2f
    n32wb03x_adc.o(i.ADC_ConverValueToVoltage) refers to system_n32wb03x.o(i.SystemTrimValueGet) for SystemTrimValueGet
    n32wb03x_adc.o(i.ADC_ConverValueToVoltage) refers to idiv.o(.text) for __aeabi_idivmod
    n32wb03x_adc.o(i.ADC_DeInit) refers to n32wb03x_rcc.o(i.RCC_EnableAHBPeriphReset) for RCC_EnableAHBPeriphReset
    n32wb03x_adc.o(i.ADC_DeInit) refers to n32wb03x_rcc.o(i.RCC_EnableAHBPeriphClk) for RCC_EnableAHBPeriphClk
    n32wb03x_gpio.o(i.GPIO_AFIOInitDefault) refers to n32wb03x_rcc.o(i.RCC_EnableAPB2PeriphReset) for RCC_EnableAPB2PeriphReset
    n32wb03x_gpio.o(i.GPIO_DeInit) refers to n32wb03x_rcc.o(i.RCC_EnableAPB2PeriphReset) for RCC_EnableAPB2PeriphReset
    n32wb03x_rcc.o(i.RCC_GetClocksFreqValue) refers to n32wb03x_rcc.o(.constdata) for .constdata
    n32wb03x_rcc.o(i.RCC_WaitHseStable) refers to n32wb03x_rcc.o(i.RCC_GetFlagStatus) for RCC_GetFlagStatus
    n32wb03x_rcc.o(i.RCC_WaitHsiStable) refers to n32wb03x_rcc.o(i.RCC_GetFlagStatus) for RCC_GetFlagStatus
    n32wb03x_tim.o(i.TIM_ConfigExtTrigAsClk) refers to n32wb03x_tim.o(i.ConfigTI1) for ConfigTI1
    n32wb03x_tim.o(i.TIM_ConfigExtTrigAsClk) refers to n32wb03x_tim.o(i.ConfigTI2) for ConfigTI2
    n32wb03x_tim.o(i.TIM_ConfigPwmIc) refers to n32wb03x_tim.o(i.ConfigTI2) for ConfigTI2
    n32wb03x_tim.o(i.TIM_ConfigPwmIc) refers to n32wb03x_tim.o(i.ConfigTI1) for ConfigTI1
    n32wb03x_tim.o(i.TIM_DeInit) refers to n32wb03x_rcc.o(i.RCC_EnableAPB2PeriphReset) for RCC_EnableAPB2PeriphReset
    n32wb03x_tim.o(i.TIM_DeInit) refers to n32wb03x_rcc.o(i.RCC_EnableAPB1PeriphReset) for RCC_EnableAPB1PeriphReset
    n32wb03x_tim.o(i.TIM_ICInit) refers to n32wb03x_tim.o(i.ConfigTI1) for ConfigTI1
    n32wb03x_tim.o(i.TIM_ICInit) refers to n32wb03x_tim.o(i.ConfigTI2) for ConfigTI2
[...]
    rwip_fifo_isr                            0x0002b17d   Thumb Code     0  symbol_g15.obj ABSOLUTE
    rwip_finetgt_isr                         0x0002b195   Thumb Code     0  symbol_g15.obj ABSOLUTE
    rwip_prevent_sleep_clear                 0x0002b2b5   Thumb Code     0  symbol_g15.obj ABSOLUTE
    rwip_prevent_sleep_set                   0x0002b2d1   Thumb Code     0  symbol_g15.obj ABSOLUTE
    rwip_schedule                            0x0002b3a1   Thumb Code     0  symbol_g15.obj ABSOLUTE
    rwip_sw_int_req                          0x0002b61d   Thumb Code     0  symbol_g15.obj ABSOLUTE
    rwip_sw_isr                              0x0002b63d   Thumb Code     0  symbol_g15.obj ABSOLUTE
    rwip_time_get                            0x0002b65d   Thumb Code     0  symbol_g15.obj ABSOLUTE
    rwip_timer_1ms_set                       0x0002b69d   Thumb Code     0  symbol_g15.obj ABSOLUTE
    rwip_timer_hs_set                        0x0002b6f1   Thumb Code     0  symbol_g15.obj ABSOLUTE
    rwip_timer_hus_set                       0x0002b721   Thumb Code     0  symbol_g15.obj ABSOLUTE
    rwip_timestamptgt1_isr                   0x0002b761   Thumb Code     0  symbol_g15.obj ABSOLUTE
    rwip_timestamptgt2_isr                   0x0002b78d   Thumb Code     0  symbol_g15.obj ABSOLUTE
    sch_alarm_init                           0x0002b7d5   Thumb Code     0  symbol_g15.obj ABSOLUTE
    sch_alarm_set                            0x0002b859   Thumb Code     0  symbol_g15.obj ABSOLUTE
    sch_alarm_timer_isr                      0x0002b8f1   Thumb Code     0  symbol_g15.obj ABSOLUTE
    sch_arb_elt_cancel                       0x0002ba25   Thumb Code     0  symbol_g15.obj ABSOLUTE
    sch_arb_event_start_isr                  0x0002bb29   Thumb Code     0  symbol_g15.obj ABSOLUTE
    sch_arb_init                             0x0002bbed   Thumb Code     0  symbol_g15.obj ABSOLUTE
    sch_arb_insert                           0x0002bc19   Thumb Code     0  symbol_g15.obj ABSOLUTE
    sch_arb_remove                           0x0002bec5   Thumb Code     0  symbol_g15.obj ABSOLUTE
    sch_arb_sw_isr                           0x0002bf29   Thumb Code     0  symbol_g15.obj ABSOLUTE
    sch_plan_chk                             0x0002bf5d   Thumb Code     0  symbol_g15.obj ABSOLUTE
    sch_plan_init                            0x0002bf6d   Thumb Code     0  symbol_g15.obj ABSOLUTE
    sch_plan_rem                             0x0002c231   Thumb Code     0  symbol_g15.obj ABSOLUTE
    sch_plan_req                             0x0002c241   Thumb Code     0  symbol_g15.obj ABSOLUTE
    sch_plan_set                             0x0002c30d   Thumb Code     0  symbol_g15.obj ABSOLUTE
    sch_prog_end_isr                         0x0002c381   Thumb Code     0  symbol_g15.obj ABSOLUTE
    sch_prog_fifo_isr                        0x0002c3ed   Thumb Code     0  symbol_g15.obj ABSOLUTE
    sch_prog_init                            0x0002c4d9   Thumb Code     0  symbol_g15.obj ABSOLUTE
    sch_prog_push                            0x0002c519   Thumb Code     0  symbol_g15.obj ABSOLUTE
    sch_prog_skip_isr                        0x0002c651   Thumb Code     0  symbol_g15.obj ABSOLUTE
    sch_slice_bg_add                         0x0002c6c5   Thumb Code     0  symbol_g15.obj ABSOLUTE
    sch_slice_bg_remove                      0x0002c6dd   Thumb Code     0  symbol_g15.obj ABSOLUTE
    sch_slice_compute                        0x0002c6f5   Thumb Code     0  symbol_g15.obj ABSOLUTE
    sch_slice_fg_add                         0x0002c7a1   Thumb Code     0  symbol_g15.obj ABSOLUTE
    sch_slice_fg_remove                      0x0002c7c1   Thumb Code     0  symbol_g15.obj ABSOLUTE
    sch_slice_init                           0x0002c7f1   Thumb Code     0  symbol_g15.obj ABSOLUTE
    sch_slice_per_add                        0x0002c835   Thumb Code     0  symbol_g15.obj ABSOLUTE
    sch_slice_per_remove                     0x0002c85d   Thumb Code     0  symbol_g15.obj ABSOLUTE
    sleep_condition_check                    0x0002c885   Thumb Code     0  symbol_g15.obj ABSOLUTE
    soft_flow_ctrl_init                      0x0002c91d   Thumb Code     0  symbol_g15.obj ABSOLUTE
    soft_flow_ctrl_tx_process                0x0002c969   Thumb Code     0  symbol_g15.obj ABSOLUTE
    specialModP256                           0x0002c9dd   Thumb Code     0  symbol_g15.obj ABSOLUTE
    spis_init                                0x0002cad5   Thumb Code     0  symbol_g15.obj ABSOLUTE
    stage_idle_irq_handler                   0x0002cb39   Thumb Code     0  symbol_g15.obj ABSOLUTE
    stage_idle_reset                         0x0002cbb5   Thumb Code     0  symbol_g15.obj ABSOLUTE
    stage_rx_irq_handler                     0x0002cc25   Thumb Code     0  symbol_g15.obj ABSOLUTE
    stage_tx_irq_handler                     0x0002cc41   Thumb Code     0  symbol_g15.obj ABSOLUTE
    stage_tx_len_irq_handler                 0x0002cd21   Thumb Code     0  symbol_g15.obj ABSOLUTE
    user_exe_operation                       0x0002cd89   Thumb Code     0  symbol_g15.obj ABSOLUTE
    user_prf_itf_get                         0x0002d011   Thumb Code     0  symbol_g15.obj ABSOLUTE
    utils_data_ready_off                     0x0002d045   Thumb Code     0  symbol_g15.obj ABSOLUTE
    utils_data_ready_on                      0x0002d055   Thumb Code     0  symbol_g15.obj ABSOLUTE
    utils_flow_off                           0x0002d085   Thumb Code     0  symbol_g15.obj ABSOLUTE
    utils_flow_on                            0x0002d0b1   Thumb Code     0  symbol_g15.obj ABSOLUTE
    utils_get_tx_len                         0x0002d0d9   Thumb Code     0  symbol_g15.obj ABSOLUTE
    utils_hci_cmd_check                      0x0002d121   Thumb Code     0  symbol_g15.obj ABSOLUTE
    utils_hci_cmd_reset                      0x0002d1b9   Thumb Code     0  symbol_g15.obj ABSOLUTE
    utils_io_init                            0x0002d22d   Thumb Code     0  symbol_g15.obj ABSOLUTE
    utils_io_sleep                           0x0002d289   Thumb Code     0  symbol_g15.obj ABSOLUTE
    utils_read                               0x0002d33d   Thumb Code     0  symbol_g15.obj ABSOLUTE
    utils_read_wakeup_stat                   0x0002d4c9   Thumb Code     0  symbol_g15.obj ABSOLUTE
    utils_wakeup_int_enable                  0x0002d4d9   Thumb Code     0  symbol_g15.obj ABSOLUTE
    utils_write                              0x0002d521   Thumb Code     0  symbol_g15.obj ABSOLUTE
    wakeup_irq_handler                       0x0002d691   Thumb Code     0  symbol_g15.obj ABSOLUTE
    one_bits                                 0x0002d740   Data           0  symbol_g15.obj ABSOLUTE
    co_sca2ppm                               0x0002d750   Data           0  symbol_g15.obj ABSOLUTE
    co_null_bdaddr                           0x0002d760   Data           0  symbol_g15.obj ABSOLUTE
    co_null_key                              0x0002d766   Data           0  symbol_g15.obj ABSOLUTE
    co_rate_to_phy                           0x0002d776   Data           0  symbol_g15.obj ABSOLUTE
    co_phy_to_rate                           0x0002d77b   Data           0  symbol_g15.obj ABSOLUTE
    co_phy_mask_to_value                     0x0002d77f   Data           0  symbol_g15.obj ABSOLUTE
    co_phy_value_to_mask                     0x0002d784   Data           0  symbol_g15.obj ABSOLUTE
    co_rate_to_phy_mask                      0x0002d788   Data           0  symbol_g15.obj ABSOLUTE
    co_phy_mask_to_rate                      0x0002d78c   Data           0  symbol_g15.obj ABSOLUTE
    rwip_priority                            0x0002d791   Data           0  symbol_g15.obj ABSOLUTE
    aes_cmac_zero                            0x0002d7a7   Data           0  symbol_g15.obj ABSOLUTE
    BasePoint_x_256                          0x0002d7b8   Data           0  symbol_g15.obj ABSOLUTE
    BasePoint_y_256                          0x0002d7d8   Data           0  symbol_g15.obj ABSOLUTE
    maxSecretKey_256                         0x0002d7f8   Data           0  symbol_g15.obj ABSOLUTE
    DebugE256PublicKey_x                     0x0002d818   Data           0  symbol_g15.obj ABSOLUTE
    DebugE256PublicKey_y                     0x0002d838   Data           0  symbol_g15.obj ABSOLUTE
    DebugE256SecretKey                       0x0002d858   Data           0  symbol_g15.obj ABSOLUTE
    coef_B                                   0x0002d878   Data           0  symbol_g15.obj ABSOLUTE
    bigHexP256                               0x0002d8a4   Data           0  symbol_g15.obj ABSOLUTE
    veryBigHexP256                           0x0002d8d0   Data           0  symbol_g15.obj ABSOLUTE
    ecc_Jacobian_InfinityPoint256            0x0002d920   Data           0  symbol_g15.obj ABSOLUTE
    ECC_4Win_Look_up_table                   0x0002d9a4   Data           0  symbol_g15.obj ABSOLUTE
    TASK_DESC_LLC                            0x0002e4bc   Data           0  symbol_g15.obj ABSOLUTE
    LLM_AA_CT2                               0x0002e4c8   Data           0  symbol_g15.obj ABSOLUTE
    LLM_AA_CT1                               0x0002e4ca   Data           0  symbol_g15.obj ABSOLUTE
    connect_req_dur_tab                      0x0002e4d0   Data           0  symbol_g15.obj ABSOLUTE
    byte_tx_time                             0x0002e4d8   Data           0  symbol_g15.obj ABSOLUTE
    fixed_tx_time                            0x0002e4e0   Data           0  symbol_g15.obj ABSOLUTE
    lld_init_max_aux_dur_tab                 0x0002e4e8   Data           0  symbol_g15.obj ABSOLUTE
    lld_scan_map_legacy_pdu_to_evt_type      0x0002e4f0   Data           0  symbol_g15.obj ABSOLUTE
    lld_scan_max_aux_dur_tab                 0x0002e4f8   Data           0  symbol_g15.obj ABSOLUTE
    lld_sync_max_aux_dur_tab                 0x0002e500   Data           0  symbol_g15.obj ABSOLUTE
    hci_cmd_desc_tab_lk_ctrl                 0x0002e8e4   Data           0  symbol_g15.obj ABSOLUTE
    hci_cmd_desc_tab_ctrl_bb                 0x0002e8fc   Data           0  symbol_g15.obj ABSOLUTE
    hci_cmd_desc_tab_info_par                0x0002e968   Data           0  symbol_g15.obj ABSOLUTE
    hci_cmd_desc_tab_stat_par                0x0002e998   Data           0  symbol_g15.obj ABSOLUTE
    hci_cmd_desc_tab_le                      0x0002e9a4   Data           0  symbol_g15.obj ABSOLUTE
    hci_cmd_desc_tab_vs                      0x0002ee0c   Data           0  symbol_g15.obj ABSOLUTE
    hci_cmd_desc_root_tab                    0x0002ee48   Data           0  symbol_g15.obj ABSOLUTE
    hci_evt_desc_tab                         0x0002ee78   Data           0  symbol_g15.obj ABSOLUTE
    hci_evt_le_desc_tab                      0x0002eec0   Data           0  symbol_g15.obj ABSOLUTE
    utils_api                                0x0002ef90   Data           0  symbol_g15.obj ABSOLUTE
    ambiq_speed_att_db_128                   0x0002f148   Data           0  symbol_g15.obj ABSOLUTE
    attc_handlers                            0x0002f3f8   Data           0  symbol_g15.obj ABSOLUTE
    atts_handlers                            0x0002f434   Data           0  symbol_g15.obj ABSOLUTE
    TASK_DESC_GATTC                          0x0002f514   Data           0  symbol_g15.obj ABSOLUTE
    TASK_DESC_GATTM                          0x0002f530   Data           0  symbol_g15.obj ABSOLUTE
    gapc_sig_handlers                        0x0002f62c   Data           0  symbol_g15.obj ABSOLUTE
    TASK_DESC_GAPC                           0x0002f7bc   Data           0  symbol_g15.obj ABSOLUTE
    TASK_DESC_GAPM                           0x0002fa08   Data           0  symbol_g15.obj ABSOLUTE
    l2cc_sig_handlers                        0x0002fb28   Data           0  symbol_g15.obj ABSOLUTE
    TASK_DESC_L2CC                           0x0002fb88   Data           0  symbol_g15.obj ABSOLUTE
    TASK_DESC_AHI                            0x0002fb9c   Data           0  symbol_g15.obj ABSOLUTE
    __Vectors                                0x01000000   Data           4  startup_n32wb03x.o(RESET)
    __Vectors_End                            0x010000c0   Data           0  startup_n32wb03x.o(RESET)
    __main                                   0x010000c1   Thumb Code     0  entry.o(.ARM.Collect$$$$00000000)
    _main_stk                                0x010000c1   Thumb Code     0  entry2.o(.ARM.Collect$$$$00000001)
    _main_scatterload                        0x010000c5   Thumb Code     0  entry5.o(.ARM.Collect$$$$00000004)
    __main_after_scatterload                 0x010000c9   Thumb Code     0  entry5.o(.ARM.Collect$$$$00000004)
    _main_clock                              0x010000c9   Thumb Code     0  entry7b.o(.ARM.Collect$$$$00000008)
    _main_cpp_init                           0x010000c9   Thumb Code     0  entry8b.o(.ARM.Collect$$$$0000000A)
    _main_init                               0x010000c9   Thumb Code     0  entry9a.o(.ARM.Collect$$$$0000000B)
    __rt_final_cpp                           0x010000d1   Thumb Code     0  entry10a.o(.ARM.Collect$$$$0000000D)
    __rt_final_exit                          0x010000d1   Thumb Code     0  entry11a.o(.ARM.Collect$$$$0000000F)
    __asm___17_system_n32wb03x_c_f233b82c____REV16 0x010000d5   Thumb Code     4  system_n32wb03x.o(.emb_text)
    __asm___17_system_n32wb03x_c_f233b82c____REVSH 0x010000d9   Thumb Code     4  system_n32wb03x.o(.emb_text)
    system_delay_cycles                      0x010000dd   Thumb Code     6  system_n32wb03x.o(.emb_text)
    Reset_Handler                            0x010000e5   Thumb Code     8  startup_n32wb03x.o(.text)
    NMI_Handler                              0x010000ed   Thumb Code     2  startup_n32wb03x.o(.text)
    HardFault_Handler                        0x010000ef   Thumb Code     2  startup_n32wb03x.o(.text)
    SVC_Handler                              0x010000f1   Thumb Code     2  startup_n32wb03x.o(.text)
    PendSV_Handler                           0x010000f3   Thumb Code     2  startup_n32wb03x.o(.text)
    ADC_IRQHandler                           0x010000f7   Thumb Code     0  startup_n32wb03x.o(.text)
    BLE_CRYPT_IRQHandler                     0x010000f7   Thumb Code     0  startup_n32wb03x.o(.text)
    BLE_ERROR_IRQHandler                     0x010000f7   Thumb Code     0  startup_n32wb03x.o(.text)
    BLE_FIFO_IRQHandler                      0x010000f7   Thumb Code     0  startup_n32wb03x.o(.text)
    BLE_FINETGT_IRQHandler                   0x010000f7   Thumb Code     0  startup_n32wb03x.o(.text)
    BLE_HSLOT_IRQHandler                     0x010000f7   Thumb Code     0  startup_n32wb03x.o(.text)
    BLE_SLP_IRQHandler                       0x010000f7   Thumb Code     0  startup_n32wb03x.o(.text)
    BLE_SW_IRQHandler                        0x010000f7   Thumb Code     0  startup_n32wb03x.o(.text)
    BLE_TIMESTAMP_TGT1_IRQHandler            0x010000f7   Thumb Code     0  startup_n32wb03x.o(.text)
    BLE_TIMESTAMP_TGT2_IRQHandler            0x010000f7   Thumb Code     0  startup_n32wb03x.o(.text)
    DMA_Channel5_IRQHandler                  0x010000f7   Thumb Code     0  startup_n32wb03x.o(.text)
    EXTI0_1_IRQHandler                       0x010000f7   Thumb Code     0  startup_n32wb03x.o(.text)
    EXTI2_3_IRQHandler                       0x010000f7   Thumb Code     0  startup_n32wb03x.o(.text)
    EXTI4_12_IRQHandler                      0x010000f7   Thumb Code     0  startup_n32wb03x.o(.text)
    FLASH_IRQHandler                         0x010000f7   Thumb Code     0  startup_n32wb03x.o(.text)
    I2C1_IRQHandler                          0x010000f7   Thumb Code     0  startup_n32wb03x.o(.text)
    IRC_IRQHandler                           0x010000f7   Thumb Code     0  startup_n32wb03x.o(.text)
    KEYSCAN_IRQHandler                       0x010000f7   Thumb Code     0  startup_n32wb03x.o(.text)
    LPUART1_IRQHandler                       0x010000f7   Thumb Code     0  startup_n32wb03x.o(.text)
    RCC_IRQHandler                           0x010000f7   Thumb Code     0  startup_n32wb03x.o(.text)
    RESERVED_IRQHandler                      0x010000f7   Thumb Code     0  startup_n32wb03x.o(.text)
    RTC_IRQHandler                           0x010000f7   Thumb Code     0  startup_n32wb03x.o(.text)
    SPI1_IRQHandler                          0x010000f7   Thumb Code     0  startup_n32wb03x.o(.text)
    SPI2_IRQHandler                          0x010000f7   Thumb Code     0  startup_n32wb03x.o(.text)
    TIM1_BRK_UP_TRG_COM_IRQHandler           0x010000f7   Thumb Code     0  startup_n32wb03x.o(.text)
    TIM1_CC_IRQHandler                       0x010000f7   Thumb Code     0  startup_n32wb03x.o(.text)
    TIM3_IRQHandler                          0x010000f7   Thumb Code     0  startup_n32wb03x.o(.text)
    TIM6_IRQHandler                          0x010000f7   Thumb Code     0  startup_n32wb03x.o(.text)
    USART2_IRQHandler                        0x010000f7   Thumb Code     0  startup_n32wb03x.o(.text)
    WWDG_IRQHandler                          0x010000f7   Thumb Code     0  startup_n32wb03x.o(.text)
    __aeabi_uidiv                            0x01000101   Thumb Code     0  uidiv.o(.text)
    __aeabi_uidivmod                         0x01000101   Thumb Code    44  uidiv.o(.text)
    __aeabi_uldivmod                         0x0100012d   Thumb Code    96  uldiv.o(.text)
    rand                                     0x0100018d   Thumb Code    18  rand.o(.text)
    srand                                    0x0100019f   Thumb Code     6  rand.o(.text)
    __aeabi_memcpy                           0x010001b1   Thumb Code    36  memcpya.o(.text)
    __aeabi_memcpy4                          0x010001b1   Thumb Code     0  memcpya.o(.text)
    __aeabi_memcpy8                          0x010001b1   Thumb Code     0  memcpya.o(.text)
    __aeabi_memset                           0x010001d5   Thumb Code    14  memseta.o(.text)
    __aeabi_memset4                          0x010001d5   Thumb Code     0  memseta.o(.text)
    __aeabi_memset8                          0x010001d5   Thumb Code     0  memseta.o(.text)
    __aeabi_memclr                           0x010001e3   Thumb Code     4  memseta.o(.text)
    __aeabi_memclr4                          0x010001e3   Thumb Code     0  memseta.o(.text)
    __aeabi_memclr8                          0x010001e3   Thumb Code     0  memseta.o(.text)
    _memset$wrapper                          0x010001e7   Thumb Code    18  memseta.o(.text)
    memcmp                                   0x010001f9   Thumb Code    26  memcmp.o(.text)
    __aeabi_dmul                             0x01000215   Thumb Code   202  dmul.o(.text)
    __aeabi_ddiv                             0x010002e5   Thumb Code   234  ddiv.o(.text)
    __aeabi_ui2d                             0x010003d5   Thumb Code    24  dfltui.o(.text)
    __aeabi_ul2d                             0x010003f1   Thumb Code    22  dfltul.o(.text)
    __aeabi_d2ulz                            0x0100040d   Thumb Code    54  dfixul.o(.text)
    __aeabi_llsl                             0x0100044d   Thumb Code    32  llshl.o(.text)
    _ll_shift_l                              0x0100044d   Thumb Code     0  llshl.o(.text)
    __aeabi_llsr                             0x0100046d   Thumb Code    34  llushr.o(.text)
    _ll_ushift_r                             0x0100046d   Thumb Code     0  llushr.o(.text)
    __I$use$fp                               0x0100048f   Thumb Code     0  iusefp.o(.text)
    _double_round                            0x0100048f   Thumb Code    26  depilogue.o(.text)
    _double_epilogue                         0x010004a9   Thumb Code   164  depilogue.o(.text)
    __scatterload                            0x0100054d   Thumb Code    28  init.o(.text)
    __scatterload_rt2                        0x0100054d   Thumb Code     0  init.o(.text)
    __decompress                             0x01000571   Thumb Code     0  __dclz77c.o(.text)
    __decompress2                            0x01000571   Thumb Code    96  __dclz77c.o(.text)
    Long Thumb to Thumb Veneer to __ARM_common_memcpy1_6 0x010005d1   Thumb Code    12  anon$$obj.o(Veneer$$Code)
    Long Thumb to Thumb Veneer to attmdb_get_attribute 0x010005dd   Thumb Code    12  anon$$obj.o(Veneer$$Code)
    Long Thumb to Thumb Veneer to attmdb_uuid16_comp 0x010005e9   Thumb Code    12  anon$$obj.o(Veneer$$Code)
    Long Thumb to Thumb Veneer to attm_svc_create_db 0x010005f5   Thumb Code    12  anon$$obj.o(Veneer$$Code)
    Long Thumb to Thumb Veneer to attmdb_att_get_permission 0x01000601   Thumb Code    12  anon$$obj.o(Veneer$$Code)
    Long Thumb to Thumb Veneer to attmdb_get_service 0x0100060d   Thumb Code    12  anon$$obj.o(Veneer$$Code)
    Long Thumb to Thumb Veneer to attmdb_get_uuid 0x01000619   Thumb Code    12  anon$$obj.o(Veneer$$Code)
    Long Thumb to Thumb Veneer to attm_svc_create_db_128 0x01000625   Thumb Code    12  anon$$obj.o(Veneer$$Code)
    Long Thumb to Thumb Veneer to ahi_init   0x01000631   Thumb Code    12  anon$$obj.o(Veneer$$Code)
    Long Thumb to Thumb Veneer to __ARM_common_ll_muluu 0x0100063d   Thumb Code    12  anon$$obj.o(Veneer$$Code)
    BuzzerInit                               0x01000649   Thumb Code    72  bsp_buzzer.o(i.BuzzerInit)
    BuzzerOff                                0x0100069d   Thumb Code     8  bsp_buzzer.o(i.BuzzerOff)
    BuzzerOn                                 0x010006a5   Thumb Code     8  bsp_buzzer.o(i.BuzzerOn)
    CRC16_CalcBufCrc                         0x010006ad   Thumb Code    28  n32wb03x_crc.o(i.CRC16_CalcBufCrc)
    DMA_Channel1_2_3_4_IRQHandler            0x010006cd   Thumb Code    90  bsp_usart.o(i.DMA_Channel1_2_3_4_IRQHandler)
    DMA_ClearFlag                            0x01000735   Thumb Code     4  n32wb03x_dma.o(i.DMA_ClearFlag)
    DMA_EnableChannel                        0x01000739   Thumb Code    20  n32wb03x_dma.o(i.DMA_EnableChannel)
    DMA_GetCurrDataCounter                   0x01000751   Thumb Code     6  n32wb03x_dma.o(i.DMA_GetCurrDataCounter)
    DMA_GetFlagStatus                        0x01000757   Thumb Code    14  n32wb03x_dma.o(i.DMA_GetFlagStatus)
    DMA_Init                                 0x01000765   Thumb Code    58  n32wb03x_dma.o(i.DMA_Init)
    EXTI_ClrITPendBit                        0x010007a5   Thumb Code     6  n32wb03x_exti.o(i.EXTI_ClrITPendBit)
    EXTI_GetITStatus                         0x010007b1   Thumb Code    24  n32wb03x_exti.o(i.EXTI_GetITStatus)
    EXTI_InitPeripheral                      0x010007cd   Thumb Code   108  n32wb03x_exti.o(i.EXTI_InitPeripheral)
    GPIO_InitPeripheral                      0x0100083d   Thumb Code   184  n32wb03x_gpio.o(i.GPIO_InitPeripheral)
    GPIO_InitStruct                          0x010008f5   Thumb Code    22  n32wb03x_gpio.o(i.GPIO_InitStruct)
    GPIO_ResetBits                           0x01000911   Thumb Code     4  n32wb03x_gpio.o(i.GPIO_ResetBits)
    GPIO_SetBits                             0x01000915   Thumb Code     4  n32wb03x_gpio.o(i.GPIO_SetBits)
    GPIO_TogglePin                           0x01000919   Thumb Code     8  n32wb03x_gpio.o(i.GPIO_TogglePin)
    LPUART_ClrFlag                           0x01000921   Thumb Code     4  n32wb03x_lpuart.o(i.LPUART_ClrFlag)
    LPUART_DeInit                            0x01000925   Thumb Code    24  n32wb03x_lpuart.o(i.LPUART_DeInit)
    LPUART_GetFlagStatus                     0x01000945   Thumb Code    14  n32wb03x_lpuart.o(i.LPUART_GetFlagStatus)
    LPUART_Init                              0x01000955   Thumb Code   192  n32wb03x_lpuart.o(i.LPUART_Init)
    LPUART_SendData                          0x01000a25   Thumb Code     4  n32wb03x_lpuart.o(i.LPUART_SendData)
    LedBlink                                 0x01000a29   Thumb Code     8  bsp_led.o(i.LedBlink)
    LedInitSingle                            0x01000a31   Thumb Code    72  bsp_led.o(i.LedInitSingle)
    LedOff                                   0x01000a85   Thumb Code     8  bsp_led.o(i.LedOff)
    LedOn                                    0x01000a8d   Thumb Code     8  bsp_led.o(i.LedOn)
    Led_Init                                 0x01000a95   Thumb Code    30  bsp_led.o(i.Led_Init)
    OTPTrim_Read                             0x01000abd   Thumb Code   186  system_n32wb03x.o(i.OTPTrim_Read)
    Qflash_Erase_Sector                      0x01000b89   Thumb Code    30  n32wb03x_qflash.o(i.Qflash_Erase_Sector)
    Qflash_Init                              0x01000bad   Thumb Code    30  n32wb03x_qflash.o(i.Qflash_Init)
    Qflash_Write                             0x01000be5   Thumb Code    30  n32wb03x_qflash.o(i.Qflash_Write)
    RCC_ConfigLpuartClk                      0x01000c09   Thumb Code    24  n32wb03x_rcc.o(i.RCC_ConfigLpuartClk)
    RCC_EnableAHBPeriphClk                   0x01000c25   Thumb Code    18  n32wb03x_rcc.o(i.RCC_EnableAHBPeriphClk)
    RCC_EnableAPB2PeriphClk                  0x01000c3d   Thumb Code    18  n32wb03x_rcc.o(i.RCC_EnableAPB2PeriphClk)
    RCC_EnableLpuartClk                      0x01000c55   Thumb Code    20  n32wb03x_rcc.o(i.RCC_EnableLpuartClk)
    RCC_GetClocksFreqValue                   0x01000c6d   Thumb Code    90  n32wb03x_rcc.o(i.RCC_GetClocksFreqValue)
    RCC_GetLpuartClkSrc                      0x01000ce1   Thumb Code    10  n32wb03x_rcc.o(i.RCC_GetLpuartClkSrc)
    RelayInit                                0x01000cf5   Thumb Code    72  bsp_relay.o(i.RelayInit)
    RelayOff                                 0x01000d49   Thumb Code     8  bsp_relay.o(i.RelayOff)
    RelayOn                                  0x01000d51   Thumb Code     8  bsp_relay.o(i.RelayOn)
    SysTick_Handler                          0x01000d59   Thumb Code    10  bsp_timer.o(i.SysTick_Handler)
    SystemCoreClockUpdate                    0x01000d69   Thumb Code     8  system_n32wb03x.o(i.SystemCoreClockUpdate)
    SystemGetMacAddr                         0x01000d79   Thumb Code    44  system_n32wb03x.o(i.SystemGetMacAddr)
    SystemInit                               0x01000dad   Thumb Code   346  system_n32wb03x.o(i.SystemInit)
    TM1650_DisplayInt                        0x01000f2d   Thumb Code    96  bsp_tm1650.o(i.TM1650_DisplayInt)
    TM1650_DisplayTime                       0x01000f95   Thumb Code    76  bsp_tm1650.o(i.TM1650_DisplayTime)
    TM1650_Init                              0x01000fe5   Thumb Code    68  bsp_tm1650.o(i.TM1650_Init)
    TM1650_SetDisplay                        0x0100102d   Thumb Code   138  bsp_tm1650.o(i.TM1650_SetDisplay)
    TM1650_WriteData                         0x01001141   Thumb Code   132  bsp_tm1650.o(i.TM1650_WriteData)
    USART1_IRQHandler                        0x010011c9   Thumb Code    24  bsp_usart.o(i.USART1_IRQHandler)
    USART_GetFlagStatus                      0x010011e5   Thumb Code    14  n32wb03x_usart.o(i.USART_GetFlagStatus)
    __0printf$8                              0x010011f5   Thumb Code    24  printf8.o(i.__0printf$8)
    __1printf$8                              0x010011f5   Thumb Code     0  printf8.o(i.__0printf$8)
    __2printf                                0x010011f5   Thumb Code     0  printf8.o(i.__0printf$8)
    __ARM_clz                                0x01001215   Thumb Code    46  depilogue.o(i.__ARM_clz)
    app_ble_adv_init                         0x010016b9   Thumb Code    90  app_ble.o(i.app_ble_adv_init)
    app_ble_adv_msg_handler                  0x0100172d   Thumb Code     2  app_ble.o(i.app_ble_adv_msg_handler)
    app_ble_gap_params_init                  0x01001731   Thumb Code   118  app_ble.o(i.app_ble_gap_params_init)
    app_ble_init                             0x010017c1   Thumb Code    58  app_ble.o(i.app_ble_init)
    app_ble_msg_handler                      0x0100180d   Thumb Code    56  app_ble.o(i.app_ble_msg_handler)
    app_ble_sec_init                         0x01001861   Thumb Code    70  app_ble.o(i.app_ble_sec_init)
    app_dis_add_dis                          0x0100198d   Thumb Code    74  app_dis.o(i.app_dis_add_dis)
    app_entry_point_handler                  0x010019e9   Thumb Code   238  ns_ble_task.o(i.app_entry_point_handler)
    app_rdtss_add_rdts                       0x01001bb5   Thumb Code    82  app_rdtss.o(i.app_rdtss_add_rdts)
    app_recv_data_fifo_enter                 0x01001c1d   Thumb Code    74  bsp_frame.o(i.app_recv_data_fifo_enter)
    app_usart_rx_data_fifo_enter             0x01001e21   Thumb Code   144  bsp_usart.o(i.app_usart_rx_data_fifo_enter)
    app_usart_tx_process                     0x01001ecd   Thumb Code    58  bsp_usart.o(i.app_usart_tx_process)
    app_user_msg_handler                     0x01001f11   Thumb Code    14  app_ble.o(i.app_user_msg_handler)
    attm_att_set_value                       0x01001f25   Thumb Code   172  lib_att.o(i.attm_att_set_value)
    ble_rx_msg                               0x01001fe5   Thumb Code   368  bsp_frame.o(i.ble_rx_msg)
    bsp_create_frame                         0x01002199   Thumb Code    60  bsp_frame.o(i.bsp_create_frame)
    bsp_init                                 0x010021d5   Thumb Code    42  bsp_init.o(i.bsp_init)
    check_client_char_cfg                    0x01002209   Thumb Code    42  rdts_common.o(i.check_client_char_cfg)
    diss_check_val_len                       0x01002233   Thumb Code    42  diss.o(i.diss_check_val_len)
    diss_handle_to_value                     0x0100229f   Thumb Code    52  diss.o(i.diss_handle_to_value)
    diss_prf_itf_get                         0x01002375   Thumb Code     4  diss.o(i.diss_prf_itf_get)
    diss_task_init                           0x01002419   Thumb Code    28  diss_task.o(i.diss_task_init)
    diss_value_to_handle                     0x01002575   Thumb Code    58  diss.o(i.diss_value_to_handle)
    fputc                                    0x010025b1   Thumb Code    54  ns_log_lpuart.o(i.fputc)
    free                                     0x010025f1   Thumb Code    80  malloc.o(i.free)
    get_cfg_handle                           0x010038a1   Thumb Code    98  rdts_common.o(i.get_cfg_handle)
    get_value_handle                         0x0100390d   Thumb Code    78  rdts_common.o(i.get_value_handle)
    llhwc_modem_setmode                      0x01003961   Thumb Code    44  rwip_driver.o(i.llhwc_modem_setmode)
    llhwc_phy_prerx_flash                    0x01003991   Thumb Code   172  rwip_driver.o(i.llhwc_phy_prerx_flash)
    main                                     0x01003b51   Thumb Code    32  main.o(i.main)
    malloc                                   0x01003b81   Thumb Code    92  malloc.o(i.malloc)
    ns_EXTI4_12_IRQHandler                   0x01003bed   Thumb Code    86  ns_ble.o(i.ns_EXTI4_12_IRQHandler)
    ns_HardFault_Handler                     0x01003c71   Thumb Code    96  ns_ble.o(i.ns_HardFault_Handler)
    ns_ble_add_prf_func_register             0x01003db1   Thumb Code    28  ns_ble.o(i.ns_ble_add_prf_func_register)
    ns_ble_add_svc                           0x01003dd1   Thumb Code    34  ns_ble.o(i.ns_ble_add_svc)
    ns_ble_adv_fsm_next                      0x01003dfd   Thumb Code   202  ns_ble.o(i.ns_ble_adv_fsm_next)
    ns_ble_adv_init                          0x01003ed9   Thumb Code    58  ns_ble.o(i.ns_ble_adv_init)
    ns_ble_adv_start                         0x01003f21   Thumb Code    72  ns_ble.o(i.ns_ble_adv_start)
    ns_ble_adv_stop                          0x01003f71   Thumb Code    66  ns_ble.o(i.ns_ble_adv_stop)
    ns_ble_delete_init                       0x01003fbd   Thumb Code    46  ns_ble.o(i.ns_ble_delete_init)
    ns_ble_delete_scan                       0x01003ff9   Thumb Code    42  ns_ble.o(i.ns_ble_delete_scan)
    ns_ble_disconnect                        0x01004031   Thumb Code    34  ns_ble.o(i.ns_ble_disconnect)
    ns_ble_gap_init                          0x0100405d   Thumb Code    70  ns_ble.o(i.ns_ble_gap_init)
    ns_ble_get_connection_num                0x010040c9   Thumb Code    32  ns_ble.o(i.ns_ble_get_connection_num)
    ns_ble_list_set_ral                      0x010040ed   Thumb Code    76  ns_ble.o(i.ns_ble_list_set_ral)
    ns_ble_lsc_config                        0x0100413d   Thumb Code   106  ns_ble.o(i.ns_ble_lsc_config)
    ns_ble_prf_task_register                 0x010041c1   Thumb Code    34  ns_ble.o(i.ns_ble_prf_task_register)
    ns_ble_scan_data_find                    0x010041e9   Thumb Code    72  ns_ble.o(i.ns_ble_scan_data_find)
    ns_ble_stack_init                        0x01004231   Thumb Code   448  ns_ble.o(i.ns_ble_stack_init)
    ns_ble_start_init                        0x010044a9   Thumb Code   260  ns_ble.o(i.ns_ble_start_init)
    ns_ble_start_scan                        0x010045cd   Thumb Code   178  ns_ble.o(i.ns_ble_start_scan)
    ns_ble_stop_init                         0x01004699   Thumb Code    42  ns_ble.o(i.ns_ble_stop_init)
    ns_ble_stop_scan                         0x010046d1   Thumb Code    48  ns_ble.o(i.ns_ble_stop_scan)
    ns_ble_update_param                      0x0100470d   Thumb Code   118  ns_ble.o(i.ns_ble_update_param)
    ns_bond_last_bonded_addr                 0x010047f1   Thumb Code    48  ns_sec.o(i.ns_bond_last_bonded_addr)
    ns_bond_last_bonded_peer_id              0x01004821   Thumb Code    48  ns_sec.o(i.ns_bond_last_bonded_peer_id)
    ns_bond_last_bonded_ral_info             0x01004851   Thumb Code    92  ns_sec.o(i.ns_bond_last_bonded_ral_info)
    ns_bond_resolv_addr_start                0x010048b5   Thumb Code    92  ns_sec.o(i.ns_bond_resolv_addr_start)
    ns_bond_search_addr_irk                  0x01004915   Thumb Code   110  ns_sec.o(i.ns_bond_search_addr_irk)
    ns_log_lpuart_init                       0x01004991   Thumb Code    92  ns_log_lpuart.o(i.ns_log_lpuart_init)
    ns_peripheral_config                     0x010049f5   Thumb Code   176  ns_ble.o(i.ns_peripheral_config)
    ns_sec_bond_store_evt_handler            0x01004afd   Thumb Code   314  ns_sec.o(i.ns_sec_bond_store_evt_handler)
    ns_sec_get_bond_status                   0x01004c79   Thumb Code    12  ns_sec.o(i.ns_sec_get_bond_status)
    ns_sec_get_iocap                         0x01004c89   Thumb Code     6  ns_sec.o(i.ns_sec_get_iocap)
    ns_sec_init                              0x01004c95   Thumb Code    94  ns_sec.o(i.ns_sec_init)
    ns_sleep_lock_acquire                    0x01004cfd   Thumb Code    20  ns_sleep.o(i.ns_sleep_lock_acquire)
    ns_sleep_lock_release                    0x01004d15   Thumb Code    16  ns_sleep.o(i.ns_sleep_lock_release)
    ns_timer_api_process_handler             0x01004d29   Thumb Code   166  ns_timer.o(i.ns_timer_api_process_handler)
    prf_add_profile                          0x01004e35   Thumb Code   132  prf.o(i.prf_add_profile)
    prf_dst_task_get                         0x01004ebd   Thumb Code    16  prf.o(i.prf_dst_task_get)
    prf_env_get                              0x01004ecd   Thumb Code    44  prf.o(i.prf_env_get)
    prf_get_id_from_task                     0x01004efd   Thumb Code    50  prf.o(i.prf_get_id_from_task)
    prf_get_itf_func_register                0x01004f35   Thumb Code    34  prf.o(i.prf_get_itf_func_register)
    prf_get_task_from_id                     0x01004f5d   Thumb Code    50  prf.o(i.prf_get_task_from_id)
    prf_init                                 0x01004f95   Thumb Code   170  prf.o(i.prf_init)
    rdtss_get_att_handle                     0x01005237   Thumb Code    28  rdts_common.o(i.rdtss_get_att_handle)
    rdtss_get_att_idx                        0x01005253   Thumb Code    40  rdts_common.o(i.rdtss_get_att_idx)
    rdtss_init_ccc_values                    0x01005315   Thumb Code   160  rdtss_task.o(i.rdtss_init_ccc_values)
    rdtss_prf_itf_get                        0x010053b9   Thumb Code     4  rdtss.o(i.rdtss_prf_itf_get)
    rdtss_send_notify                        0x010053c1   Thumb Code    84  app_rdtss.o(i.rdtss_send_notify)
    rdtss_set_ccc_value                      0x01005439   Thumb Code    52  rdtss_task.o(i.rdtss_set_ccc_value)
    rdtss_task_init                          0x0100546d   Thumb Code    28  rdtss_task.o(i.rdtss_task_init)
    resolve_frame                            0x0100572d   Thumb Code   234  bsp_frame.o(i.resolve_frame)
    rwip_init                                0x01005839   Thumb Code   198  rwip.o(i.rwip_init)
    rwip_slp_isr                             0x01005951   Thumb Code   198  rwip_driver.o(i.rwip_slp_isr)
    timer_init                               0x01005a4d   Thumb Code    74  bsp_timer.o(i.timer_init)
    timer_run                                0x01005ab1   Thumb Code   218  bsp_timer.o(i.timer_run)
    usart_rx_check_in_irq                    0x01005b9d   Thumb Code    70  bsp_usart.o(i.usart_rx_check_in_irq)
    usart_tx_dma_send                        0x01005bf1   Thumb Code    78  bsp_usart.o(i.usart_tx_dma_send)
    TRIM_READ_CMD_CODE                       0x01005c4c   Data         320  system_n32wb03x.o(.constdata)
    CMD_RDID                                 0x01005d8c   Data         152  system_n32wb03x.o(.constdata)
    const_qflash_cmd                         0x01005e30   Data         804  n32wb03x_qflash.o(.constdata)
    diss_att_db                              0x01006174   Data         152  diss.o(.constdata)
    diss_itf                                 0x0100620c   Data          16  diss.o(.constdata)
    rdtss_itf                                0x01006234   Data          16  rdtss.o(.constdata)
    app_sec_msg_handler_list                 0x0100628c   Data          40  ns_sec.o(.constdata)
    app_sec_handlers                         0x010062b4   Data           8  ns_sec.o(.constdata)
    TASK_DESC_APP_M                          0x0100679c   Data          12  ns_ble_task.o(.constdata)
    app_dis_msg_handler_list                 0x010067a8   Data           8  app_dis.o(.constdata)
    app_dis_handlers                         0x010067b0   Data           8  app_dis.o(.constdata)
    app_rdtss_handlers                       0x010067b8   Data           8  app_rdtss.o(.constdata)
    app_rdts_svc_uuid                        0x010067c0   Data          16  app_rdtss.o(.constdata)
    app_rdts_att_db                          0x010067d0   Data         154  app_rdtss.o(.constdata)
    app_rdtss_msg_handler_list               0x0100686c   Data          24  app_rdtss.o(.constdata)
    TM1650_TubeFont                          0x01006884   Data          17  bsp_tm1650.o(.constdata)
    Region$$Table$$Base                      0x01006898   Number         0  anon$$obj.o(Region$$Table)
    Region$$Table$$Limit                     0x010068b8   Number         0  anon$$obj.o(Region$$Table)
    rwip_rst_state                           0x20000000   Data           0  symbol_g15.obj ABSOLUTE
    ecc_env                                  0x20000004   Data           0  symbol_g15.obj ABSOLUTE
    aa_gen                                   0x20000010   Data           0  symbol_g15.obj ABSOLUTE
    lld_exp_sync_pos_tab                     0x20000018   Data           0  symbol_g15.obj ABSOLUTE
    sch_slice_params                         0x2000004c   Data           0  symbol_g15.obj ABSOLUTE
    hci_ext_host                             0x20000054   Data           0  symbol_g15.obj ABSOLUTE
    g_modem_flag                             0x20000060   Data           0  symbol_g15.obj ABSOLUTE
    g_clock_src                              0x20000061   Data           0  symbol_g15.obj ABSOLUTE
    g_hci_transport_onff                     0x20000062   Data           0  symbol_g15.obj ABSOLUTE
    g_delay_div_param                        0x20000063   Data           0  symbol_g15.obj ABSOLUTE
    g_delay_us_div_param                     0x20000064   Data           0  symbol_g15.obj ABSOLUTE
    g_loop_test                              0x20000065   Data           0  symbol_g15.obj ABSOLUTE
    g_ota_test                               0x20000066   Data           0  symbol_g15.obj ABSOLUTE
    g_ota_test_mtu_247_dle                   0x20000067   Data           0  symbol_g15.obj ABSOLUTE
    g_cal_hsi_cnt_value                      0x20000068   Data           0  symbol_g15.obj ABSOLUTE
    g_system_hsi_clk                         0x2000006c   Data           0  symbol_g15.obj ABSOLUTE
    g_user_set_stack_start                   0x20000070   Data           0  symbol_g15.obj ABSOLUTE
    g_rwip_patch_addr                        0x20000074   Data           0  symbol_g15.obj ABSOLUTE
    g_phy_2mbps_support                      0x20000078   Data           0  symbol_g15.obj ABSOLUTE
    g_auto_start_data_length_req             0x20000079   Data           0  symbol_g15.obj ABSOLUTE
    g_sleep_sleep_enable                     0x2000007a   Data           0  symbol_g15.obj ABSOLUTE
    g_status_io_stat                         0x2000007b   Data           0  symbol_g15.obj ABSOLUTE
    g_timeoutcnt                             0x2000007c   Data           0  symbol_g15.obj ABSOLUTE
    g_sleep_status_flag                      0x20000080   Data           0  symbol_g15.obj ABSOLUTE
    g_lsi_count_n_syscle                     0x20000084   Data           0  symbol_g15.obj ABSOLUTE
    g_lsi_accuracy                           0x20000088   Data           0  symbol_g15.obj ABSOLUTE
    g_lsi_1_syscle_cal_value                 0x2000008c   Data           0  symbol_g15.obj ABSOLUTE
    g_lsi_1_syscle_cnt_value                 0x20000090   Data           0  symbol_g15.obj ABSOLUTE
    g_recalib_hsi_flag                       0x20000094   Data           0  symbol_g15.obj ABSOLUTE
    g_hsi_accuracy                           0x20000098   Data           0  symbol_g15.obj ABSOLUTE
    g_hci_transport_type                     0x2000009c   Data           0  symbol_g15.obj ABSOLUTE
    g_hci_transport_process                  0x2000009d   Data           0  symbol_g15.obj ABSOLUTE
    acl_flow_ctrl_num                        0x2000009e   Data           0  symbol_g15.obj ABSOLUTE
    acl_flow_ctrl                            0x2000009f   Data           0  symbol_g15.obj ABSOLUTE
    g_acl_tx_sch_interval                    0x200000a0   Data           0  symbol_g15.obj ABSOLUTE
    dma_recv_data_time_window_size           0x200000a4   Data           0  symbol_g15.obj ABSOLUTE
    g_length_2_data_intv                     0x200000a8   Data           0  symbol_g15.obj ABSOLUTE
    g_soft_flow_tx_dummy                     0x200000ac   Data           0  symbol_g15.obj ABSOLUTE
    g_soft_flow_rx_len                       0x200000b0   Data           0  symbol_g15.obj ABSOLUTE
    g_hci_ch_type                            0x200000b2   Data           0  symbol_g15.obj ABSOLUTE
    g_uart_bps                               0x200000b4   Data           0  symbol_g15.obj ABSOLUTE
    g_uart_irq_wakeup_time                   0x200000b8   Data           0  symbol_g15.obj ABSOLUTE
    g_spi_data_ready_2_irq_rise              0x200000bc   Data           0  symbol_g15.obj ABSOLUTE
    g_lpclk_drift                            0x200000c0   Data           0  symbol_g15.obj ABSOLUTE
    g_rc32k_trim                             0x200000c4   Data           0  symbol_g15.obj ABSOLUTE
    g_sch_prog_fifo_iar_branch               0x200000c6   Data           0  symbol_g15.obj ABSOLUTE
    g_sch_arb_insert_branch                  0x200000c7   Data           0  symbol_g15.obj ABSOLUTE
    g_le_coded_phy_500                       0x200000c8   Data           0  symbol_g15.obj ABSOLUTE
    g_app_init_branch                        0x200000c9   Data           0  symbol_g15.obj ABSOLUTE
    g_adv_intv                               0x200000ca   Data           0  symbol_g15.obj ABSOLUTE
    g_twrm                                   0x200000d2   Data           0  symbol_g15.obj ABSOLUTE
    g_twosc                                  0x200000d4   Data           0  symbol_g15.obj ABSOLUTE
    g_twext                                  0x200000d6   Data           0  symbol_g15.obj ABSOLUTE
    rwip_prog_delay                          0x200000d8   Data           0  symbol_g15.obj ABSOLUTE
    g_ramcode_work_flag                      0x200000d9   Data           0  symbol_g15.obj ABSOLUTE
    prf_add_profile_ptr                      0x200000dc   Data           0  symbol_g15.obj ABSOLUTE
    prf_get_task_from_id_ptr                 0x200000e0   Data           0  symbol_g15.obj ABSOLUTE
    prf_get_id_from_task_ptr                 0x200000e4   Data           0  symbol_g15.obj ABSOLUTE
    g_co_default_bdaddr                      0x200000fc   Data           0  symbol_g15.obj ABSOLUTE
    BLE_NORMAL_WIN_SIZE                      0x20000102   Data           0  symbol_g15.obj ABSOLUTE
    BLE_RX_DESC_NB                           0x20000103   Data           0  symbol_g15.obj ABSOLUTE
    RWIP_MINIMUM_SLEEP_TIME                  0x20000104   Data           0  symbol_g15.obj ABSOLUTE
    SCH_SCAN_EVT_DUR_DFT                     0x20000106   Data           0  symbol_g15.obj ABSOLUTE
    llm_local_le_feats                       0x20000108   Data           0  symbol_g15.obj ABSOLUTE
    g_attr_table                             0x20000110   Data           0  symbol_g15.obj ABSOLUTE
    ATTR_TABLE_LENGTH                        0x20000114   Data           0  symbol_g15.obj ABSOLUTE
    g_rwip_heap_env                          0x20000118   Data           0  symbol_g15.obj ABSOLUTE
    g_rwip_heap_env_size                     0x2000011c   Data           0  symbol_g15.obj ABSOLUTE
    g_rwip_heap_db                           0x20000120   Data           0  symbol_g15.obj ABSOLUTE
    g_rwip_heap_db_size                      0x20000124   Data           0  symbol_g15.obj ABSOLUTE
    g_rwip_heap_non_ret                      0x20000128   Data           0  symbol_g15.obj ABSOLUTE
    g_rwip_heap_non_ret_size                 0x2000012c   Data           0  symbol_g15.obj ABSOLUTE
    g_rwip_heap_msg                          0x20000130   Data           0  symbol_g15.obj ABSOLUTE
    g_rwip_heap_msg_size                     0x20000134   Data           0  symbol_g15.obj ABSOLUTE
    utils_recv_buf_ptr                       0x20000138   Data           0  symbol_g15.obj ABSOLUTE
    utils_max_buf_len                        0x2000013c   Data           0  symbol_g15.obj ABSOLUTE
    g_soft_flow_tx_buf                       0x20000140   Data           0  symbol_g15.obj ABSOLUTE
    g_soft_flow_tx_len                       0x20000144   Data           0  symbol_g15.obj ABSOLUTE
    g_app_tx_buf_ptr                         0x20000148   Data           0  symbol_g15.obj ABSOLUTE
    g_app_tx_buf_len                         0x2000014c   Data           0  symbol_g15.obj ABSOLUTE
    g_app_bone_table_ptr                     0x20000150   Data           0  symbol_g15.obj ABSOLUTE
    g_app_bone_table_size                    0x20000154   Data           0  symbol_g15.obj ABSOLUTE
    g_soft_flow_tx_callback                  0x2000015c   Data           0  symbol_g15.obj ABSOLUTE
    utils_recv_len                           0x20000160   Data           0  symbol_g15.obj ABSOLUTE
    g_recv_len                               0x20000162   Data           0  symbol_g15.obj ABSOLUTE
    s_dma_spis_set_rx_len                    0x2000018c   Data           0  symbol_g15.obj ABSOLUTE
    s_dma_spis_set_tx_len                    0x2000018e   Data           0  symbol_g15.obj ABSOLUTE
    s_dma_lpuart_set_len                     0x20000190   Data           0  symbol_g15.obj ABSOLUTE
    TASK_DESC_APP_SEC                        0x20000194   Data           0  symbol_g15.obj ABSOLUTE
    g_version                                0x200001a1   Data           0  symbol_g15.obj ABSOLUTE
    ota_test_mode                            0x200001a8   Data           0  symbol_g15.obj ABSOLUTE
    ota_send_num_idx                         0x200001ac   Data           0  symbol_g15.obj ABSOLUTE
    gattc_state                              0x200001b0   Data           0  symbol_g15.obj ABSOLUTE
    gattm_state                              0x200001b4   Data           0  symbol_g15.obj ABSOLUTE
    gapc_state                               0x200001b5   Data           0  symbol_g15.obj ABSOLUTE
    gapm_state                               0x200001b9   Data           0  symbol_g15.obj ABSOLUTE
    l2cc_state                               0x200001ba   Data           0  symbol_g15.obj ABSOLUTE
    ahi_state                                0x200001be   Data           0  symbol_g15.obj ABSOLUTE
    __stdout                                 0x200001c4   Data           0  symbol_g15.obj ABSOLUTE
    ke_env                                   0x200001c8   Data           0  symbol_g15.obj ABSOLUTE
    rwip_rf                                  0x20000274   Data           0  symbol_g15.obj ABSOLUTE
    rwip_env                                 0x200002a8   Data           0  symbol_g15.obj ABSOLUTE
    aes_env                                  0x200002c8   Data           0  symbol_g15.obj ABSOLUTE
    llc_env                                  0x200002fc   Data           0  symbol_g15.obj ABSOLUTE
    lld_env                                  0x2000030c   Data           0  symbol_g15.obj ABSOLUTE
    lld_sync_env                             0x20000430   Data           0  symbol_g15.obj ABSOLUTE
    llm_env                                  0x20000440   Data           0  symbol_g15.obj ABSOLUTE
    hci_env                                  0x20000978   Data           0  symbol_g15.obj ABSOLUTE
    hci_tl_acl_env                           0x200009b4   Data           0  symbol_g15.obj ABSOLUTE
    utils_env                                0x20000a3c   Data           0  symbol_g15.obj ABSOLUTE
    user_prf_env                             0x20000b30   Data           0  symbol_g15.obj ABSOLUTE
    gattc_env                                0x20000b58   Data           0  symbol_g15.obj ABSOLUTE
    gattm_env                                0x20000b68   Data           0  symbol_g15.obj ABSOLUTE
    gapc_env                                 0x20000ba0   Data           0  symbol_g15.obj ABSOLUTE
    gapm_env                                 0x20000bb0   Data           0  symbol_g15.obj ABSOLUTE
    l2cc_env                                 0x20000c00   Data           0  symbol_g15.obj ABSOLUTE
    l2cm_env                                 0x20000c10   Data           0  symbol_g15.obj ABSOLUTE
    ahi_env                                  0x20000ce4   Data           0  symbol_g15.obj ABSOLUTE
    SystemCoreClock                          0x20004000   Data           4  system_n32wb03x.o(.data)
    CMD_FLASH_SE                             0x20004004   Data           4  n32wb03x_qflash.o(.data)
    CMD_FLASH_WRITE                          0x20004008   Data           4  n32wb03x_qflash.o(.data)
    CMD_FLASH_READ                           0x2000400c   Data           4  n32wb03x_qflash.o(.data)
    g_rf_tx_power                            0x20004010   Data           1  rwip_driver.o(.data)
    ns_sleep_lock                            0x20004028   Data           4  ns_sleep.o(.data)
    p_prevent_sleep                          0x2000402c   Data           4  ns_sleep.o(.data)
    user_HardFault_Handler                   0x20004040   Data           4  ns_ble.o(.data)
    user_EXTI4_12_IRQHandler                 0x20004044   Data           4  ns_ble.o(.data)
    app_state                                0x20004736   Data           1  ns_ble_task.o(.data)
    notify_en                                0x20004737   Data           1  app_rdtss.o(.data)
    usart_sending                            0x20004738   Data           1  bsp_usart.o(.data)
    ble_sending                              0x20004739   Data           1  bsp_usart.o(.data)
    fg_rx_end                                0x2000473a   Data           1  bsp_usart.o(.data)
    rx_old_pos                               0x2000473c   Data           2  bsp_usart.o(.data)
    ble_att_mtu                              0x2000473e   Data           2  bsp_usart.o(.data)
    usart_rx_fifo_in                         0x20004740   Data           4  bsp_usart.o(.data)
    usart_rx_fifo_out                        0x20004744   Data           4  bsp_usart.o(.data)
    usart_tx_fifo_in                         0x20004748   Data           4  bsp_usart.o(.data)
    usart_tx_fifo_out                        0x2000474c   Data           4  bsp_usart.o(.data)
    data_count                               0x20004752   Data           2  bsp_frame.o(.data)
    rx_fifo_start                            0x20004756   Data           2  bsp_frame.o(.data)
    rx_fifo_end                              0x20004758   Data           2  bsp_frame.o(.data)
    timer_state                              0x2000475c   Data           1  bsp_timer.o(.data)
    time_sec                                 0x20004760   Data           4  bsp_timer.o(.data)
    Tick_num                                 0x20004764   Data           4  bsp_timer.o(.data)
    __microlib_freelist                      0x20004778   Data           4  mvars.o(.data)
    __microlib_freelist_initialised          0x2000477c   Data           4  mvars.o(.data)
    trim_stored                              0x20004780   Data          52  system_n32wb03x.o(.bss)
    prf_env                                  0x20004adc   Data         200  prf.o(.bss)
    get_itf                                  0x20004ba4   Data          84  prf.o(.bss)
    app_sec_bond_data                        0x20004c48   Data          58  ns_sec.o(.bss)
    app_sec_env                              0x20004c84   Data          32  ns_sec.o(.bss)
    add_prf_evn                              0x20004ca4   Data          44  ns_ble.o(.bss)
    ble_prf_evn                              0x20004cd0   Data          84  ns_ble.o(.bss)
    app_env                                  0x20004d24   Data         132  ns_ble.o(.bss)
    gap_env                                  0x20004da8   Data          42  ns_ble.o(.bss)
    adv_env                                  0x20004dd4   Data          96  ns_ble.o(.bss)
    scan_env                                 0x20004e34   Data          32  ns_ble.o(.bss)
    USART_rx_dma_buf                         0x20004e54   Data         256  bsp_usart.o(.bss)
    usart_rx_fifo_buf                        0x20004f54   Data        1000  bsp_usart.o(.bss)
    usart_tx_fifo_buf                        0x2000533c   Data        1000  bsp_usart.o(.bss)
    rx_fifo_buf                              0x20005724   Data        1000  bsp_frame.o(.bss)
    __heap_base                              0x20005b18   Data           0  startup_n32wb03x.o(HEAP)
    __heap_limit                             0x20005d18   Data           0  startup_n32wb03x.o(HEAP)
    __initial_sp                             0x20006518   Data           0  startup_n32wb03x.o(STACK)



==============================================================================

Memory Map of the image

  Image Entry point : 0x010000c1

  Load Region LR_IROM1 (Base: 0x01000000, Size: 0x00007038, Max: 0x00040000, ABSOLUTE, COMPRESSED[0x00006eb8])

    Execution Region ER_IROM1 (Exec base: 0x01000000, Load base: 0x01000000, Size: 0x000068b8, Max: 0x00040000, ABSOLUTE)

    Exec Addr    Load Addr    Size         Type   Attr      Idx    E Section Name        Object

    0x01000000   0x01000000   0x000000c0   Data   RO            3    RESET               startup_n32wb03x.o
    0x010000c0   0x010000c0   0x00000000   Code   RO         4712  * .ARM.Collect$$$$00000000  mc_p.l(entry.o)
    0x010000c0   0x010000c0   0x00000004   Code   RO         5049    .ARM.Collect$$$$00000001  mc_p.l(entry2.o)
    0x010000c4   0x010000c4   0x00000004   Code   RO         5052    .ARM.Collect$$$$00000004  mc_p.l(entry5.o)
    0x010000c8   0x010000c8   0x00000000   Code   RO         5054    .ARM.Collect$$$$00000008  mc_p.l(entry7b.o)
    0x010000c8   0x010000c8   0x00000000   Code   RO         5056    .ARM.Collect$$$$0000000A  mc_p.l(entry8b.o)
    0x010000c8   0x010000c8   0x00000008   Code   RO         5057    .ARM.Collect$$$$0000000B  mc_p.l(entry9a.o)
    0x010000d0   0x010000d0   0x00000000   Code   RO         5059    .ARM.Collect$$$$0000000D  mc_p.l(entry10a.o)
    0x010000d0   0x010000d0   0x00000000   Code   RO         5061    .ARM.Collect$$$$0000000F  mc_p.l(entry11a.o)
    0x010000d0   0x010000d0   0x00000004   Code   RO         5050    .ARM.Collect$$$$00002712  mc_p.l(entry2.o)
    0x010000d4   0x010000d4   0x0000000e   Code   RO           10    .emb_text           system_n32wb03x.o
    0x010000e2   0x010000e2   0x00000002   PAD
    0x010000e4   0x010000e4   0x0000001c   Code   RO            4    .text               startup_n32wb03x.o
    0x01000100   0x01000100   0x0000002c   Code   RO         4715    .text               mc_p.l(uidiv.o)
    0x0100012c   0x0100012c   0x00000060   Code   RO         4719    .text               mc_p.l(uldiv.o)
    0x0100018c   0x0100018c   0x00000024   Code   RO         4721    .text               mc_p.l(rand.o)
    0x010001b0   0x010001b0   0x00000024   Code   RO         4724    .text               mc_p.l(memcpya.o)
    0x010001d4   0x010001d4   0x00000024   Code   RO         4726    .text               mc_p.l(memseta.o)
    0x010001f8   0x010001f8   0x0000001a   Code   RO         4728    .text               mc_p.l(memcmp.o)
    0x01000212   0x01000212   0x00000002   PAD
    0x01000214   0x01000214   0x000000d0   Code   RO         5029    .text               mf_p.l(dmul.o)
    0x010002e4   0x010002e4   0x000000f0   Code   RO         5031    .text               mf_p.l(ddiv.o)
    0x010003d4   0x010003d4   0x0000001c   Code   RO         5037    .text               mf_p.l(dfltui.o)
    0x010003f0   0x010003f0   0x0000001c   Code   RO         5039    .text               mf_p.l(dfltul.o)
    0x0100040c   0x0100040c   0x00000040   Code   RO         5043    .text               mf_p.l(dfixul.o)
    0x0100044c   0x0100044c   0x00000020   Code   RO         5063    .text               mc_p.l(llshl.o)
    0x0100046c   0x0100046c   0x00000022   Code   RO         5065    .text               mc_p.l(llushr.o)
    0x0100048e   0x0100048e   0x00000000   Code   RO         5071    .text               mc_p.l(iusefp.o)
    0x0100048e   0x0100048e   0x000000be   Code   RO         5074    .text               mf_p.l(depilogue.o)
    0x0100054c   0x0100054c   0x00000024   Code   RO         5080    .text               mc_p.l(init.o)
    0x01000570   0x01000570   0x00000060   Code   RO         5084    .text               mc_p.l(__dclz77c.o)
    0x010005d0   0x010005d0   0x0000000c   Ven    RO         5086    Veneer$$Code        anon$$obj.o
    0x010005dc   0x010005dc   0x0000000c   Ven    RO         5087    Veneer$$Code        anon$$obj.o
    0x010005e8   0x010005e8   0x0000000c   Ven    RO         5088    Veneer$$Code        anon$$obj.o
    0x010005f4   0x010005f4   0x0000000c   Ven    RO         5089    Veneer$$Code        anon$$obj.o
    0x01000600   0x01000600   0x0000000c   Ven    RO         5090    Veneer$$Code        anon$$obj.o
    0x0100060c   0x0100060c   0x0000000c   Ven    RO         5091    Veneer$$Code        anon$$obj.o
    0x01000618   0x01000618   0x0000000c   Ven    RO         5092    Veneer$$Code        anon$$obj.o
    0x01000624   0x01000624   0x0000000c   Ven    RO         5093    Veneer$$Code        anon$$obj.o
    0x01000630   0x01000630   0x0000000c   Ven    RO         5094    Veneer$$Code        anon$$obj.o
    0x0100063c   0x0100063c   0x0000000c   Ven    RO         5095    Veneer$$Code        anon$$obj.o
    0x01000648   0x01000648   0x00000054   Code   RO         4421    i.BuzzerInit        bsp_buzzer.o
    0x0100069c   0x0100069c   0x00000008   Code   RO         4422    i.BuzzerOff         bsp_buzzer.o
    0x010006a4   0x010006a4   0x00000008   Code   RO         4423    i.BuzzerOn          bsp_buzzer.o
    0x010006ac   0x010006ac   0x00000020   Code   RO          375    i.CRC16_CalcBufCrc  n32wb03x_crc.o
    0x010006cc   0x010006cc   0x00000068   Code   RO         4318    i.DMA_Channel1_2_3_4_IRQHandler  bsp_usart.o
    0x01000734   0x01000734   0x00000004   Code   RO          487    i.DMA_ClearFlag     n32wb03x_dma.o
    0x01000738   0x01000738   0x00000018   Code   RO          491    i.DMA_EnableChannel  n32wb03x_dma.o
    0x01000750   0x01000750   0x00000006   Code   RO          492    i.DMA_GetCurrDataCounter  n32wb03x_dma.o
    0x01000756   0x01000756   0x0000000e   Code   RO          493    i.DMA_GetFlagStatus  n32wb03x_dma.o
    0x01000764   0x01000764   0x00000040   Code   RO          495    i.DMA_Init          n32wb03x_dma.o
    0x010007a4   0x010007a4   0x0000000c   Code   RO          569    i.EXTI_ClrITPendBit  n32wb03x_exti.o
    0x010007b0   0x010007b0   0x0000001c   Code   RO          572    i.EXTI_GetITStatus  n32wb03x_exti.o
    0x010007cc   0x010007cc   0x00000070   Code   RO          574    i.EXTI_InitPeripheral  n32wb03x_exti.o
    0x0100083c   0x0100083c   0x000000b8   Code   RO          634    i.GPIO_InitPeripheral  n32wb03x_gpio.o
    0x010008f4   0x010008f4   0x0000001c   Code   RO          635    i.GPIO_InitStruct   n32wb03x_gpio.o
    0x01000910   0x01000910   0x00000004   Code   RO          640    i.GPIO_ResetBits    n32wb03x_gpio.o
    0x01000914   0x01000914   0x00000004   Code   RO          641    i.GPIO_SetBits      n32wb03x_gpio.o
    0x01000918   0x01000918   0x00000008   Code   RO          642    i.GPIO_TogglePin    n32wb03x_gpio.o
    0x01000920   0x01000920   0x00000004   Code   RO         1836    i.LPUART_ClrFlag    n32wb03x_lpuart.o
    0x01000924   0x01000924   0x00000020   Code   RO         1842    i.LPUART_DeInit     n32wb03x_lpuart.o
    0x01000944   0x01000944   0x0000000e   Code   RO         1847    i.LPUART_GetFlagStatus  n32wb03x_lpuart.o
    0x01000952   0x01000952   0x00000002   PAD
    0x01000954   0x01000954   0x000000d0   Code   RO         1849    i.LPUART_Init       n32wb03x_lpuart.o
    0x01000a24   0x01000a24   0x00000004   Code   RO         1851    i.LPUART_SendData   n32wb03x_lpuart.o
    0x01000a28   0x01000a28   0x00000008   Code   RO         4477    i.LedBlink          bsp_led.o
    0x01000a30   0x01000a30   0x00000054   Code   RO         4478    i.LedInitSingle     bsp_led.o
    0x01000a84   0x01000a84   0x00000008   Code   RO         4479    i.LedOff            bsp_led.o
    0x01000a8c   0x01000a8c   0x00000008   Code   RO         4480    i.LedOn             bsp_led.o
    0x01000a94   0x01000a94   0x00000028   Code   RO         4481    i.Led_Init          bsp_led.o
    0x01000abc   0x01000abc   0x000000cc   Code   RO           11    i.OTPTrim_Read      system_n32wb03x.o
    0x01000b88   0x01000b88   0x00000024   Code   RO         1947    i.Qflash_Erase_Sector  n32wb03x_qflash.o
    0x01000bac   0x01000bac   0x00000038   Code   RO         1948    i.Qflash_Init       n32wb03x_qflash.o
    0x01000be4   0x01000be4   0x00000024   Code   RO         1950    i.Qflash_Write      n32wb03x_qflash.o
    0x01000c08   0x01000c08   0x0000001c   Code   RO          754    i.RCC_ConfigLpuartClk  n32wb03x_rcc.o
    0x01000c24   0x01000c24   0x00000018   Code   RO          762    i.RCC_EnableAHBPeriphClk  n32wb03x_rcc.o
    0x01000c3c   0x01000c3c   0x00000018   Code   RO          766    i.RCC_EnableAPB2PeriphClk  n32wb03x_rcc.o
    0x01000c54   0x01000c54   0x00000018   Code   RO          769    i.RCC_EnableLpuartClk  n32wb03x_rcc.o
    0x01000c6c   0x01000c6c   0x00000074   Code   RO          774    i.RCC_GetClocksFreqValue  n32wb03x_rcc.o
    0x01000ce0   0x01000ce0   0x00000014   Code   RO          777    i.RCC_GetLpuartClkSrc  n32wb03x_rcc.o
    0x01000cf4   0x01000cf4   0x00000054   Code   RO         4517    i.RelayInit         bsp_relay.o
    0x01000d48   0x01000d48   0x00000008   Code   RO         4518    i.RelayOff          bsp_relay.o
    0x01000d50   0x01000d50   0x00000008   Code   RO         4519    i.RelayOn           bsp_relay.o
    0x01000d58   0x01000d58   0x00000010   Code   RO         4652    i.SysTick_Handler   bsp_timer.o
    0x01000d68   0x01000d68   0x00000010   Code   RO           12    i.SystemCoreClockUpdate  system_n32wb03x.o
    0x01000d78   0x01000d78   0x00000034   Code   RO           13    i.SystemGetMacAddr  system_n32wb03x.o
    0x01000dac   0x01000dac   0x00000180   Code   RO           15    i.SystemInit        system_n32wb03x.o
    0x01000f2c   0x01000f2c   0x00000068   Code   RO         4545    i.TM1650_DisplayInt  bsp_tm1650.o
    0x01000f94   0x01000f94   0x00000050   Code   RO         4546    i.TM1650_DisplayTime  bsp_tm1650.o
    0x01000fe4   0x01000fe4   0x00000048   Code   RO         4547    i.TM1650_Init       bsp_tm1650.o
    0x0100102c   0x0100102c   0x00000090   Code   RO         4548    i.TM1650_SetDisplay  bsp_tm1650.o
    0x010010bc   0x010010bc   0x00000084   Code   RO         4549    i.TM1650_WriteByte  bsp_tm1650.o
    0x01001140   0x01001140   0x00000088   Code   RO         4550    i.TM1650_WriteData  bsp_tm1650.o
    0x010011c8   0x010011c8   0x0000001c   Code   RO         4323    i.USART1_IRQHandler  bsp_usart.o
    0x010011e4   0x010011e4   0x0000000e   Code   RO         1532    i.USART_GetFlagStatus  n32wb03x_usart.o
    0x010011f2   0x010011f2   0x00000002   PAD
    0x010011f4   0x010011f4   0x00000020   Code   RO         4939    i.__0printf$8       mc_p.l(printf8.o)
    0x01001214   0x01001214   0x0000002e   Code   RO         5076    i.__ARM_clz         mf_p.l(depilogue.o)
    0x01001242   0x01001242   0x00000002   PAD
    0x01001244   0x01001244   0x00000428   Code   RO         4946    i._printf_core      mc_p.l(printf8.o)
    0x0100166c   0x0100166c   0x00000020   Code   RO         4947    i._printf_post_padding  mc_p.l(printf8.o)
    0x0100168c   0x0100168c   0x0000002c   Code   RO         4948    i._printf_pre_padding  mc_p.l(printf8.o)
    0x010016b8   0x010016b8   0x00000074   Code   RO         4200    i.app_ble_adv_init  app_ble.o
    0x0100172c   0x0100172c   0x00000002   Code   RO         4201    i.app_ble_adv_msg_handler  app_ble.o
    0x0100172e   0x0100172e   0x00000002   PAD
    0x01001730   0x01001730   0x00000090   Code   RO         4204    i.app_ble_gap_params_init  app_ble.o
    0x010017c0   0x010017c0   0x0000004c   Code   RO         4205    i.app_ble_init      app_ble.o
    0x0100180c   0x0100180c   0x00000054   Code   RO         4206    i.app_ble_msg_handler  app_ble.o
    0x01001860   0x01001860   0x00000050   Code   RO         4208    i.app_ble_sec_init  app_ble.o
    0x010018b0   0x010018b0   0x00000010   Code   RO         3894    i.app_conn_params_update_evt_handler  ns_ble_task.o
    0x010018c0   0x010018c0   0x000000cc   Code   RO         3495    i.app_create_advertising  ns_ble.o
    0x0100198c   0x0100198c   0x0000005c   Code   RO         4048    i.app_dis_add_dis   app_dis.o
    0x010019e8   0x010019e8   0x00000104   Code   RO         3895    i.app_entry_point_handler  ns_ble_task.o
    0x01001aec   0x01001aec   0x0000001c   Code   RO         3896    i.app_init_timeout_evt_handler  ns_ble_task.o
    0x01001b08   0x01001b08   0x000000ac   Code   RO         3897    i.app_lsi_calib_evt_handler  ns_ble_task.o
    0x01001bb4   0x01001bb4   0x00000068   Code   RO         4103    i.app_rdtss_add_rdts  app_rdtss.o
    0x01001c1c   0x01001c1c   0x00000054   Code   RO         4612    i.app_recv_data_fifo_enter  bsp_frame.o
    0x01001c70   0x01001c70   0x00000004   Code   RO         3254    i.app_sec_msg_dflt_handler  ns_sec.o
    0x01001c74   0x01001c74   0x00000078   Code   RO         3496    i.app_set_adv_data  ns_ble.o
    0x01001cec   0x01001cec   0x000000c4   Code   RO         3497    i.app_set_scan_rsp_data  ns_ble.o
    0x01001db0   0x01001db0   0x00000070   Code   RO         3498    i.app_start_advertising  ns_ble.o
    0x01001e20   0x01001e20   0x000000ac   Code   RO         4326    i.app_usart_rx_data_fifo_enter  bsp_usart.o
    0x01001ecc   0x01001ecc   0x00000044   Code   RO         4328    i.app_usart_tx_process  bsp_usart.o
    0x01001f10   0x01001f10   0x00000014   Code   RO         4209    i.app_user_msg_handler  app_ble.o
    0x01001f24   0x01001f24   0x000000c0   Code   RO         1987    i.attm_att_set_value  lib_att.o
    0x01001fe4   0x01001fe4   0x000001b4   Code   RO         4613    i.ble_rx_msg        bsp_frame.o
    0x01002198   0x01002198   0x0000003c   Code   RO         4614    i.bsp_create_frame  bsp_frame.o
    0x010021d4   0x010021d4   0x00000034   Code   RO         4596    i.bsp_init          bsp_init.o
    0x01002208   0x01002208   0x0000002a   Code   RO         3028    i.check_client_char_cfg  rdts_common.o
    0x01002232   0x01002232   0x0000002a   Code   RO         2666    i.diss_check_val_len  diss.o
    0x0100225c   0x0100225c   0x00000002   Code   RO         2667    i.diss_cleanup      diss.o
    0x0100225e   0x0100225e   0x00000002   Code   RO         2669    i.diss_create       diss.o
    0x01002260   0x01002260   0x0000003e   Code   RO         2670    i.diss_destroy      diss.o
    0x0100229e   0x0100229e   0x00000034   Code   RO         2671    i.diss_handle_to_value  diss.o
    0x010022d2   0x010022d2   0x00000002   PAD
    0x010022d4   0x010022d4   0x000000a0   Code   RO         2672    i.diss_init         diss.o
    0x01002374   0x01002374   0x00000008   Code   RO         2673    i.diss_prf_itf_get  diss.o
    0x0100237c   0x0100237c   0x0000009c   Code   RO         2765    i.diss_set_value_req_handler  diss_task.o
    0x01002418   0x01002418   0x00000020   Code   RO         2766    i.diss_task_init    diss_task.o
    0x01002438   0x01002438   0x0000007c   Code   RO         2767    i.diss_value_cfm_handler  diss_task.o
    0x010024b4   0x010024b4   0x000000c0   Code   RO         4050    i.diss_value_req_ind_handler  app_dis.o
    0x01002574   0x01002574   0x0000003a   Code   RO         2674    i.diss_value_to_handle  diss.o
    0x010025ae   0x010025ae   0x00000002   PAD
    0x010025b0   0x010025b0   0x00000040   Code   RO         3073    i.fputc             ns_log_lpuart.o
    0x010025f0   0x010025f0   0x00000054   Code   RO         4993    i.free              mc_p.l(malloc.o)
    0x01002644   0x01002644   0x000000f0   Code   RO         3255    i.gapc_bond_ind_handler  ns_sec.o
    0x01002734   0x01002734   0x00000208   Code   RO         3256    i.gapc_bond_req_ind_handler  ns_sec.o
    0x0100293c   0x0100293c   0x00000028   Code   RO         3898    i.gapc_cmp_evt_handler  ns_ble_task.o
    0x01002964   0x01002964   0x0000006c   Code   RO         3899    i.gapc_conn_rssi_ind_handler  ns_ble_task.o
    0x010029d0   0x010029d0   0x00000180   Code   RO         3900    i.gapc_connection_req_ind_handler  ns_ble_task.o
    0x01002b50   0x01002b50   0x00000098   Code   RO         3901    i.gapc_disconnect_ind_handler  ns_ble_task.o
    0x01002be8   0x01002be8   0x00000028   Code   RO         3257    i.gapc_encrypt_ind_handler  ns_sec.o
    0x01002c10   0x01002c10   0x00000150   Code   RO         3258    i.gapc_encrypt_req_ind_handler  ns_sec.o
    0x01002d60   0x01002d60   0x00000080   Code   RO         3902    i.gapc_get_dev_info_req_ind_handler  ns_ble_task.o
    0x01002de0   0x01002de0   0x00000030   Code   RO         3903    i.gapc_le_phy_ind_handler  ns_ble_task.o
    0x01002e10   0x01002e10   0x0000001c   Code   RO         3904    i.gapc_le_pkt_size_ind_handler  ns_ble_task.o
    0x01002e2c   0x01002e2c   0x00000064   Code   RO         3905    i.gapc_param_update_req_ind_handler  ns_ble_task.o
    0x01002e90   0x01002e90   0x00000028   Code   RO         3906    i.gapc_param_updated_ind_handler  ns_ble_task.o
    0x01002eb8   0x01002eb8   0x00000040   Code   RO         3907    i.gapc_set_dev_info_req_ind_handler  ns_ble_task.o
    0x01002ef8   0x01002ef8   0x00000034   Code   RO         3908    i.gapm_activity_created_ind_handler  ns_ble_task.o
    0x01002f2c   0x01002f2c   0x00000060   Code   RO         3909    i.gapm_activity_stopped_ind_handler  ns_ble_task.o
    0x01002f8c   0x01002f8c   0x0000002c   Code   RO         3910    i.gapm_addr_solved_ind_handler  ns_ble_task.o
    0x01002fb8   0x01002fb8   0x00000414   Code   RO         3911    i.gapm_cmp_evt_handler  ns_ble_task.o
    0x010033cc   0x010033cc   0x000000ac   Code   RO         3912    i.gapm_ext_adv_repoer_ind_handler  ns_ble_task.o
    0x01003478   0x01003478   0x00000036   Code   RO         3913    i.gapm_gen_rand_nb_ind_handler  ns_ble_task.o
    0x010034ae   0x010034ae   0x0000000c   Code   RO         3914    i.gapm_profile_added_ind_handler  ns_ble_task.o
    0x010034ba   0x010034ba   0x0000000c   Code   RO         3915    i.gapm_scan_request_ind_handler  ns_ble_task.o
    0x010034c6   0x010034c6   0x00000002   PAD
    0x010034c8   0x010034c8   0x00000040   Code   RO         2906    i.gattc_att_info_req_ind_handler  rdtss_task.o
    0x01003508   0x01003508   0x00000070   Code   RO         2907    i.gattc_cmp_evt_handler  rdtss_task.o
    0x01003578   0x01003578   0x00000028   Code   RO         3916    i.gattc_cmp_evt_handler  ns_ble_task.o
    0x010035a0   0x010035a0   0x0000004c   Code   RO         3917    i.gattc_mtu_changed_ind_handler  ns_ble_task.o
    0x010035ec   0x010035ec   0x000000c4   Code   RO         2768    i.gattc_read_req_ind_handler  diss_task.o
    0x010036b0   0x010036b0   0x000000e0   Code   RO         2908    i.gattc_read_req_ind_handler  rdtss_task.o
    0x01003790   0x01003790   0x00000110   Code   RO         2909    i.gattc_write_req_ind_handler  rdtss_task.o
    0x010038a0   0x010038a0   0x0000006c   Code   RO         3029    i.get_cfg_handle    rdts_common.o
    0x0100390c   0x0100390c   0x00000054   Code   RO         3030    i.get_value_handle  rdts_common.o
    0x01003960   0x01003960   0x00000030   Code   RO         2359    i.llhwc_modem_setmode  rwip_driver.o
    0x01003990   0x01003990   0x00000130   Code   RO         2360    i.llhwc_phy_prerx_flash  rwip_driver.o
    0x01003ac0   0x01003ac0   0x00000090   Code   RO         2361    i.llhwc_setmode_reg_config  rwip_driver.o
    0x01003b50   0x01003b50   0x00000030   Code   RO         4292    i.main              main.o
    0x01003b80   0x01003b80   0x0000006c   Code   RO         4994    i.malloc            mc_p.l(malloc.o)
    0x01003bec   0x01003bec   0x00000084   Code   RO         3499    i.ns_EXTI4_12_IRQHandler  ns_ble.o
    0x01003c70   0x01003c70   0x00000140   Code   RO         3500    i.ns_HardFault_Handler  ns_ble.o
    0x01003db0   0x01003db0   0x00000020   Code   RO         3502    i.ns_ble_add_prf_func_register  ns_ble.o
    0x01003dd0   0x01003dd0   0x0000002c   Code   RO         3503    i.ns_ble_add_svc    ns_ble.o
    0x01003dfc   0x01003dfc   0x000000dc   Code   RO         3505    i.ns_ble_adv_fsm_next  ns_ble.o
    0x01003ed8   0x01003ed8   0x00000048   Code   RO         3506    i.ns_ble_adv_init   ns_ble.o
    0x01003f20   0x01003f20   0x00000050   Code   RO         3507    i.ns_ble_adv_start  ns_ble.o
    0x01003f70   0x01003f70   0x0000004c   Code   RO         3508    i.ns_ble_adv_stop   ns_ble.o
    0x01003fbc   0x01003fbc   0x0000003c   Code   RO         3511    i.ns_ble_delete_init  ns_ble.o
    0x01003ff8   0x01003ff8   0x00000038   Code   RO         3512    i.ns_ble_delete_scan  ns_ble.o
    0x01004030   0x01004030   0x0000002c   Code   RO         3513    i.ns_ble_disconnect  ns_ble.o
    0x0100405c   0x0100405c   0x0000006c   Code   RO         3516    i.ns_ble_gap_init   ns_ble.o
    0x010040c8   0x010040c8   0x00000024   Code   RO         3519    i.ns_ble_get_connection_num  ns_ble.o
    0x010040ec   0x010040ec   0x00000050   Code   RO         3522    i.ns_ble_list_set_ral  ns_ble.o
    0x0100413c   0x0100413c   0x00000084   Code   RO         3524    i.ns_ble_lsc_config  ns_ble.o
    0x010041c0   0x010041c0   0x00000028   Code   RO         3528    i.ns_ble_prf_task_register  ns_ble.o
    0x010041e8   0x010041e8   0x00000048   Code   RO         3533    i.ns_ble_scan_data_find  ns_ble.o
    0x01004230   0x01004230   0x00000278   Code   RO         3540    i.ns_ble_stack_init  ns_ble.o
    0x010044a8   0x010044a8   0x00000124   Code   RO         3541    i.ns_ble_start_init  ns_ble.o
    0x010045cc   0x010045cc   0x000000cc   Code   RO         3542    i.ns_ble_start_scan  ns_ble.o
    0x01004698   0x01004698   0x00000038   Code   RO         3543    i.ns_ble_stop_init  ns_ble.o
    0x010046d0   0x010046d0   0x0000003c   Code   RO         3544    i.ns_ble_stop_scan  ns_ble.o
    0x0100470c   0x0100470c   0x0000009c   Code   RO         3545    i.ns_ble_update_param  ns_ble.o
    0x010047a8   0x010047a8   0x0000002c   Code   RO         3259    i.ns_bond_db_get_size  ns_sec.o
    0x010047d4   0x010047d4   0x0000001c   Code   RO         3260    i.ns_bond_db_load   ns_sec.o
    0x010047f0   0x010047f0   0x00000030   Code   RO         3261    i.ns_bond_last_bonded_addr  ns_sec.o
    0x01004820   0x01004820   0x00000030   Code   RO         3262    i.ns_bond_last_bonded_peer_id  ns_sec.o
    0x01004850   0x01004850   0x00000064   Code   RO         3263    i.ns_bond_last_bonded_ral_info  ns_sec.o
    0x010048b4   0x010048b4   0x00000060   Code   RO         3264    i.ns_bond_resolv_addr_start  ns_sec.o
    0x01004914   0x01004914   0x0000007c   Code   RO         3265    i.ns_bond_search_addr_irk  ns_sec.o
    0x01004990   0x01004990   0x00000064   Code   RO         3075    i.ns_log_lpuart_init  ns_log_lpuart.o
    0x010049f4   0x010049f4   0x00000108   Code   RO         3548    i.ns_peripheral_config  ns_ble.o
    0x01004afc   0x01004afc   0x0000017c   Code   RO         3267    i.ns_sec_bond_store_evt_handler  ns_sec.o
    0x01004c78   0x01004c78   0x00000010   Code   RO         3268    i.ns_sec_get_bond_status  ns_sec.o
    0x01004c88   0x01004c88   0x0000000c   Code   RO         3269    i.ns_sec_get_iocap  ns_sec.o
    0x01004c94   0x01004c94   0x00000068   Code   RO         3270    i.ns_sec_init       ns_sec.o
    0x01004cfc   0x01004cfc   0x00000018   Code   RO         3116    i.ns_sleep_lock_acquire  ns_sleep.o
    0x01004d14   0x01004d14   0x00000014   Code   RO         3117    i.ns_sleep_lock_release  ns_sleep.o
    0x01004d28   0x01004d28   0x000000c8   Code   RO         3192    i.ns_timer_api_process_handler  ns_timer.o
    0x01004df0   0x01004df0   0x00000044   Code   RO         3549    i.patchx_enable     ns_ble.o
    0x01004e34   0x01004e34   0x00000088   Code   RO         2540    i.prf_add_profile   prf.o
    0x01004ebc   0x01004ebc   0x00000010   Code   RO         2543    i.prf_dst_task_get  prf.o
    0x01004ecc   0x01004ecc   0x00000030   Code   RO         2544    i.prf_env_get       prf.o
    0x01004efc   0x01004efc   0x00000038   Code   RO         2545    i.prf_get_id_from_task  prf.o
    0x01004f34   0x01004f34   0x00000028   Code   RO         2546    i.prf_get_itf_func_register  prf.o
    0x01004f5c   0x01004f5c   0x00000038   Code   RO         2547    i.prf_get_task_from_id  prf.o
    0x01004f94   0x01004f94   0x000000b4   Code   RO         2548    i.prf_init          prf.o
    0x01005048   0x01005048   0x00000030   Code   RO         2549    i.prf_itf_get       prf.o
    0x01005078   0x01005078   0x0000003a   Code   RO         2910    i.rdtss_att_get_value  rdtss_task.o
    0x010050b2   0x010050b2   0x00000002   PAD
    0x010050b4   0x010050b4   0x00000040   Code   RO         2911    i.rdtss_att_info_rsp_handler  rdtss_task.o
    0x010050f4   0x010050f4   0x00000068   Code   RO         2912    i.rdtss_att_set_value  rdtss_task.o
    0x0100515c   0x0100515c   0x0000004c   Code   RO         2855    i.rdtss_cleanup     rdtss.o
    0x010051a8   0x010051a8   0x0000004c   Code   RO         2856    i.rdtss_create      rdtss.o
    0x010051f4   0x010051f4   0x00000042   Code   RO         2857    i.rdtss_destroy     rdtss.o
    0x01005236   0x01005236   0x0000001c   Code   RO         3031    i.rdtss_get_att_handle  rdts_common.o
    0x01005252   0x01005252   0x00000028   Code   RO         3032    i.rdtss_get_att_idx  rdts_common.o
    0x0100527a   0x0100527a   0x00000098   Code   RO         2858    i.rdtss_init        rdtss.o
    0x01005312   0x01005312   0x00000002   PAD
    0x01005314   0x01005314   0x000000a4   Code   RO         2913    i.rdtss_init_ccc_values  rdtss_task.o
    0x010053b8   0x010053b8   0x00000008   Code   RO         2859    i.rdtss_prf_itf_get  rdtss.o
    0x010053c0   0x010053c0   0x00000078   Code   RO         4105    i.rdtss_send_notify  app_rdtss.o
    0x01005438   0x01005438   0x00000034   Code   RO         2914    i.rdtss_set_ccc_value  rdtss_task.o
    0x0100546c   0x0100546c   0x00000020   Code   RO         2915    i.rdtss_task_init   rdtss_task.o
    0x0100548c   0x0100548c   0x000000b0   Code   RO         2916    i.rdtss_val_ind_req_handler  rdtss_task.o
    0x0100553c   0x0100553c   0x00000004   Code   RO         4106    i.rdtss_val_ntf_cfm_handler  app_rdtss.o
    0x01005540   0x01005540   0x000000c4   Code   RO         2917    i.rdtss_val_ntf_req_handler  rdtss_task.o
    0x01005604   0x01005604   0x00000020   Code   RO         2918    i.rdtss_val_set_req_handler  rdtss_task.o
    0x01005624   0x01005624   0x00000044   Code   RO         4107    i.rdtss_val_write_ind_handler  app_rdtss.o
    0x01005668   0x01005668   0x00000044   Code   RO         4108    i.rdtss_value_req_ind_handler  app_rdtss.o
    0x010056ac   0x010056ac   0x00000080   Code   RO         2919    i.rdtss_value_req_rsp_handler  rdtss_task.o
    0x0100572c   0x0100572c   0x0000010c   Code   RO         4615    i.resolve_frame     bsp_frame.o
    0x01005838   0x01005838   0x00000118   Code   RO         2108    i.rwip_init         rwip.o
    0x01005950   0x01005950   0x000000f8   Code   RO         2368    i.rwip_slp_isr      rwip_driver.o
    0x01005a48   0x01005a48   0x00000002   Code   RO         3197    i.timer_canceled_handler  ns_timer.o
    0x01005a4a   0x01005a4a   0x00000002   PAD
    0x01005a4c   0x01005a4c   0x00000060   Code   RO         4653    i.timer_init        bsp_timer.o
    0x01005aac   0x01005aac   0x00000002   Code   RO         3198    i.timer_modified_handler  ns_timer.o
    0x01005aae   0x01005aae   0x00000002   PAD
    0x01005ab0   0x01005ab0   0x000000ec   Code   RO         4654    i.timer_run         bsp_timer.o
    0x01005b9c   0x01005b9c   0x00000054   Code   RO         4330    i.usart_rx_check_in_irq  bsp_usart.o
    0x01005bf0   0x01005bf0   0x0000005c   Code   RO         4332    i.usart_tx_dma_send  bsp_usart.o
    0x01005c4c   0x01005c4c   0x000001d8   Data   RO           20    .constdata          system_n32wb03x.o
    0x01005e24   0x01005e24   0x0000000c   Data   RO          782    .constdata          n32wb03x_rcc.o
    0x01005e30   0x01005e30   0x00000324   Data   RO         1952    .constdata          n32wb03x_qflash.o
    0x01006154   0x01006154   0x0000001e   Data   RO         2369    .constdata          rwip_driver.o
    0x01006172   0x01006172   0x00000002   PAD
    0x01006174   0x01006174   0x000000a8   Data   RO         2675    .constdata          diss.o
    0x0100621c   0x0100621c   0x00000018   Data   RO         2769    .constdata          diss_task.o
    0x01006234   0x01006234   0x00000010   Data   RO         2860    .constdata          rdtss.o
    0x01006244   0x01006244   0x00000048   Data   RO         2920    .constdata          rdtss_task.o
    0x0100628c   0x0100628c   0x00000028   Data   RO         3276    .constdata          ns_sec.o
    0x010062b4   0x010062b4   0x00000008   Data   RO         3277    .constdata          ns_sec.o
    0x010062bc   0x010062bc   0x00000349   Data   RO         3551    .constdata          ns_ble.o
    0x01006605   0x01006605   0x00000001   PAD
    0x01006606   0x01006606   0x000000cd   Data   RO         3918    .constdata          ns_ble_task.o
    0x010066d3   0x010066d3   0x00000001   PAD
    0x010066d4   0x010066d4   0x000000c8   Data   RO         3919    .constdata          ns_ble_task.o
    0x0100679c   0x0100679c   0x0000000c   Data   RO         3920    .constdata          ns_ble_task.o
    0x010067a8   0x010067a8   0x00000008   Data   RO         4051    .constdata          app_dis.o
    0x010067b0   0x010067b0   0x00000008   Data   RO         4052    .constdata          app_dis.o
    0x010067b8   0x010067b8   0x000000b2   Data   RO         4109    .constdata          app_rdtss.o
    0x0100686a   0x0100686a   0x00000002   PAD
    0x0100686c   0x0100686c   0x00000018   Data   RO         4110    .constdata          app_rdtss.o
    0x01006884   0x01006884   0x00000011   Data   RO         4551    .constdata          bsp_tm1650.o
    0x01006895   0x01006895   0x00000003   PAD
    0x01006898   0x01006898   0x00000020   Data   RO         5082    Region$$Table       anon$$obj.o


    Execution Region RW_IRAM1 (Exec base: 0x20004000, Load base: 0x010068b8, Size: 0x00002518, Max: 0x00008000, ABSOLUTE, COMPRESSED[0x00000600])

    Exec Addr    Load Addr    Size         Type   Attr      Idx    E Section Name        Object

    0x20004000   COMPRESSED   0x00000004   Data   RW           21    .data               system_n32wb03x.o
    0x20004004   COMPRESSED   0x0000000c   Data   RW         1953    .data               n32wb03x_qflash.o
    0x20004010   COMPRESSED   0x00000014   Data   RW         2370    .data               rwip_driver.o
    0x20004024   COMPRESSED   0x00000001   Data   RW         3076    .data               ns_log_lpuart.o
    0x20004025   COMPRESSED   0x00000003   PAD
    0x20004028   COMPRESSED   0x00000008   Data   RW         3118    .data               ns_sleep.o
    0x20004030   COMPRESSED   0x00000010   PAD
    0x20004040   COMPRESSED   0x000006f4   Data   RW         3552    .data               ns_ble.o
    0x20004734   COMPRESSED   0x00000002   Data   RW         3921    .data               ns_ble_task.o
    0x20004736   COMPRESSED   0x00000001   Data   RW         3922    .data               ns_ble_task.o
    0x20004737   COMPRESSED   0x00000001   Data   RW         4111    .data               app_rdtss.o
    0x20004738   COMPRESSED   0x00000018   Data   RW         4334    .data               bsp_usart.o
    0x20004750   COMPRESSED   0x0000000a   Data   RW         4617    .data               bsp_frame.o
    0x2000475a   COMPRESSED   0x00000002   PAD
    0x2000475c   COMPRESSED   0x00000018   Data   RW         4655    .data               bsp_timer.o
    0x20004774   COMPRESSED   0x00000004   Data   RW         4722    .data               mc_p.l(rand.o)
    0x20004778   COMPRESSED   0x00000004   Data   RW         5069    .data               mc_p.l(mvars.o)
    0x2000477c   COMPRESSED   0x00000004   Data   RW         5070    .data               mc_p.l(mvars.o)
    0x20004780        -       0x00000034   Zero   RW           19    .bss                system_n32wb03x.o
    0x200047b4        -       0x00000328   Zero   RW         1951    .bss                n32wb03x_qflash.o
    0x20004adc        -       0x0000011c   Zero   RW         2551    .bss                prf.o
    0x20004bf8        -       0x00000050   Zero   RW         3199    .bss                ns_timer.o
    0x20004c48        -       0x0000005c   Zero   RW         3275    .bss                ns_sec.o
    0x20004ca4        -       0x000001b0   Zero   RW         3550    .bss                ns_ble.o
    0x20004e54        -       0x000008d0   Zero   RW         4333    .bss                bsp_usart.o
    0x20005724        -       0x000003f4   Zero   RW         4616    .bss                bsp_frame.o
    0x20005b18        -       0x00000200   Zero   RW            2    HEAP                startup_n32wb03x.o
    0x20005d18        -       0x00000800   Zero   RW            1    STACK               startup_n32wb03x.o


==============================================================================

Image component sizes


      Code (inc. data)   RO Data    RW Data    ZI Data      Debug   Object Name

       522        114          0          0          0       5925   app_ble.o
       284        102         16          0          0       8268   app_dis.o
       364         76        202          1          0      11653   app_rdtss.o
       100         12          0          0          0       1804   bsp_buzzer.o
       848        130          0         10       1012       4243   bsp_frame.o
        52         10          0          0          0        411   bsp_init.o
       148         22          0          0          0       2679   bsp_led.o
       100         12          0          0          0       1793   bsp_relay.o
       348         46          0         24          0       7899   bsp_timer.o
       668         30         17          0          0       4536   bsp_tm1650.o
       548         84          0         24       2256       5492   bsp_usart.o
       386         12        168          0          0      16774   diss.o
       508         20         24          0          0      18310   diss_task.o
       192         20          0          0          0      30354   lib_att.o
        48         16          0          0          0        411   main.o
        32          4          0          0          0       1067   n32wb03x_crc.o
       112         10          0          0          0       3888   n32wb03x_dma.o
       152         14          0          0          0       2317   n32wb03x_exti.o
       228          6          0          0          0       3697   n32wb03x_gpio.o
       262         24          0          0          0       4596   n32wb03x_lpuart.o
       128         38        804         12        808       3366   n32wb03x_qflash.o
       236         56         12          0          0       4314   n32wb03x_rcc.o
        14          0          0          0          0       2038   n32wb03x_usart.o
      3968        936        841       1780        432      87596   ns_ble.o
      3170        452        417          3          0      28317   ns_ble_task.o
       164         18          0          1          0       2304   ns_log_lpuart.o
      2140        274         48          0         92     103505   ns_sec.o
        44          8          0          8          0       2089   ns_sleep.o
       204         34          0          0         80       5901   ns_timer.o
       580         40          0          0        284       8434   prf.o
       302         16          0          0          0       6151   rdts_common.o
       378         16         16          0          0       6024   rdtss.o
      1678         72         72          0          0      30161   rdtss_task.o
       280         82          0          0          0      81858   rwip.o
       744        242         30         20          0      63729   rwip_driver.o
        28          8        192          0       2560        668   startup_n32wb03x.o
       670         72        472          4         52     131047   system_n32wb03x.o

    ----------------------------------------------------------------------
     20772       3168       3372       1908       7576     703619   Object Totals
       120         40         32          0          0          0   (incl. Generated)
        22          0          9         21          0          0   (incl. Padding)

    ----------------------------------------------------------------------

      Code (inc. data)   RO Data    RW Data    ZI Data      Debug   Library Member Name

        96          0          0          0          0          0   __dclz77c.o
         0          0          0          0          0          0   entry.o
         0          0          0          0          0          0   entry10a.o
         0          0          0          0          0          0   entry11a.o
         8          4          0          0          0          0   entry2.o
         4          0          0          0          0          0   entry5.o
         0          0          0          0          0          0   entry7b.o
         0          0          0          0          0          0   entry8b.o
         8          4          0          0          0          0   entry9a.o
        36          8          0          0          0         68   init.o
         0          0          0          0          0          0   iusefp.o
        32          0          0          0          0         68   llshl.o
        34          0          0          0          0         68   llushr.o
       192         20          0          0          0        144   malloc.o
        26          0          0          0          0         72   memcmp.o
        36          0          0          0          0         60   memcpya.o
        36          0          0          0          0        100   memseta.o
         0          0          0          8          0          0   mvars.o
      1172         52          0          0          0        324   printf8.o
        36         12          0          4          0        120   rand.o
        44          0          0          0          0         72   uidiv.o
        96          0          0          0          0         84   uldiv.o
       240          6          0          0          0         84   ddiv.o
       236          0          0          0          0        216   depilogue.o
        64         10          0          0          0         68   dfixul.o
        28          4          0          0          0         68   dfltui.o
        28          6          0          0          0         68   dfltul.o
       208          6          0          0          0         88   dmul.o

    ----------------------------------------------------------------------
      2664        132          0         12          0       1772   Library Totals
         4          0          0          0          0          0   (incl. Padding)

    ----------------------------------------------------------------------

      Code (inc. data)   RO Data    RW Data    ZI Data      Debug   Library Name

      1856        100          0         12          0       1180   mc_p.l
       804         32          0          0          0        592   mf_p.l

    ----------------------------------------------------------------------
      2664        132          0         12          0       1772   Library Totals

    ----------------------------------------------------------------------

==============================================================================


      Code (inc. data)   RO Data    RW Data    ZI Data      Debug   

     23436       3300       3372       1920       7576     695547   Grand Totals
     23436       3300       3372       1536       7576     695547   ELF Image Totals (compressed)
     23436       3300       3372       1536          0          0   ROM Totals

==============================================================================

    Total RO  Size (Code + RO Data)                26808 (  26.18kB)
    Total RW  Size (RW Data + ZI Data)              9496 (   9.27kB)
    Total ROM Size (Code + RO Data + RW Data)      28344 (  27.68kB)

==============================================================================

