<!doctype html public "-//w3c//dtd html 4.0 transitional//en">
<html><head>
<title>Static Call Graph - [.\Objects\rdts.axf]</title></head>
<body><HR>
<H1>Static Call Graph for image .\Objects\rdts.axf</H1><HR>
<BR><P>#&#060CALLGRAPH&#062# ARM Linker, 5060750: Last Updated: Fri Feb 20 22:15:07 2026
<BR><P>
<H3>Maximum Stack Usage =        768 bytes + Unknown(Cycles, Untraceable Function Pointers)</H3><H3>
Call chain for Maximum Stack Depth:</H3>
main &rArr; app_ble_init &rArr; app_ble_gap_params_init &rArr; SystemGetMacAddr &rArr; OTPTrim_Read
<P>
<H3>
Mutually Recursive functions
</H3> <LI><a href="#[1]">NMI_Handler</a>&nbsp;&nbsp;&nbsp;&rArr;&nbsp;&nbsp;&nbsp;<a href="#[1]">NMI_Handler</a><BR>
 <LI><a href="#[2]">HardFault_Handler</a>&nbsp;&nbsp;&nbsp;&rArr;&nbsp;&nbsp;&nbsp;<a href="#[2]">HardFault_Handler</a><BR>
 <LI><a href="#[3]">SVC_Handler</a>&nbsp;&nbsp;&nbsp;&rArr;&nbsp;&nbsp;&nbsp;<a href="#[3]">SVC_Handler</a><BR>
 <LI><a href="#[4]">PendSV_Handler</a>&nbsp;&nbsp;&nbsp;&rArr;&nbsp;&nbsp;&nbsp;<a href="#[4]">PendSV_Handler</a><BR>
 <LI><a href="#[1b]">ADC_IRQHandler</a>&nbsp;&nbsp;&nbsp;&rArr;&nbsp;&nbsp;&nbsp;<a href="#[1b]">ADC_IRQHandler</a><BR>
 <LI><a href="#[71]">system_delay_cycles</a>&nbsp;&nbsp;&nbsp;&rArr;&nbsp;&nbsp;&nbsp;<a href="#[71]">system_delay_cycles</a><BR>
</UL>
<P>
<H3>
Function Pointers
</H3><UL>
 <LI><a href="#[1b]">ADC_IRQHandler</a> from startup_n32wb03x.o(.text) referenced from startup_n32wb03x.o(RESET)
 <LI><a href="#[18]">BLE_CRYPT_IRQHandler</a> from startup_n32wb03x.o(.text) referenced from startup_n32wb03x.o(RESET)
 <LI><a href="#[17]">BLE_ERROR_IRQHandler</a> from startup_n32wb03x.o(.text) referenced from startup_n32wb03x.o(RESET)
 <LI><a href="#[10]">BLE_FIFO_IRQHandler</a> from startup_n32wb03x.o(.text) referenced from startup_n32wb03x.o(RESET)
 <LI><a href="#[f]">BLE_FINETGT_IRQHandler</a> from startup_n32wb03x.o(.text) referenced from startup_n32wb03x.o(RESET)
 <LI><a href="#[9]">BLE_HSLOT_IRQHandler</a> from startup_n32wb03x.o(.text) referenced from startup_n32wb03x.o(RESET)
 <LI><a href="#[20]">BLE_SLP_IRQHandler</a> from startup_n32wb03x.o(.text) referenced from startup_n32wb03x.o(RESET)
 <LI><a href="#[7]">BLE_SW_IRQHandler</a> from startup_n32wb03x.o(.text) referenced from startup_n32wb03x.o(RESET)
 <LI><a href="#[19]">BLE_TIMESTAMP_TGT1_IRQHandler</a> from startup_n32wb03x.o(.text) referenced from startup_n32wb03x.o(RESET)
 <LI><a href="#[1e]">BLE_TIMESTAMP_TGT2_IRQHandler</a> from startup_n32wb03x.o(.text) referenced from startup_n32wb03x.o(RESET)
 <LI><a href="#[11]">DMA_Channel1_2_3_4_IRQHandler</a> from bsp_usart.o(i.DMA_Channel1_2_3_4_IRQHandler) referenced from startup_n32wb03x.o(RESET)
 <LI><a href="#[12]">DMA_Channel5_IRQHandler</a> from startup_n32wb03x.o(.text) referenced from startup_n32wb03x.o(RESET)
 <LI><a href="#[c]">EXTI0_1_IRQHandler</a> from startup_n32wb03x.o(.text) referenced from startup_n32wb03x.o(RESET)
 <LI><a href="#[d]">EXTI2_3_IRQHandler</a> from startup_n32wb03x.o(.text) referenced from startup_n32wb03x.o(RESET)
 <LI><a href="#[e]">EXTI4_12_IRQHandler</a> from startup_n32wb03x.o(.text) referenced from startup_n32wb03x.o(RESET)
 <LI><a href="#[a]">FLASH_IRQHandler</a> from startup_n32wb03x.o(.text) referenced from startup_n32wb03x.o(RESET)
 <LI><a href="#[2]">HardFault_Handler</a> from startup_n32wb03x.o(.text) referenced from startup_n32wb03x.o(RESET)
 <LI><a href="#[1d]">I2C1_IRQHandler</a> from startup_n32wb03x.o(.text) referenced from startup_n32wb03x.o(RESET)
 <LI><a href="#[25]">IRC_IRQHandler</a> from startup_n32wb03x.o(.text) referenced from startup_n32wb03x.o(RESET)
 <LI><a href="#[21]">KEYSCAN_IRQHandler</a> from startup_n32wb03x.o(.text) referenced from startup_n32wb03x.o(RESET)
 <LI><a href="#[23]">LPUART1_IRQHandler</a> from startup_n32wb03x.o(.text) referenced from startup_n32wb03x.o(RESET)
 <LI><a href="#[1]">NMI_Handler</a> from startup_n32wb03x.o(.text) referenced from startup_n32wb03x.o(RESET)
 <LI><a href="#[4]">PendSV_Handler</a> from startup_n32wb03x.o(.text) referenced from startup_n32wb03x.o(RESET)
 <LI><a href="#[b]">RCC_IRQHandler</a> from startup_n32wb03x.o(.text) referenced from startup_n32wb03x.o(RESET)
 <LI><a href="#[15]">RESERVED_IRQHandler</a> from startup_n32wb03x.o(.text) referenced from startup_n32wb03x.o(RESET)
 <LI><a href="#[8]">RTC_IRQHandler</a> from startup_n32wb03x.o(.text) referenced from startup_n32wb03x.o(RESET)
 <LI><a href="#[0]">Reset_Handler</a> from startup_n32wb03x.o(.text) referenced from startup_n32wb03x.o(RESET)
 <LI><a href="#[1f]">SPI1_IRQHandler</a> from startup_n32wb03x.o(.text) referenced from startup_n32wb03x.o(RESET)
 <LI><a href="#[1c]">SPI2_IRQHandler</a> from startup_n32wb03x.o(.text) referenced from startup_n32wb03x.o(RESET)
 <LI><a href="#[3]">SVC_Handler</a> from startup_n32wb03x.o(.text) referenced from startup_n32wb03x.o(RESET)
 <LI><a href="#[5]">SysTick_Handler</a> from bsp_timer.o(i.SysTick_Handler) referenced from startup_n32wb03x.o(RESET)
 <LI><a href="#[27]">SystemInit</a> from system_n32wb03x.o(i.SystemInit) referenced from startup_n32wb03x.o(.text)
 <LI><a href="#[13]">TIM1_BRK_UP_TRG_COM_IRQHandler</a> from startup_n32wb03x.o(.text) referenced from startup_n32wb03x.o(RESET)
 <LI><a href="#[14]">TIM1_CC_IRQHandler</a> from startup_n32wb03x.o(.text) referenced from startup_n32wb03x.o(RESET)
 <LI><a href="#[16]">TIM3_IRQHandler</a> from startup_n32wb03x.o(.text) referenced from startup_n32wb03x.o(RESET)
 <LI><a href="#[1a]">TIM6_IRQHandler</a> from startup_n32wb03x.o(.text) referenced from startup_n32wb03x.o(RESET)
 <LI><a href="#[22]">USART1_IRQHandler</a> from bsp_usart.o(i.USART1_IRQHandler) referenced from startup_n32wb03x.o(RESET)
 <LI><a href="#[24]">USART2_IRQHandler</a> from startup_n32wb03x.o(.text) referenced from startup_n32wb03x.o(RESET)
 <LI><a href="#[6]">WWDG_IRQHandler</a> from startup_n32wb03x.o(.text) referenced from startup_n32wb03x.o(RESET)
 <LI><a href="#[28]">__main</a> from entry.o(.ARM.Collect$$$$00000000) referenced from startup_n32wb03x.o(.text)
 <LI><a href="#[2a]">app_ble_adv_msg_handler</a> from app_ble.o(i.app_ble_adv_msg_handler) referenced from app_ble.o(i.app_ble_adv_init)
 <LI><a href="#[2b]">app_ble_msg_handler</a> from app_ble.o(i.app_ble_msg_handler) referenced from app_ble.o(i.app_ble_init)
 <LI><a href="#[68]">app_conn_params_update_evt_handler</a> from ns_ble_task.o(i.app_conn_params_update_evt_handler) referenced from ns_ble_task.o(.constdata)
 <LI><a href="#[2d]">app_dis_add_dis</a> from app_dis.o(i.app_dis_add_dis) referenced from app_ble.o(i.app_ble_init)
 <LI><a href="#[52]">app_entry_point_handler</a> from ns_ble_task.o(i.app_entry_point_handler) referenced from ns_ble_task.o(.constdata)
 <LI><a href="#[69]">app_init_timeout_evt_handler</a> from ns_ble_task.o(i.app_init_timeout_evt_handler) referenced from ns_ble_task.o(.constdata)
 <LI><a href="#[67]">app_lsi_calib_evt_handler</a> from ns_ble_task.o(i.app_lsi_calib_evt_handler) referenced from ns_ble_task.o(.constdata)
 <LI><a href="#[2e]">app_rdtss_add_rdts</a> from app_rdtss.o(i.app_rdtss_add_rdts) referenced from app_ble.o(i.app_ble_init)
 <LI><a href="#[4d]">app_sec_msg_dflt_handler</a> from ns_sec.o(i.app_sec_msg_dflt_handler) referenced from ns_sec.o(.constdata)
 <LI><a href="#[2c]">app_user_msg_handler</a> from app_ble.o(i.app_user_msg_handler) referenced from app_ble.o(i.app_ble_init)
 <LI><a href="#[3c]">diss_cleanup</a> from diss.o(i.diss_cleanup) referenced from diss.o(.constdata)
 <LI><a href="#[3b]">diss_create</a> from diss.o(i.diss_create) referenced from diss.o(.constdata)
 <LI><a href="#[3a]">diss_destroy</a> from diss.o(i.diss_destroy) referenced from diss.o(.constdata)
 <LI><a href="#[39]">diss_init</a> from diss.o(i.diss_init) referenced from diss.o(.constdata)
 <LI><a href="#[2f]">diss_prf_itf_get</a> from diss.o(i.diss_prf_itf_get) referenced from app_dis.o(i.app_dis_add_dis)
 <LI><a href="#[3d]">diss_set_value_req_handler</a> from diss_task.o(i.diss_set_value_req_handler) referenced from diss_task.o(.constdata)
 <LI><a href="#[3f]">diss_value_cfm_handler</a> from diss_task.o(i.diss_value_cfm_handler) referenced from diss_task.o(.constdata)
 <LI><a href="#[6b]">diss_value_req_ind_handler</a> from app_dis.o(i.diss_value_req_ind_handler) referenced from app_dis.o(.constdata)
 <LI><a href="#[29]">fputc</a> from ns_log_lpuart.o(i.fputc) referenced from printf8.o(i.__0printf$8)
 <LI><a href="#[4f]">gapc_bond_ind_handler</a> from ns_sec.o(i.gapc_bond_ind_handler) referenced from ns_sec.o(.constdata)
 <LI><a href="#[4e]">gapc_bond_req_ind_handler</a> from ns_sec.o(i.gapc_bond_req_ind_handler) referenced from ns_sec.o(.constdata)
 <LI><a href="#[65]">gapc_cmp_evt_handler</a> from ns_ble_task.o(i.gapc_cmp_evt_handler) referenced from ns_ble_task.o(.constdata)
 <LI><a href="#[66]">gapc_conn_rssi_ind_handler</a> from ns_ble_task.o(i.gapc_conn_rssi_ind_handler) referenced from ns_ble_task.o(.constdata)
 <LI><a href="#[5d]">gapc_connection_req_ind_handler</a> from ns_ble_task.o(i.gapc_connection_req_ind_handler) referenced from ns_ble_task.o(.constdata)
 <LI><a href="#[61]">gapc_disconnect_ind_handler</a> from ns_ble_task.o(i.gapc_disconnect_ind_handler) referenced from ns_ble_task.o(.constdata)
 <LI><a href="#[51]">gapc_encrypt_ind_handler</a> from ns_sec.o(i.gapc_encrypt_ind_handler) referenced from ns_sec.o(.constdata)
 <LI><a href="#[50]">gapc_encrypt_req_ind_handler</a> from ns_sec.o(i.gapc_encrypt_req_ind_handler) referenced from ns_sec.o(.constdata)
 <LI><a href="#[62]">gapc_get_dev_info_req_ind_handler</a> from ns_ble_task.o(i.gapc_get_dev_info_req_ind_handler) referenced from ns_ble_task.o(.constdata)
 <LI><a href="#[63]">gapc_le_phy_ind_handler</a> from ns_ble_task.o(i.gapc_le_phy_ind_handler) referenced from ns_ble_task.o(.constdata)
 <LI><a href="#[60]">gapc_le_pkt_size_ind_handler</a> from ns_ble_task.o(i.gapc_le_pkt_size_ind_handler) referenced from ns_ble_task.o(.constdata)
 <LI><a href="#[5e]">gapc_param_update_req_ind_handler</a> from ns_ble_task.o(i.gapc_param_update_req_ind_handler) referenced from ns_ble_task.o(.constdata)
 <LI><a href="#[5f]">gapc_param_updated_ind_handler</a> from ns_ble_task.o(i.gapc_param_updated_ind_handler) referenced from ns_ble_task.o(.constdata)
 <LI><a href="#[64]">gapc_set_dev_info_req_ind_handler</a> from ns_ble_task.o(i.gapc_set_dev_info_req_ind_handler) referenced from ns_ble_task.o(.constdata)
 <LI><a href="#[53]">gapm_activity_created_ind_handler</a> from ns_ble_task.o(i.gapm_activity_created_ind_handler) referenced from ns_ble_task.o(.constdata)
 <LI><a href="#[54]">gapm_activity_stopped_ind_handler</a> from ns_ble_task.o(i.gapm_activity_stopped_ind_handler) referenced from ns_ble_task.o(.constdata)
 <LI><a href="#[56]">gapm_addr_solved_ind_handler</a> from ns_ble_task.o(i.gapm_addr_solved_ind_handler) referenced from ns_ble_task.o(.constdata)
 <LI><a href="#[57]">gapm_cmp_evt_handler</a> from ns_ble_task.o(i.gapm_cmp_evt_handler) referenced from ns_ble_task.o(.constdata)
 <LI><a href="#[59]">gapm_ext_adv_repoer_ind_handler</a> from ns_ble_task.o(i.gapm_ext_adv_repoer_ind_handler) referenced from ns_ble_task.o(.constdata)
 <LI><a href="#[55]">gapm_gen_rand_nb_ind_handler</a> from ns_ble_task.o(i.gapm_gen_rand_nb_ind_handler) referenced from ns_ble_task.o(.constdata)
 <LI><a href="#[58]">gapm_profile_added_ind_handler</a> from ns_ble_task.o(i.gapm_profile_added_ind_handler) referenced from ns_ble_task.o(.constdata)
 <LI><a href="#[5a]">gapm_scan_request_ind_handler</a> from ns_ble_task.o(i.gapm_scan_request_ind_handler) referenced from ns_ble_task.o(.constdata)
 <LI><a href="#[46]">gattc_att_info_req_ind_handler</a> from rdtss_task.o(i.gattc_att_info_req_ind_handler) referenced from rdtss_task.o(.constdata)
 <LI><a href="#[47]">gattc_cmp_evt_handler</a> from rdtss_task.o(i.gattc_cmp_evt_handler) referenced 2 times from rdtss_task.o(.constdata)
 <LI><a href="#[5b]">gattc_mtu_changed_ind_handler</a> from ns_ble_task.o(i.gattc_mtu_changed_ind_handler) referenced from ns_ble_task.o(.constdata)
 <LI><a href="#[3e]">gattc_read_req_ind_handler</a> from diss_task.o(i.gattc_read_req_ind_handler) referenced 2 times from diss_task.o(.constdata)
 <LI><a href="#[45]">gattc_write_req_ind_handler</a> from rdtss_task.o(i.gattc_write_req_ind_handler) referenced from rdtss_task.o(.constdata)
 <LI><a href="#[26]">main</a> from main.o(i.main) referenced from entry9a.o(.ARM.Collect$$$$0000000B)
 <LI><a href="#[33]">ns_EXTI4_12_IRQHandler</a> from ns_ble.o(i.ns_EXTI4_12_IRQHandler) referenced from ns_ble.o(i.ns_ble_stack_init)
 <LI><a href="#[31]">ns_HardFault_Handler</a> from ns_ble.o(i.ns_HardFault_Handler) referenced from ns_ble.o(i.ns_ble_stack_init)
 <LI><a href="#[6a]">ns_sec_bond_store_evt_handler</a> from ns_sec.o(i.ns_sec_bond_store_evt_handler) referenced from ns_ble_task.o(.constdata)
 <LI><a href="#[34]">prf_add_profile</a> from prf.o(i.prf_add_profile) referenced from ns_ble.o(i.ns_ble_stack_init)
 <LI><a href="#[36]">prf_get_id_from_task</a> from prf.o(i.prf_get_id_from_task) referenced from ns_ble.o(i.ns_ble_stack_init)
 <LI><a href="#[35]">prf_get_task_from_id</a> from prf.o(i.prf_get_task_from_id) referenced from ns_ble.o(i.ns_ble_stack_init)
 <LI><a href="#[4b]">rdtss_att_info_rsp_handler</a> from rdtss_task.o(i.rdtss_att_info_rsp_handler) referenced from rdtss_task.o(.constdata)
 <LI><a href="#[43]">rdtss_cleanup</a> from rdtss.o(i.rdtss_cleanup) referenced from rdtss.o(.constdata)
 <LI><a href="#[42]">rdtss_create</a> from rdtss.o(i.rdtss_create) referenced from rdtss.o(.constdata)
 <LI><a href="#[41]">rdtss_destroy</a> from rdtss.o(i.rdtss_destroy) referenced from rdtss.o(.constdata)
 <LI><a href="#[40]">rdtss_init</a> from rdtss.o(i.rdtss_init) referenced from rdtss.o(.constdata)
 <LI><a href="#[30]">rdtss_prf_itf_get</a> from rdtss.o(i.rdtss_prf_itf_get) referenced from app_rdtss.o(i.app_rdtss_add_rdts)
 <LI><a href="#[4a]">rdtss_val_ind_req_handler</a> from rdtss_task.o(i.rdtss_val_ind_req_handler) referenced from rdtss_task.o(.constdata)
 <LI><a href="#[6e]">rdtss_val_ntf_cfm_handler</a> from app_rdtss.o(i.rdtss_val_ntf_cfm_handler) referenced from app_rdtss.o(.constdata)
 <LI><a href="#[48]">rdtss_val_ntf_req_handler</a> from rdtss_task.o(i.rdtss_val_ntf_req_handler) referenced from rdtss_task.o(.constdata)
 <LI><a href="#[49]">rdtss_val_set_req_handler</a> from rdtss_task.o(i.rdtss_val_set_req_handler) referenced from rdtss_task.o(.constdata)
 <LI><a href="#[6d]">rdtss_val_write_ind_handler</a> from app_rdtss.o(i.rdtss_val_write_ind_handler) referenced from app_rdtss.o(.constdata)
 <LI><a href="#[6c]">rdtss_value_req_ind_handler</a> from app_rdtss.o(i.rdtss_value_req_ind_handler) referenced from app_rdtss.o(.constdata)
 <LI><a href="#[4c]">rdtss_value_req_rsp_handler</a> from rdtss_task.o(i.rdtss_value_req_rsp_handler) referenced from rdtss_task.o(.constdata)
 <LI><a href="#[32]">rwip_slp_isr</a> from rwip_driver.o(i.rwip_slp_isr) referenced from ns_ble.o(i.ns_ble_stack_init)
 <LI><a href="#[38]">timer_canceled_handler</a> from ns_timer.o(i.timer_canceled_handler) referenced from ns_timer.o(i.ns_timer_api_process_handler)
 <LI><a href="#[37]">timer_modified_handler</a> from ns_timer.o(i.timer_modified_handler) referenced from ns_timer.o(i.ns_timer_api_process_handler)
</UL>
<P>
<H3>
Global Symbols
</H3>
<P><STRONG><a name="[138]"></a>__ARM_common_ll_muluu</STRONG> (Thumb, 0 bytes, Stack size 0 bytes, symbol_g15.obj(ABSOLUTE))
<BR><BR>[Called By]<UL><LI><a href="#[32]">&gt;&gt;</a>&nbsp;&nbsp;&nbsp;rwip_slp_isr (via Veneer)
</UL>

<P><STRONG><a name="[af]"></a>__ARM_common_memcpy1_6</STRONG> (Thumb, 0 bytes, Stack size 0 bytes, symbol_g15.obj(ABSOLUTE))
<BR><BR>[Called By]<UL><LI><a href="#[5d]">&gt;&gt;</a>&nbsp;&nbsp;&nbsp;gapc_connection_req_ind_handler (via Veneer)
<LI><a href="#[ff]">&gt;&gt;</a>&nbsp;&nbsp;&nbsp;ns_ble_start_init (via Veneer)
<LI><a href="#[b0]">&gt;&gt;</a>&nbsp;&nbsp;&nbsp;ns_ble_gap_init (via Veneer)
<LI><a href="#[fe]">&gt;&gt;</a>&nbsp;&nbsp;&nbsp;ns_bond_resolv_addr_start (via Veneer)
<LI><a href="#[f8]">&gt;&gt;</a>&nbsp;&nbsp;&nbsp;ns_bond_last_bonded_ral_info (via Veneer)
<LI><a href="#[bc]">&gt;&gt;</a>&nbsp;&nbsp;&nbsp;ns_bond_last_bonded_peer_id (via Veneer)
<LI><a href="#[f9]">&gt;&gt;</a>&nbsp;&nbsp;&nbsp;ns_bond_last_bonded_addr (via Veneer)
<LI><a href="#[4f]">&gt;&gt;</a>&nbsp;&nbsp;&nbsp;gapc_bond_ind_handler (via Veneer)
<LI><a href="#[ae]">&gt;&gt;</a>&nbsp;&nbsp;&nbsp;app_ble_gap_params_init (via Veneer)
</UL>

<P><STRONG><a name="[132]"></a>ahi_init</STRONG> (Thumb, 0 bytes, Stack size 0 bytes, symbol_g15.obj(ABSOLUTE))
<BR><BR>[Called By]<UL><LI><a href="#[118]">&gt;&gt;</a>&nbsp;&nbsp;&nbsp;rwip_init (via Veneer)
</UL>

<P><STRONG><a name="[da]"></a>attm_svc_create_db</STRONG> (Thumb, 0 bytes, Stack size 0 bytes, symbol_g15.obj(ABSOLUTE))
<BR><BR>[Called By]<UL><LI><a href="#[39]">&gt;&gt;</a>&nbsp;&nbsp;&nbsp;diss_init (via Veneer)
<LI><a href="#[57]">&gt;&gt;</a>&nbsp;&nbsp;&nbsp;gapm_cmp_evt_handler (via Veneer)
</UL>

<P><STRONG><a name="[126]"></a>attm_svc_create_db_128</STRONG> (Thumb, 0 bytes, Stack size 0 bytes, symbol_g15.obj(ABSOLUTE))
<BR><BR>[Called By]<UL><LI><a href="#[40]">&gt;&gt;</a>&nbsp;&nbsp;&nbsp;rdtss_init (via Veneer)
</UL>

<P><STRONG><a name="[108]"></a>attmdb_att_get_permission</STRONG> (Thumb, 0 bytes, Stack size 0 bytes, symbol_g15.obj(ABSOLUTE))
<BR><BR>[Called By]<UL><LI><a href="#[45]">&gt;&gt;</a>&nbsp;&nbsp;&nbsp;gattc_write_req_ind_handler (via Veneer)
</UL>

<P><STRONG><a name="[cd]"></a>attmdb_get_attribute</STRONG> (Thumb, 0 bytes, Stack size 0 bytes, symbol_g15.obj(ABSOLUTE))
<BR><BR>[Called By]<UL><LI><a href="#[cc]">&gt;&gt;</a>&nbsp;&nbsp;&nbsp;attm_att_set_value (via Veneer)
<LI><a href="#[107]">&gt;&gt;</a>&nbsp;&nbsp;&nbsp;get_value_handle (via Veneer)
<LI><a href="#[10b]">&gt;&gt;</a>&nbsp;&nbsp;&nbsp;get_cfg_handle (via Veneer)
</UL>

<P><STRONG><a name="[10c]"></a>attmdb_get_service</STRONG> (Thumb, 0 bytes, Stack size 0 bytes, symbol_g15.obj(ABSOLUTE))
<BR><BR>[Called By]<UL><LI><a href="#[107]">&gt;&gt;</a>&nbsp;&nbsp;&nbsp;get_value_handle (via Veneer)
<LI><a href="#[10b]">&gt;&gt;</a>&nbsp;&nbsp;&nbsp;get_cfg_handle (via Veneer)
</UL>

<P><STRONG><a name="[10d]"></a>attmdb_get_uuid</STRONG> (Thumb, 0 bytes, Stack size 0 bytes, symbol_g15.obj(ABSOLUTE))
<BR><BR>[Called By]<UL><LI><a href="#[107]">&gt;&gt;</a>&nbsp;&nbsp;&nbsp;get_value_handle (via Veneer)
<LI><a href="#[10b]">&gt;&gt;</a>&nbsp;&nbsp;&nbsp;get_cfg_handle (via Veneer)
</UL>

<P><STRONG><a name="[ce]"></a>attmdb_uuid16_comp</STRONG> (Thumb, 0 bytes, Stack size 0 bytes, symbol_g15.obj(ABSOLUTE))
<BR><BR>[Called By]<UL><LI><a href="#[cc]">&gt;&gt;</a>&nbsp;&nbsp;&nbsp;attm_att_set_value (via Veneer)
</UL>

<P><STRONG><a name="[115]"></a>calib_lsi_clk</STRONG> (Thumb, 0 bytes, Stack size 0 bytes, symbol_g15.obj(ABSOLUTE))
<BR><BR>[Called By]<UL><LI><a href="#[c2]">&gt;&gt;</a>&nbsp;&nbsp;&nbsp;ns_ble_lsc_config
</UL>

<P><STRONG><a name="[e2]"></a>co_list_extract</STRONG> (Thumb, 0 bytes, Stack size 0 bytes, symbol_g15.obj(ABSOLUTE))
<BR><BR>[Called By]<UL><LI><a href="#[10a]">&gt;&gt;</a>&nbsp;&nbsp;&nbsp;rdtss_att_set_value
<LI><a href="#[128]">&gt;&gt;</a>&nbsp;&nbsp;&nbsp;rdtss_init_ccc_values
<LI><a href="#[3d]">&gt;&gt;</a>&nbsp;&nbsp;&nbsp;diss_set_value_req_handler
</UL>

<P><STRONG><a name="[dd]"></a>co_list_init</STRONG> (Thumb, 0 bytes, Stack size 0 bytes, symbol_g15.obj(ABSOLUTE))
<BR><BR>[Called By]<UL><LI><a href="#[40]">&gt;&gt;</a>&nbsp;&nbsp;&nbsp;rdtss_init
<LI><a href="#[39]">&gt;&gt;</a>&nbsp;&nbsp;&nbsp;diss_init
</UL>

<P><STRONG><a name="[d8]"></a>co_list_pop_front</STRONG> (Thumb, 0 bytes, Stack size 0 bytes, symbol_g15.obj(ABSOLUTE))
<BR><BR>[Called By]<UL><LI><a href="#[41]">&gt;&gt;</a>&nbsp;&nbsp;&nbsp;rdtss_destroy
<LI><a href="#[3a]">&gt;&gt;</a>&nbsp;&nbsp;&nbsp;diss_destroy
</UL>

<P><STRONG><a name="[e3]"></a>co_list_push_back</STRONG> (Thumb, 0 bytes, Stack size 0 bytes, symbol_g15.obj(ABSOLUTE))
<BR><BR>[Called By]<UL><LI><a href="#[10a]">&gt;&gt;</a>&nbsp;&nbsp;&nbsp;rdtss_att_set_value
<LI><a href="#[128]">&gt;&gt;</a>&nbsp;&nbsp;&nbsp;rdtss_init_ccc_values
<LI><a href="#[3d]">&gt;&gt;</a>&nbsp;&nbsp;&nbsp;diss_set_value_req_handler
</UL>

<P><STRONG><a name="[a4]"></a>delay_n_10us</STRONG> (Thumb, 0 bytes, Stack size 0 bytes, symbol_g15.obj(ABSOLUTE))
<BR><BR>[Called By]<UL><LI><a href="#[a0]">&gt;&gt;</a>&nbsp;&nbsp;&nbsp;TM1650_WriteData
<LI><a href="#[a3]">&gt;&gt;</a>&nbsp;&nbsp;&nbsp;TM1650_SetDisplay
<LI><a href="#[a5]">&gt;&gt;</a>&nbsp;&nbsp;&nbsp;TM1650_WriteByte
</UL>

<P><STRONG><a name="[12e]"></a>ecc_init</STRONG> (Thumb, 0 bytes, Stack size 0 bytes, symbol_g15.obj(ABSOLUTE))
<BR><BR>[Called By]<UL><LI><a href="#[118]">&gt;&gt;</a>&nbsp;&nbsp;&nbsp;rwip_init
</UL>

<P><STRONG><a name="[130]"></a>h4tl_init</STRONG> (Thumb, 0 bytes, Stack size 0 bytes, symbol_g15.obj(ABSOLUTE))
<BR><BR>[Called By]<UL><LI><a href="#[118]">&gt;&gt;</a>&nbsp;&nbsp;&nbsp;rwip_init
</UL>

<P><STRONG><a name="[131]"></a>hci_init</STRONG> (Thumb, 0 bytes, Stack size 0 bytes, symbol_g15.obj(ABSOLUTE))
<BR><BR>[Called By]<UL><LI><a href="#[118]">&gt;&gt;</a>&nbsp;&nbsp;&nbsp;rwip_init
</UL>

<P><STRONG><a name="[ef]"></a>ke_event_set</STRONG> (Thumb, 0 bytes, Stack size 0 bytes, symbol_g15.obj(ABSOLUTE))
<BR><BR>[Called By]<UL><LI><a href="#[61]">&gt;&gt;</a>&nbsp;&nbsp;&nbsp;gapc_disconnect_ind_handler
</UL>

<P><STRONG><a name="[d9]"></a>ke_free</STRONG> (Thumb, 0 bytes, Stack size 0 bytes, symbol_g15.obj(ABSOLUTE))
<BR><BR>[Called By]<UL><LI><a href="#[48]">&gt;&gt;</a>&nbsp;&nbsp;&nbsp;rdtss_val_ntf_req_handler
<LI><a href="#[4a]">&gt;&gt;</a>&nbsp;&nbsp;&nbsp;rdtss_val_ind_req_handler
<LI><a href="#[10a]">&gt;&gt;</a>&nbsp;&nbsp;&nbsp;rdtss_att_set_value
<LI><a href="#[47]">&gt;&gt;</a>&nbsp;&nbsp;&nbsp;gattc_cmp_evt_handler
<LI><a href="#[128]">&gt;&gt;</a>&nbsp;&nbsp;&nbsp;rdtss_init_ccc_values
<LI><a href="#[41]">&gt;&gt;</a>&nbsp;&nbsp;&nbsp;rdtss_destroy
<LI><a href="#[3d]">&gt;&gt;</a>&nbsp;&nbsp;&nbsp;diss_set_value_req_handler
<LI><a href="#[3a]">&gt;&gt;</a>&nbsp;&nbsp;&nbsp;diss_destroy
</UL>

<P><STRONG><a name="[12b]"></a>ke_init</STRONG> (Thumb, 0 bytes, Stack size 0 bytes, symbol_g15.obj(ABSOLUTE))
<BR><BR>[Called By]<UL><LI><a href="#[118]">&gt;&gt;</a>&nbsp;&nbsp;&nbsp;rwip_init
</UL>

<P><STRONG><a name="[db]"></a>ke_malloc</STRONG> (Thumb, 0 bytes, Stack size 0 bytes, symbol_g15.obj(ABSOLUTE))
<BR><BR>[Called By]<UL><LI><a href="#[10a]">&gt;&gt;</a>&nbsp;&nbsp;&nbsp;rdtss_att_set_value
<LI><a href="#[128]">&gt;&gt;</a>&nbsp;&nbsp;&nbsp;rdtss_init_ccc_values
<LI><a href="#[40]">&gt;&gt;</a>&nbsp;&nbsp;&nbsp;rdtss_init
<LI><a href="#[3d]">&gt;&gt;</a>&nbsp;&nbsp;&nbsp;diss_set_value_req_handler
<LI><a href="#[39]">&gt;&gt;</a>&nbsp;&nbsp;&nbsp;diss_init
</UL>

<P><STRONG><a name="[12c]"></a>ke_mem_init</STRONG> (Thumb, 0 bytes, Stack size 0 bytes, symbol_g15.obj(ABSOLUTE))
<BR><BR>[Called By]<UL><LI><a href="#[118]">&gt;&gt;</a>&nbsp;&nbsp;&nbsp;rwip_init
</UL>

<P><STRONG><a name="[ba]"></a>ke_msg_alloc</STRONG> (Thumb, 0 bytes, Stack size 0 bytes, symbol_g15.obj(ABSOLUTE))
<BR><BR>[Called By]<UL><LI><a href="#[4c]">&gt;&gt;</a>&nbsp;&nbsp;&nbsp;rdtss_value_req_rsp_handler
<LI><a href="#[48]">&gt;&gt;</a>&nbsp;&nbsp;&nbsp;rdtss_val_ntf_req_handler
<LI><a href="#[4a]">&gt;&gt;</a>&nbsp;&nbsp;&nbsp;rdtss_val_ind_req_handler
<LI><a href="#[4b]">&gt;&gt;</a>&nbsp;&nbsp;&nbsp;rdtss_att_info_rsp_handler
<LI><a href="#[45]">&gt;&gt;</a>&nbsp;&nbsp;&nbsp;gattc_write_req_ind_handler
<LI><a href="#[44]">&gt;&gt;</a>&nbsp;&nbsp;&nbsp;gattc_read_req_ind_handler
<LI><a href="#[47]">&gt;&gt;</a>&nbsp;&nbsp;&nbsp;gattc_cmp_evt_handler
<LI><a href="#[46]">&gt;&gt;</a>&nbsp;&nbsp;&nbsp;gattc_att_info_req_ind_handler
<LI><a href="#[3e]">&gt;&gt;</a>&nbsp;&nbsp;&nbsp;gattc_read_req_ind_handler
<LI><a href="#[3f]">&gt;&gt;</a>&nbsp;&nbsp;&nbsp;diss_value_cfm_handler
<LI><a href="#[3d]">&gt;&gt;</a>&nbsp;&nbsp;&nbsp;diss_set_value_req_handler
<LI><a href="#[5d]">&gt;&gt;</a>&nbsp;&nbsp;&nbsp;gapc_connection_req_ind_handler
<LI><a href="#[66]">&gt;&gt;</a>&nbsp;&nbsp;&nbsp;gapc_conn_rssi_ind_handler
<LI><a href="#[b8]">&gt;&gt;</a>&nbsp;&nbsp;&nbsp;ns_ble_update_param
<LI><a href="#[101]">&gt;&gt;</a>&nbsp;&nbsp;&nbsp;ns_ble_stop_scan
<LI><a href="#[c1]">&gt;&gt;</a>&nbsp;&nbsp;&nbsp;ns_ble_stop_init
<LI><a href="#[fd]">&gt;&gt;</a>&nbsp;&nbsp;&nbsp;ns_ble_start_scan
<LI><a href="#[ff]">&gt;&gt;</a>&nbsp;&nbsp;&nbsp;ns_ble_start_init
<LI><a href="#[b2]">&gt;&gt;</a>&nbsp;&nbsp;&nbsp;ns_ble_stack_init
<LI><a href="#[f3]">&gt;&gt;</a>&nbsp;&nbsp;&nbsp;ns_ble_delete_scan
<LI><a href="#[f4]">&gt;&gt;</a>&nbsp;&nbsp;&nbsp;ns_ble_delete_init
<LI><a href="#[fc]">&gt;&gt;</a>&nbsp;&nbsp;&nbsp;ns_ble_adv_stop
<LI><a href="#[f2]">&gt;&gt;</a>&nbsp;&nbsp;&nbsp;ns_ble_adv_fsm_next
<LI><a href="#[c7]">&gt;&gt;</a>&nbsp;&nbsp;&nbsp;app_start_advertising
<LI><a href="#[c6]">&gt;&gt;</a>&nbsp;&nbsp;&nbsp;app_set_scan_rsp_data
<LI><a href="#[c5]">&gt;&gt;</a>&nbsp;&nbsp;&nbsp;app_set_adv_data
<LI><a href="#[b9]">&gt;&gt;</a>&nbsp;&nbsp;&nbsp;app_create_advertising
<LI><a href="#[fa]">&gt;&gt;</a>&nbsp;&nbsp;&nbsp;ns_ble_list_set_ral
<LI><a href="#[e8]">&gt;&gt;</a>&nbsp;&nbsp;&nbsp;ns_ble_disconnect
<LI><a href="#[fe]">&gt;&gt;</a>&nbsp;&nbsp;&nbsp;ns_bond_resolv_addr_start
<LI><a href="#[50]">&gt;&gt;</a>&nbsp;&nbsp;&nbsp;gapc_encrypt_req_ind_handler
<LI><a href="#[4e]">&gt;&gt;</a>&nbsp;&nbsp;&nbsp;gapc_bond_req_ind_handler
<LI><a href="#[c0]">&gt;&gt;</a>&nbsp;&nbsp;&nbsp;ns_timer_api_process_handler
<LI><a href="#[d2]">&gt;&gt;</a>&nbsp;&nbsp;&nbsp;rdtss_send_notify
<LI><a href="#[2e]">&gt;&gt;</a>&nbsp;&nbsp;&nbsp;app_rdtss_add_rdts
<LI><a href="#[6c]">&gt;&gt;</a>&nbsp;&nbsp;&nbsp;rdtss_value_req_ind_handler
<LI><a href="#[2d]">&gt;&gt;</a>&nbsp;&nbsp;&nbsp;app_dis_add_dis
<LI><a href="#[6b]">&gt;&gt;</a>&nbsp;&nbsp;&nbsp;diss_value_req_ind_handler
<LI><a href="#[57]">&gt;&gt;</a>&nbsp;&nbsp;&nbsp;gapm_cmp_evt_handler
<LI><a href="#[64]">&gt;&gt;</a>&nbsp;&nbsp;&nbsp;gapc_set_dev_info_req_ind_handler
<LI><a href="#[5e]">&gt;&gt;</a>&nbsp;&nbsp;&nbsp;gapc_param_update_req_ind_handler
<LI><a href="#[62]">&gt;&gt;</a>&nbsp;&nbsp;&nbsp;gapc_get_dev_info_req_ind_handler
</UL>

<P><STRONG><a name="[eb]"></a>ke_msg_free</STRONG> (Thumb, 0 bytes, Stack size 0 bytes, symbol_g15.obj(ABSOLUTE))
<BR><BR>[Called By]<UL><LI><a href="#[4e]">&gt;&gt;</a>&nbsp;&nbsp;&nbsp;gapc_bond_req_ind_handler
</UL>

<P><STRONG><a name="[bd]"></a>ke_msg_send</STRONG> (Thumb, 0 bytes, Stack size 0 bytes, symbol_g15.obj(ABSOLUTE))
<BR><BR>[Called By]<UL><LI><a href="#[4c]">&gt;&gt;</a>&nbsp;&nbsp;&nbsp;rdtss_value_req_rsp_handler
<LI><a href="#[48]">&gt;&gt;</a>&nbsp;&nbsp;&nbsp;rdtss_val_ntf_req_handler
<LI><a href="#[4a]">&gt;&gt;</a>&nbsp;&nbsp;&nbsp;rdtss_val_ind_req_handler
<LI><a href="#[4b]">&gt;&gt;</a>&nbsp;&nbsp;&nbsp;rdtss_att_info_rsp_handler
<LI><a href="#[45]">&gt;&gt;</a>&nbsp;&nbsp;&nbsp;gattc_write_req_ind_handler
<LI><a href="#[44]">&gt;&gt;</a>&nbsp;&nbsp;&nbsp;gattc_read_req_ind_handler
<LI><a href="#[47]">&gt;&gt;</a>&nbsp;&nbsp;&nbsp;gattc_cmp_evt_handler
<LI><a href="#[46]">&gt;&gt;</a>&nbsp;&nbsp;&nbsp;gattc_att_info_req_ind_handler
<LI><a href="#[3e]">&gt;&gt;</a>&nbsp;&nbsp;&nbsp;gattc_read_req_ind_handler
<LI><a href="#[3f]">&gt;&gt;</a>&nbsp;&nbsp;&nbsp;diss_value_cfm_handler
<LI><a href="#[3d]">&gt;&gt;</a>&nbsp;&nbsp;&nbsp;diss_set_value_req_handler
<LI><a href="#[5d]">&gt;&gt;</a>&nbsp;&nbsp;&nbsp;gapc_connection_req_ind_handler
<LI><a href="#[66]">&gt;&gt;</a>&nbsp;&nbsp;&nbsp;gapc_conn_rssi_ind_handler
<LI><a href="#[b8]">&gt;&gt;</a>&nbsp;&nbsp;&nbsp;ns_ble_update_param
<LI><a href="#[101]">&gt;&gt;</a>&nbsp;&nbsp;&nbsp;ns_ble_stop_scan
<LI><a href="#[c1]">&gt;&gt;</a>&nbsp;&nbsp;&nbsp;ns_ble_stop_init
<LI><a href="#[fd]">&gt;&gt;</a>&nbsp;&nbsp;&nbsp;ns_ble_start_scan
<LI><a href="#[ff]">&gt;&gt;</a>&nbsp;&nbsp;&nbsp;ns_ble_start_init
<LI><a href="#[b2]">&gt;&gt;</a>&nbsp;&nbsp;&nbsp;ns_ble_stack_init
<LI><a href="#[f3]">&gt;&gt;</a>&nbsp;&nbsp;&nbsp;ns_ble_delete_scan
<LI><a href="#[f4]">&gt;&gt;</a>&nbsp;&nbsp;&nbsp;ns_ble_delete_init
<LI><a href="#[fc]">&gt;&gt;</a>&nbsp;&nbsp;&nbsp;ns_ble_adv_stop
<LI><a href="#[f2]">&gt;&gt;</a>&nbsp;&nbsp;&nbsp;ns_ble_adv_fsm_next
<LI><a href="#[c7]">&gt;&gt;</a>&nbsp;&nbsp;&nbsp;app_start_advertising
<LI><a href="#[c6]">&gt;&gt;</a>&nbsp;&nbsp;&nbsp;app_set_scan_rsp_data
<LI><a href="#[c5]">&gt;&gt;</a>&nbsp;&nbsp;&nbsp;app_set_adv_data
<LI><a href="#[b9]">&gt;&gt;</a>&nbsp;&nbsp;&nbsp;app_create_advertising
<LI><a href="#[fa]">&gt;&gt;</a>&nbsp;&nbsp;&nbsp;ns_ble_list_set_ral
<LI><a href="#[e8]">&gt;&gt;</a>&nbsp;&nbsp;&nbsp;ns_ble_disconnect
<LI><a href="#[fe]">&gt;&gt;</a>&nbsp;&nbsp;&nbsp;ns_bond_resolv_addr_start
<LI><a href="#[50]">&gt;&gt;</a>&nbsp;&nbsp;&nbsp;gapc_encrypt_req_ind_handler
<LI><a href="#[4e]">&gt;&gt;</a>&nbsp;&nbsp;&nbsp;gapc_bond_req_ind_handler
<LI><a href="#[c0]">&gt;&gt;</a>&nbsp;&nbsp;&nbsp;ns_timer_api_process_handler
<LI><a href="#[d2]">&gt;&gt;</a>&nbsp;&nbsp;&nbsp;rdtss_send_notify
<LI><a href="#[2e]">&gt;&gt;</a>&nbsp;&nbsp;&nbsp;app_rdtss_add_rdts
<LI><a href="#[6c]">&gt;&gt;</a>&nbsp;&nbsp;&nbsp;rdtss_value_req_ind_handler
<LI><a href="#[2d]">&gt;&gt;</a>&nbsp;&nbsp;&nbsp;app_dis_add_dis
<LI><a href="#[6b]">&gt;&gt;</a>&nbsp;&nbsp;&nbsp;diss_value_req_ind_handler
<LI><a href="#[57]">&gt;&gt;</a>&nbsp;&nbsp;&nbsp;gapm_cmp_evt_handler
<LI><a href="#[64]">&gt;&gt;</a>&nbsp;&nbsp;&nbsp;gapc_set_dev_info_req_ind_handler
<LI><a href="#[5e]">&gt;&gt;</a>&nbsp;&nbsp;&nbsp;gapc_param_update_req_ind_handler
<LI><a href="#[62]">&gt;&gt;</a>&nbsp;&nbsp;&nbsp;gapc_get_dev_info_req_ind_handler
</UL>

<P><STRONG><a name="[8a]"></a>ke_msg_send_basic</STRONG> (Thumb, 0 bytes, Stack size 0 bytes, symbol_g15.obj(ABSOLUTE))
<BR><BR>[Called By]<UL><LI><a href="#[5d]">&gt;&gt;</a>&nbsp;&nbsp;&nbsp;gapc_connection_req_ind_handler
<LI><a href="#[11]">&gt;&gt;</a>&nbsp;&nbsp;&nbsp;DMA_Channel1_2_3_4_IRQHandler
</UL>

<P><STRONG><a name="[e4]"></a>ke_state_get</STRONG> (Thumb, 0 bytes, Stack size 0 bytes, symbol_g15.obj(ABSOLUTE))
<BR><BR>[Called By]<UL><LI><a href="#[4c]">&gt;&gt;</a>&nbsp;&nbsp;&nbsp;rdtss_value_req_rsp_handler
<LI><a href="#[48]">&gt;&gt;</a>&nbsp;&nbsp;&nbsp;rdtss_val_ntf_req_handler
<LI><a href="#[4a]">&gt;&gt;</a>&nbsp;&nbsp;&nbsp;rdtss_val_ind_req_handler
<LI><a href="#[4b]">&gt;&gt;</a>&nbsp;&nbsp;&nbsp;rdtss_att_info_rsp_handler
<LI><a href="#[44]">&gt;&gt;</a>&nbsp;&nbsp;&nbsp;gattc_read_req_ind_handler
<LI><a href="#[46]">&gt;&gt;</a>&nbsp;&nbsp;&nbsp;gattc_att_info_req_ind_handler
<LI><a href="#[3e]">&gt;&gt;</a>&nbsp;&nbsp;&nbsp;gattc_read_req_ind_handler
<LI><a href="#[3f]">&gt;&gt;</a>&nbsp;&nbsp;&nbsp;diss_value_cfm_handler
<LI><a href="#[66]">&gt;&gt;</a>&nbsp;&nbsp;&nbsp;gapc_conn_rssi_ind_handler
<LI><a href="#[f2]">&gt;&gt;</a>&nbsp;&nbsp;&nbsp;ns_ble_adv_fsm_next
<LI><a href="#[58]">&gt;&gt;</a>&nbsp;&nbsp;&nbsp;gapm_profile_added_ind_handler
</UL>

<P><STRONG><a name="[de]"></a>ke_state_set</STRONG> (Thumb, 0 bytes, Stack size 0 bytes, symbol_g15.obj(ABSOLUTE))
<BR><BR>[Called By]<UL><LI><a href="#[4c]">&gt;&gt;</a>&nbsp;&nbsp;&nbsp;rdtss_value_req_rsp_handler
<LI><a href="#[48]">&gt;&gt;</a>&nbsp;&nbsp;&nbsp;rdtss_val_ntf_req_handler
<LI><a href="#[4a]">&gt;&gt;</a>&nbsp;&nbsp;&nbsp;rdtss_val_ind_req_handler
<LI><a href="#[44]">&gt;&gt;</a>&nbsp;&nbsp;&nbsp;gattc_read_req_ind_handler
<LI><a href="#[47]">&gt;&gt;</a>&nbsp;&nbsp;&nbsp;gattc_cmp_evt_handler
<LI><a href="#[40]">&gt;&gt;</a>&nbsp;&nbsp;&nbsp;rdtss_init
<LI><a href="#[3e]">&gt;&gt;</a>&nbsp;&nbsp;&nbsp;gattc_read_req_ind_handler
<LI><a href="#[3f]">&gt;&gt;</a>&nbsp;&nbsp;&nbsp;diss_value_cfm_handler
<LI><a href="#[39]">&gt;&gt;</a>&nbsp;&nbsp;&nbsp;diss_init
<LI><a href="#[5d]">&gt;&gt;</a>&nbsp;&nbsp;&nbsp;gapc_connection_req_ind_handler
<LI><a href="#[b2]">&gt;&gt;</a>&nbsp;&nbsp;&nbsp;ns_ble_stack_init
<LI><a href="#[57]">&gt;&gt;</a>&nbsp;&nbsp;&nbsp;gapm_cmp_evt_handler
<LI><a href="#[61]">&gt;&gt;</a>&nbsp;&nbsp;&nbsp;gapc_disconnect_ind_handler
</UL>

<P><STRONG><a name="[119]"></a>ke_task_create</STRONG> (Thumb, 0 bytes, Stack size 0 bytes, symbol_g15.obj(ABSOLUTE))
<BR><BR>[Called By]<UL><LI><a href="#[f6]">&gt;&gt;</a>&nbsp;&nbsp;&nbsp;prf_init
<LI><a href="#[b2]">&gt;&gt;</a>&nbsp;&nbsp;&nbsp;ns_ble_stack_init
</UL>

<P><STRONG><a name="[122]"></a>ke_task_delete</STRONG> (Thumb, 0 bytes, Stack size 0 bytes, symbol_g15.obj(ABSOLUTE))
<BR><BR>[Called By]<UL><LI><a href="#[f6]">&gt;&gt;</a>&nbsp;&nbsp;&nbsp;prf_init
</UL>

<P><STRONG><a name="[123]"></a>ke_task_msg_flush</STRONG> (Thumb, 0 bytes, Stack size 0 bytes, symbol_g15.obj(ABSOLUTE))
<BR><BR>[Called By]<UL><LI><a href="#[f6]">&gt;&gt;</a>&nbsp;&nbsp;&nbsp;prf_init
</UL>

<P><STRONG><a name="[ed]"></a>ke_timer_clear</STRONG> (Thumb, 0 bytes, Stack size 0 bytes, symbol_g15.obj(ABSOLUTE))
<BR><BR>[Called By]<UL><LI><a href="#[5d]">&gt;&gt;</a>&nbsp;&nbsp;&nbsp;gapc_connection_req_ind_handler
</UL>

<P><STRONG><a name="[c3]"></a>ke_timer_set</STRONG> (Thumb, 0 bytes, Stack size 0 bytes, symbol_g15.obj(ABSOLUTE))
<BR><BR>[Called By]<UL><LI><a href="#[5d]">&gt;&gt;</a>&nbsp;&nbsp;&nbsp;gapc_connection_req_ind_handler
<LI><a href="#[66]">&gt;&gt;</a>&nbsp;&nbsp;&nbsp;gapc_conn_rssi_ind_handler
<LI><a href="#[67]">&gt;&gt;</a>&nbsp;&nbsp;&nbsp;app_lsi_calib_evt_handler
<LI><a href="#[f7]">&gt;&gt;</a>&nbsp;&nbsp;&nbsp;ns_peripheral_config
<LI><a href="#[ff]">&gt;&gt;</a>&nbsp;&nbsp;&nbsp;ns_ble_start_init
<LI><a href="#[6a]">&gt;&gt;</a>&nbsp;&nbsp;&nbsp;ns_sec_bond_store_evt_handler
<LI><a href="#[4f]">&gt;&gt;</a>&nbsp;&nbsp;&nbsp;gapc_bond_ind_handler
<LI><a href="#[c0]">&gt;&gt;</a>&nbsp;&nbsp;&nbsp;ns_timer_api_process_handler
<LI><a href="#[c9]">&gt;&gt;</a>&nbsp;&nbsp;&nbsp;app_usart_rx_data_fifo_enter
</UL>

<P><STRONG><a name="[12d]"></a>rf_init</STRONG> (Thumb, 0 bytes, Stack size 0 bytes, symbol_g15.obj(ABSOLUTE))
<BR><BR>[Called By]<UL><LI><a href="#[118]">&gt;&gt;</a>&nbsp;&nbsp;&nbsp;rwip_init
</UL>

<P><STRONG><a name="[133]"></a>rwble_hl_init</STRONG> (Thumb, 0 bytes, Stack size 0 bytes, symbol_g15.obj(ABSOLUTE))
<BR><BR>[Called By]<UL><LI><a href="#[118]">&gt;&gt;</a>&nbsp;&nbsp;&nbsp;rwip_init
</UL>

<P><STRONG><a name="[134]"></a>rwble_init</STRONG> (Thumb, 0 bytes, Stack size 0 bytes, symbol_g15.obj(ABSOLUTE))
<BR><BR>[Called By]<UL><LI><a href="#[118]">&gt;&gt;</a>&nbsp;&nbsp;&nbsp;rwip_init
</UL>

<P><STRONG><a name="[135]"></a>rwip_driver_init</STRONG> (Thumb, 0 bytes, Stack size 0 bytes, symbol_g15.obj(ABSOLUTE))
<BR><BR>[Called By]<UL><LI><a href="#[118]">&gt;&gt;</a>&nbsp;&nbsp;&nbsp;rwip_init
</UL>

<P><STRONG><a name="[12f]"></a>rwip_eif_get</STRONG> (Thumb, 0 bytes, Stack size 0 bytes, symbol_g15.obj(ABSOLUTE))
<BR><BR>[Called By]<UL><LI><a href="#[118]">&gt;&gt;</a>&nbsp;&nbsp;&nbsp;rwip_init
</UL>

<P><STRONG><a name="[136]"></a>rwip_prevent_sleep_clear</STRONG> (Thumb, 0 bytes, Stack size 0 bytes, symbol_g15.obj(ABSOLUTE))
<BR><BR>[Called By]<UL><LI><a href="#[32]">&gt;&gt;</a>&nbsp;&nbsp;&nbsp;rwip_slp_isr
</UL>

<P><STRONG><a name="[137]"></a>rwip_prevent_sleep_set</STRONG> (Thumb, 0 bytes, Stack size 0 bytes, symbol_g15.obj(ABSOLUTE))
<BR><BR>[Called By]<UL><LI><a href="#[32]">&gt;&gt;</a>&nbsp;&nbsp;&nbsp;rwip_slp_isr
</UL>

<P><STRONG><a name="[111]"></a>rwip_schedule</STRONG> (Thumb, 0 bytes, Stack size 0 bytes, symbol_g15.obj(ABSOLUTE))
<BR><BR>[Called By]<UL><LI><a href="#[26]">&gt;&gt;</a>&nbsp;&nbsp;&nbsp;main
</UL>

<P><STRONG><a name="[e9]"></a>rwip_time_get</STRONG> (Thumb, 0 bytes, Stack size 0 bytes, symbol_g15.obj(ABSOLUTE))
<BR><BR>[Called By]<UL><LI><a href="#[f7]">&gt;&gt;</a>&nbsp;&nbsp;&nbsp;ns_peripheral_config
<LI><a href="#[6a]">&gt;&gt;</a>&nbsp;&nbsp;&nbsp;ns_sec_bond_store_evt_handler
<LI><a href="#[4e]">&gt;&gt;</a>&nbsp;&nbsp;&nbsp;gapc_bond_req_ind_handler
</UL>

<P><STRONG><a name="[28]"></a>__main</STRONG> (Thumb, 0 bytes, Stack size unknown bytes, entry.o(.ARM.Collect$$$$00000000))
<BR>[Address Reference Count : 1]<UL><LI> startup_n32wb03x.o(.text)
</UL>
<P><STRONG><a name="[13d]"></a>_main_stk</STRONG> (Thumb, 0 bytes, Stack size unknown bytes, entry2.o(.ARM.Collect$$$$00000001))

<P><STRONG><a name="[6f]"></a>_main_scatterload</STRONG> (Thumb, 0 bytes, Stack size unknown bytes, entry5.o(.ARM.Collect$$$$00000004))
<BR><BR>[Calls]<UL><LI><a href="#[70]">&gt;&gt;</a>&nbsp;&nbsp;&nbsp;__scatterload
</UL>

<P><STRONG><a name="[80]"></a>__main_after_scatterload</STRONG> (Thumb, 0 bytes, Stack size unknown bytes, entry5.o(.ARM.Collect$$$$00000004))
<BR><BR>[Called By]<UL><LI><a href="#[70]">&gt;&gt;</a>&nbsp;&nbsp;&nbsp;__scatterload
</UL>

<P><STRONG><a name="[13e]"></a>_main_clock</STRONG> (Thumb, 0 bytes, Stack size unknown bytes, entry7b.o(.ARM.Collect$$$$00000008))

<P><STRONG><a name="[13f]"></a>_main_cpp_init</STRONG> (Thumb, 0 bytes, Stack size unknown bytes, entry8b.o(.ARM.Collect$$$$0000000A))

<P><STRONG><a name="[140]"></a>_main_init</STRONG> (Thumb, 0 bytes, Stack size unknown bytes, entry9a.o(.ARM.Collect$$$$0000000B))

<P><STRONG><a name="[141]"></a>__rt_final_cpp</STRONG> (Thumb, 0 bytes, Stack size unknown bytes, entry10a.o(.ARM.Collect$$$$0000000D))

<P><STRONG><a name="[142]"></a>__rt_final_exit</STRONG> (Thumb, 0 bytes, Stack size unknown bytes, entry11a.o(.ARM.Collect$$$$0000000F))

<P><STRONG><a name="[143]"></a>__asm___17_system_n32wb03x_c_f233b82c____REV16</STRONG> (Thumb, 4 bytes, Stack size 0 bytes, system_n32wb03x.o(.emb_text), UNUSED)

<P><STRONG><a name="[144]"></a>__asm___17_system_n32wb03x_c_f233b82c____REVSH</STRONG> (Thumb, 4 bytes, Stack size 0 bytes, system_n32wb03x.o(.emb_text), UNUSED)

<P><STRONG><a name="[71]"></a>system_delay_cycles</STRONG> (Thumb, 6 bytes, Stack size 0 bytes, system_n32wb03x.o(.emb_text))
<BR><BR>[Calls]<UL><LI><a href="#[71]">&gt;&gt;</a>&nbsp;&nbsp;&nbsp;system_delay_cycles
</UL>
<BR>[Called By]<UL><LI><a href="#[71]">&gt;&gt;</a>&nbsp;&nbsp;&nbsp;system_delay_cycles
<LI><a href="#[27]">&gt;&gt;</a>&nbsp;&nbsp;&nbsp;SystemInit
</UL>

<P><STRONG><a name="[0]"></a>Reset_Handler</STRONG> (Thumb, 8 bytes, Stack size 0 bytes, startup_n32wb03x.o(.text))
<BR>[Address Reference Count : 1]<UL><LI> startup_n32wb03x.o(RESET)
</UL>
<P><STRONG><a name="[1]"></a>NMI_Handler</STRONG> (Thumb, 2 bytes, Stack size 0 bytes, startup_n32wb03x.o(.text))
<BR><BR>[Calls]<UL><LI><a href="#[1]">&gt;&gt;</a>&nbsp;&nbsp;&nbsp;NMI_Handler
</UL>
<BR>[Called By]<UL><LI><a href="#[1]">&gt;&gt;</a>&nbsp;&nbsp;&nbsp;NMI_Handler
</UL>
<BR>[Address Reference Count : 1]<UL><LI> startup_n32wb03x.o(RESET)
</UL>
<P><STRONG><a name="[2]"></a>HardFault_Handler</STRONG> (Thumb, 2 bytes, Stack size 0 bytes, startup_n32wb03x.o(.text))
<BR><BR>[Calls]<UL><LI><a href="#[2]">&gt;&gt;</a>&nbsp;&nbsp;&nbsp;HardFault_Handler
</UL>
<BR>[Called By]<UL><LI><a href="#[2]">&gt;&gt;</a>&nbsp;&nbsp;&nbsp;HardFault_Handler
</UL>
<BR>[Address Reference Count : 1]<UL><LI> startup_n32wb03x.o(RESET)
</UL>
<P><STRONG><a name="[3]"></a>SVC_Handler</STRONG> (Thumb, 2 bytes, Stack size 0 bytes, startup_n32wb03x.o(.text))
<BR><BR>[Calls]<UL><LI><a href="#[3]">&gt;&gt;</a>&nbsp;&nbsp;&nbsp;SVC_Handler
</UL>
<BR>[Called By]<UL><LI><a href="#[3]">&gt;&gt;</a>&nbsp;&nbsp;&nbsp;SVC_Handler
</UL>
<BR>[Address Reference Count : 1]<UL><LI> startup_n32wb03x.o(RESET)
</UL>
<P><STRONG><a name="[4]"></a>PendSV_Handler</STRONG> (Thumb, 2 bytes, Stack size 0 bytes, startup_n32wb03x.o(.text))
<BR><BR>[Calls]<UL><LI><a href="#[4]">&gt;&gt;</a>&nbsp;&nbsp;&nbsp;PendSV_Handler
</UL>
<BR>[Called By]<UL><LI><a href="#[4]">&gt;&gt;</a>&nbsp;&nbsp;&nbsp;PendSV_Handler
</UL>
<BR>[Address Reference Count : 1]<UL><LI> startup_n32wb03x.o(RESET)
</UL>
<P><STRONG><a name="[1b]"></a>ADC_IRQHandler</STRONG> (Thumb, 0 bytes, Stack size 0 bytes, startup_n32wb03x.o(.text))
<BR><BR>[Calls]<UL><LI><a href="#[1b]">&gt;&gt;</a>&nbsp;&nbsp;&nbsp;ADC_IRQHandler
</UL>
<BR>[Called By]<UL><LI><a href="#[1b]">&gt;&gt;</a>&nbsp;&nbsp;&nbsp;ADC_IRQHandler
</UL>
<BR>[Address Reference Count : 1]<UL><LI> startup_n32wb03x.o(RESET)
</UL>
<P><STRONG><a name="[18]"></a>BLE_CRYPT_IRQHandler</STRONG> (Thumb, 0 bytes, Stack size 0 bytes, startup_n32wb03x.o(.text))
<BR>[Address Reference Count : 1]<UL><LI> startup_n32wb03x.o(RESET)
</UL>
<P><STRONG><a name="[17]"></a>BLE_ERROR_IRQHandler</STRONG> (Thumb, 0 bytes, Stack size 0 bytes, startup_n32wb03x.o(.text))
<BR>[Address Reference Count : 1]<UL><LI> startup_n32wb03x.o(RESET)
</UL>
<P><STRONG><a name="[10]"></a>BLE_FIFO_IRQHandler</STRONG> (Thumb, 0 bytes, Stack size 0 bytes, startup_n32wb03x.o(.text))
<BR>[Address Reference Count : 1]<UL><LI> startup_n32wb03x.o(RESET)
</UL>
<P><STRONG><a name="[f]"></a>BLE_FINETGT_IRQHandler</STRONG> (Thumb, 0 bytes, Stack size 0 bytes, startup_n32wb03x.o(.text))
<BR>[Address Reference Count : 1]<UL><LI> startup_n32wb03x.o(RESET)
</UL>
<P><STRONG><a name="[9]"></a>BLE_HSLOT_IRQHandler</STRONG> (Thumb, 0 bytes, Stack size 0 bytes, startup_n32wb03x.o(.text))
<BR>[Address Reference Count : 1]<UL><LI> startup_n32wb03x.o(RESET)
</UL>
<P><STRONG><a name="[20]"></a>BLE_SLP_IRQHandler</STRONG> (Thumb, 0 bytes, Stack size 0 bytes, startup_n32wb03x.o(.text))
<BR>[Address Reference Count : 1]<UL><LI> startup_n32wb03x.o(RESET)
</UL>
<P><STRONG><a name="[7]"></a>BLE_SW_IRQHandler</STRONG> (Thumb, 0 bytes, Stack size 0 bytes, startup_n32wb03x.o(.text))
<BR>[Address Reference Count : 1]<UL><LI> startup_n32wb03x.o(RESET)
</UL>
<P><STRONG><a name="[19]"></a>BLE_TIMESTAMP_TGT1_IRQHandler</STRONG> (Thumb, 0 bytes, Stack size 0 bytes, startup_n32wb03x.o(.text))
<BR>[Address Reference Count : 1]<UL><LI> startup_n32wb03x.o(RESET)
</UL>
<P><STRONG><a name="[1e]"></a>BLE_TIMESTAMP_TGT2_IRQHandler</STRONG> (Thumb, 0 bytes, Stack size 0 bytes, startup_n32wb03x.o(.text))
<BR>[Address Reference Count : 1]<UL><LI> startup_n32wb03x.o(RESET)
</UL>
<P><STRONG><a name="[12]"></a>DMA_Channel5_IRQHandler</STRONG> (Thumb, 0 bytes, Stack size 0 bytes, startup_n32wb03x.o(.text))
<BR>[Address Reference Count : 1]<UL><LI> startup_n32wb03x.o(RESET)
</UL>
<P><STRONG><a name="[c]"></a>EXTI0_1_IRQHandler</STRONG> (Thumb, 0 bytes, Stack size 0 bytes, startup_n32wb03x.o(.text))
<BR>[Address Reference Count : 1]<UL><LI> startup_n32wb03x.o(RESET)
</UL>
<P><STRONG><a name="[d]"></a>EXTI2_3_IRQHandler</STRONG> (Thumb, 0 bytes, Stack size 0 bytes, startup_n32wb03x.o(.text))
<BR>[Address Reference Count : 1]<UL><LI> startup_n32wb03x.o(RESET)
</UL>
<P><STRONG><a name="[e]"></a>EXTI4_12_IRQHandler</STRONG> (Thumb, 0 bytes, Stack size 0 bytes, startup_n32wb03x.o(.text))
<BR>[Address Reference Count : 1]<UL><LI> startup_n32wb03x.o(RESET)
</UL>
<P><STRONG><a name="[a]"></a>FLASH_IRQHandler</STRONG> (Thumb, 0 bytes, Stack size 0 bytes, startup_n32wb03x.o(.text))
<BR>[Address Reference Count : 1]<UL><LI> startup_n32wb03x.o(RESET)
</UL>
<P><STRONG><a name="[1d]"></a>I2C1_IRQHandler</STRONG> (Thumb, 0 bytes, Stack size 0 bytes, startup_n32wb03x.o(.text))
<BR>[Address Reference Count : 1]<UL><LI> startup_n32wb03x.o(RESET)
</UL>
<P><STRONG><a name="[25]"></a>IRC_IRQHandler</STRONG> (Thumb, 0 bytes, Stack size 0 bytes, startup_n32wb03x.o(.text))
<BR>[Address Reference Count : 1]<UL><LI> startup_n32wb03x.o(RESET)
</UL>
<P><STRONG><a name="[21]"></a>KEYSCAN_IRQHandler</STRONG> (Thumb, 0 bytes, Stack size 0 bytes, startup_n32wb03x.o(.text))
<BR>[Address Reference Count : 1]<UL><LI> startup_n32wb03x.o(RESET)
</UL>
<P><STRONG><a name="[23]"></a>LPUART1_IRQHandler</STRONG> (Thumb, 0 bytes, Stack size 0 bytes, startup_n32wb03x.o(.text))
<BR>[Address Reference Count : 1]<UL><LI> startup_n32wb03x.o(RESET)
</UL>
<P><STRONG><a name="[b]"></a>RCC_IRQHandler</STRONG> (Thumb, 0 bytes, Stack size 0 bytes, startup_n32wb03x.o(.text))
<BR>[Address Reference Count : 1]<UL><LI> startup_n32wb03x.o(RESET)
</UL>
<P><STRONG><a name="[15]"></a>RESERVED_IRQHandler</STRONG> (Thumb, 0 bytes, Stack size 0 bytes, startup_n32wb03x.o(.text))
<BR>[Address Reference Count : 1]<UL><LI> startup_n32wb03x.o(RESET)
</UL>
<P><STRONG><a name="[8]"></a>RTC_IRQHandler</STRONG> (Thumb, 0 bytes, Stack size 0 bytes, startup_n32wb03x.o(.text))
<BR>[Address Reference Count : 1]<UL><LI> startup_n32wb03x.o(RESET)
</UL>
<P><STRONG><a name="[1f]"></a>SPI1_IRQHandler</STRONG> (Thumb, 0 bytes, Stack size 0 bytes, startup_n32wb03x.o(.text))
<BR>[Address Reference Count : 1]<UL><LI> startup_n32wb03x.o(RESET)
</UL>
<P><STRONG><a name="[1c]"></a>SPI2_IRQHandler</STRONG> (Thumb, 0 bytes, Stack size 0 bytes, startup_n32wb03x.o(.text))
<BR>[Address Reference Count : 1]<UL><LI> startup_n32wb03x.o(RESET)
</UL>
<P><STRONG><a name="[13]"></a>TIM1_BRK_UP_TRG_COM_IRQHandler</STRONG> (Thumb, 0 bytes, Stack size 0 bytes, startup_n32wb03x.o(.text))
<BR>[Address Reference Count : 1]<UL><LI> startup_n32wb03x.o(RESET)
</UL>
<P><STRONG><a name="[14]"></a>TIM1_CC_IRQHandler</STRONG> (Thumb, 0 bytes, Stack size 0 bytes, startup_n32wb03x.o(.text))
<BR>[Address Reference Count : 1]<UL><LI> startup_n32wb03x.o(RESET)
</UL>
<P><STRONG><a name="[16]"></a>TIM3_IRQHandler</STRONG> (Thumb, 0 bytes, Stack size 0 bytes, startup_n32wb03x.o(.text))
<BR>[Address Reference Count : 1]<UL><LI> startup_n32wb03x.o(RESET)
</UL>
<P><STRONG><a name="[1a]"></a>TIM6_IRQHandler</STRONG> (Thumb, 0 bytes, Stack size 0 bytes, startup_n32wb03x.o(.text))
<BR>[Address Reference Count : 1]<UL><LI> startup_n32wb03x.o(RESET)
</UL>
<P><STRONG><a name="[24]"></a>USART2_IRQHandler</STRONG> (Thumb, 0 bytes, Stack size 0 bytes, startup_n32wb03x.o(.text))
<BR>[Address Reference Count : 1]<UL><LI> startup_n32wb03x.o(RESET)
</UL>
<P><STRONG><a name="[6]"></a>WWDG_IRQHandler</STRONG> (Thumb, 0 bytes, Stack size 0 bytes, startup_n32wb03x.o(.text))
<BR>[Address Reference Count : 1]<UL><LI> startup_n32wb03x.o(RESET)
</UL>
<P><STRONG><a name="[145]"></a>__aeabi_uidiv</STRONG> (Thumb, 0 bytes, Stack size 12 bytes, uidiv.o(.text), UNUSED)

<P><STRONG><a name="[90]"></a>__aeabi_uidivmod</STRONG> (Thumb, 44 bytes, Stack size 12 bytes, uidiv.o(.text))
<BR><BR>[Stack]<UL><LI>Max Depth = 12<LI>Call Chain = __aeabi_uidivmod
</UL>
<BR>[Called By]<UL><LI><a href="#[8d]">&gt;&gt;</a>&nbsp;&nbsp;&nbsp;LPUART_Init
<LI><a href="#[4e]">&gt;&gt;</a>&nbsp;&nbsp;&nbsp;gapc_bond_req_ind_handler
<LI><a href="#[d7]">&gt;&gt;</a>&nbsp;&nbsp;&nbsp;timer_init
<LI><a href="#[a1]">&gt;&gt;</a>&nbsp;&nbsp;&nbsp;TM1650_DisplayTime
<LI><a href="#[9f]">&gt;&gt;</a>&nbsp;&nbsp;&nbsp;TM1650_DisplayInt
<LI><a href="#[c9]">&gt;&gt;</a>&nbsp;&nbsp;&nbsp;app_usart_rx_data_fifo_enter
</UL>

<P><STRONG><a name="[72]"></a>__aeabi_uldivmod</STRONG> (Thumb, 96 bytes, Stack size 48 bytes, uldiv.o(.text))
<BR><BR>[Stack]<UL><LI>Max Depth = 56<LI>Call Chain = __aeabi_uldivmod &rArr; __aeabi_llsr
</UL>
<BR>[Calls]<UL><LI><a href="#[73]">&gt;&gt;</a>&nbsp;&nbsp;&nbsp;__aeabi_llsr
<LI><a href="#[74]">&gt;&gt;</a>&nbsp;&nbsp;&nbsp;__aeabi_llsl
</UL>
<BR>[Called By]<UL><LI><a href="#[32]">&gt;&gt;</a>&nbsp;&nbsp;&nbsp;rwip_slp_isr
<LI><a href="#[a8]">&gt;&gt;</a>&nbsp;&nbsp;&nbsp;_printf_core
</UL>

<P><STRONG><a name="[ea]"></a>rand</STRONG> (Thumb, 18 bytes, Stack size 0 bytes, rand.o(.text))
<BR><BR>[Called By]<UL><LI><a href="#[4e]">&gt;&gt;</a>&nbsp;&nbsp;&nbsp;gapc_bond_req_ind_handler
</UL>

<P><STRONG><a name="[102]"></a>srand</STRONG> (Thumb, 6 bytes, Stack size 0 bytes, rand.o(.text))
<BR><BR>[Called By]<UL><LI><a href="#[55]">&gt;&gt;</a>&nbsp;&nbsp;&nbsp;gapm_gen_rand_nb_ind_handler
</UL>

<P><STRONG><a name="[99]"></a>__aeabi_memcpy</STRONG> (Thumb, 36 bytes, Stack size 0 bytes, memcpya.o(.text))
<BR><BR>[Called By]<UL><LI><a href="#[97]">&gt;&gt;</a>&nbsp;&nbsp;&nbsp;OTPTrim_Read
<LI><a href="#[cc]">&gt;&gt;</a>&nbsp;&nbsp;&nbsp;attm_att_set_value
<LI><a href="#[9a]">&gt;&gt;</a>&nbsp;&nbsp;&nbsp;Qflash_Init
<LI><a href="#[4c]">&gt;&gt;</a>&nbsp;&nbsp;&nbsp;rdtss_value_req_rsp_handler
<LI><a href="#[48]">&gt;&gt;</a>&nbsp;&nbsp;&nbsp;rdtss_val_ntf_req_handler
<LI><a href="#[4a]">&gt;&gt;</a>&nbsp;&nbsp;&nbsp;rdtss_val_ind_req_handler
<LI><a href="#[10a]">&gt;&gt;</a>&nbsp;&nbsp;&nbsp;rdtss_att_set_value
<LI><a href="#[45]">&gt;&gt;</a>&nbsp;&nbsp;&nbsp;gattc_write_req_ind_handler
<LI><a href="#[44]">&gt;&gt;</a>&nbsp;&nbsp;&nbsp;gattc_read_req_ind_handler
<LI><a href="#[124]">&gt;&gt;</a>&nbsp;&nbsp;&nbsp;rdtss_set_ccc_value
<LI><a href="#[128]">&gt;&gt;</a>&nbsp;&nbsp;&nbsp;rdtss_init_ccc_values
<LI><a href="#[3e]">&gt;&gt;</a>&nbsp;&nbsp;&nbsp;gattc_read_req_ind_handler
<LI><a href="#[3f]">&gt;&gt;</a>&nbsp;&nbsp;&nbsp;diss_value_cfm_handler
<LI><a href="#[3d]">&gt;&gt;</a>&nbsp;&nbsp;&nbsp;diss_set_value_req_handler
<LI><a href="#[b0]">&gt;&gt;</a>&nbsp;&nbsp;&nbsp;ns_ble_gap_init
<LI><a href="#[c6]">&gt;&gt;</a>&nbsp;&nbsp;&nbsp;app_set_scan_rsp_data
<LI><a href="#[c5]">&gt;&gt;</a>&nbsp;&nbsp;&nbsp;app_set_adv_data
<LI><a href="#[fa]">&gt;&gt;</a>&nbsp;&nbsp;&nbsp;ns_ble_list_set_ral
<LI><a href="#[6a]">&gt;&gt;</a>&nbsp;&nbsp;&nbsp;ns_sec_bond_store_evt_handler
<LI><a href="#[f5]">&gt;&gt;</a>&nbsp;&nbsp;&nbsp;ns_bond_search_addr_irk
<LI><a href="#[fe]">&gt;&gt;</a>&nbsp;&nbsp;&nbsp;ns_bond_resolv_addr_start
<LI><a href="#[f8]">&gt;&gt;</a>&nbsp;&nbsp;&nbsp;ns_bond_last_bonded_ral_info
<LI><a href="#[11b]">&gt;&gt;</a>&nbsp;&nbsp;&nbsp;ns_bond_db_load
<LI><a href="#[50]">&gt;&gt;</a>&nbsp;&nbsp;&nbsp;gapc_encrypt_req_ind_handler
<LI><a href="#[4e]">&gt;&gt;</a>&nbsp;&nbsp;&nbsp;gapc_bond_req_ind_handler
<LI><a href="#[4f]">&gt;&gt;</a>&nbsp;&nbsp;&nbsp;gapc_bond_ind_handler
<LI><a href="#[c9]">&gt;&gt;</a>&nbsp;&nbsp;&nbsp;app_usart_rx_data_fifo_enter
<LI><a href="#[ae]">&gt;&gt;</a>&nbsp;&nbsp;&nbsp;app_ble_gap_params_init
<LI><a href="#[d2]">&gt;&gt;</a>&nbsp;&nbsp;&nbsp;rdtss_send_notify
<LI><a href="#[6c]">&gt;&gt;</a>&nbsp;&nbsp;&nbsp;rdtss_value_req_ind_handler
<LI><a href="#[6b]">&gt;&gt;</a>&nbsp;&nbsp;&nbsp;diss_value_req_ind_handler
<LI><a href="#[57]">&gt;&gt;</a>&nbsp;&nbsp;&nbsp;gapm_cmp_evt_handler
<LI><a href="#[56]">&gt;&gt;</a>&nbsp;&nbsp;&nbsp;gapm_addr_solved_ind_handler
<LI><a href="#[64]">&gt;&gt;</a>&nbsp;&nbsp;&nbsp;gapc_set_dev_info_req_ind_handler
<LI><a href="#[62]">&gt;&gt;</a>&nbsp;&nbsp;&nbsp;gapc_get_dev_info_req_ind_handler
</UL>

<P><STRONG><a name="[ac]"></a>__aeabi_memcpy4</STRONG> (Thumb, 0 bytes, Stack size 0 bytes, memcpya.o(.text))
<BR><BR>[Called By]<UL><LI><a href="#[b2]">&gt;&gt;</a>&nbsp;&nbsp;&nbsp;ns_ble_stack_init
<LI><a href="#[ad]">&gt;&gt;</a>&nbsp;&nbsp;&nbsp;ns_ble_adv_init
<LI><a href="#[ab]">&gt;&gt;</a>&nbsp;&nbsp;&nbsp;app_ble_adv_init
</UL>

<P><STRONG><a name="[146]"></a>__aeabi_memcpy8</STRONG> (Thumb, 0 bytes, Stack size 0 bytes, memcpya.o(.text), UNUSED)

<P><STRONG><a name="[76]"></a>__aeabi_memset</STRONG> (Thumb, 14 bytes, Stack size 0 bytes, memseta.o(.text))
<BR><BR>[Called By]<UL><LI><a href="#[77]">&gt;&gt;</a>&nbsp;&nbsp;&nbsp;_memset$wrapper
<LI><a href="#[75]">&gt;&gt;</a>&nbsp;&nbsp;&nbsp;__aeabi_memclr
</UL>

<P><STRONG><a name="[147]"></a>__aeabi_memset4</STRONG> (Thumb, 0 bytes, Stack size 0 bytes, memseta.o(.text), UNUSED)

<P><STRONG><a name="[148]"></a>__aeabi_memset8</STRONG> (Thumb, 0 bytes, Stack size 0 bytes, memseta.o(.text), UNUSED)

<P><STRONG><a name="[75]"></a>__aeabi_memclr</STRONG> (Thumb, 4 bytes, Stack size 0 bytes, memseta.o(.text))
<BR><BR>[Calls]<UL><LI><a href="#[76]">&gt;&gt;</a>&nbsp;&nbsp;&nbsp;__aeabi_memset
</UL>
<BR>[Called By]<UL><LI><a href="#[b2]">&gt;&gt;</a>&nbsp;&nbsp;&nbsp;ns_ble_stack_init
<LI><a href="#[f8]">&gt;&gt;</a>&nbsp;&nbsp;&nbsp;ns_bond_last_bonded_ral_info
<LI><a href="#[4e]">&gt;&gt;</a>&nbsp;&nbsp;&nbsp;gapc_bond_req_ind_handler
<LI><a href="#[57]">&gt;&gt;</a>&nbsp;&nbsp;&nbsp;gapm_cmp_evt_handler
<LI><a href="#[61]">&gt;&gt;</a>&nbsp;&nbsp;&nbsp;gapc_disconnect_ind_handler
</UL>

<P><STRONG><a name="[98]"></a>__aeabi_memclr4</STRONG> (Thumb, 0 bytes, Stack size 0 bytes, memseta.o(.text))
<BR><BR>[Called By]<UL><LI><a href="#[97]">&gt;&gt;</a>&nbsp;&nbsp;&nbsp;OTPTrim_Read
<LI><a href="#[b2]">&gt;&gt;</a>&nbsp;&nbsp;&nbsp;ns_ble_stack_init
<LI><a href="#[6a]">&gt;&gt;</a>&nbsp;&nbsp;&nbsp;ns_sec_bond_store_evt_handler
<LI><a href="#[f5]">&gt;&gt;</a>&nbsp;&nbsp;&nbsp;ns_bond_search_addr_irk
<LI><a href="#[fe]">&gt;&gt;</a>&nbsp;&nbsp;&nbsp;ns_bond_resolv_addr_start
<LI><a href="#[f8]">&gt;&gt;</a>&nbsp;&nbsp;&nbsp;ns_bond_last_bonded_ral_info
<LI><a href="#[bc]">&gt;&gt;</a>&nbsp;&nbsp;&nbsp;ns_bond_last_bonded_peer_id
<LI><a href="#[f9]">&gt;&gt;</a>&nbsp;&nbsp;&nbsp;ns_bond_last_bonded_addr
<LI><a href="#[50]">&gt;&gt;</a>&nbsp;&nbsp;&nbsp;gapc_encrypt_req_ind_handler
<LI><a href="#[ab]">&gt;&gt;</a>&nbsp;&nbsp;&nbsp;app_ble_adv_init
</UL>

<P><STRONG><a name="[149]"></a>__aeabi_memclr8</STRONG> (Thumb, 0 bytes, Stack size 0 bytes, memseta.o(.text), UNUSED)

<P><STRONG><a name="[77]"></a>_memset$wrapper</STRONG> (Thumb, 18 bytes, Stack size 8 bytes, memseta.o(.text), UNUSED)
<BR><BR>[Calls]<UL><LI><a href="#[76]">&gt;&gt;</a>&nbsp;&nbsp;&nbsp;__aeabi_memset
</UL>

<P><STRONG><a name="[f1]"></a>memcmp</STRONG> (Thumb, 26 bytes, Stack size 12 bytes, memcmp.o(.text))
<BR><BR>[Stack]<UL><LI>Max Depth = 12<LI>Call Chain = memcmp
</UL>
<BR>[Called By]<UL><LI><a href="#[100]">&gt;&gt;</a>&nbsp;&nbsp;&nbsp;ns_ble_scan_data_find
<LI><a href="#[f5]">&gt;&gt;</a>&nbsp;&nbsp;&nbsp;ns_bond_search_addr_irk
<LI><a href="#[50]">&gt;&gt;</a>&nbsp;&nbsp;&nbsp;gapc_encrypt_req_ind_handler
<LI><a href="#[59]">&gt;&gt;</a>&nbsp;&nbsp;&nbsp;gapm_ext_adv_repoer_ind_handler
</UL>

<P><STRONG><a name="[78]"></a>__aeabi_dmul</STRONG> (Thumb, 202 bytes, Stack size 72 bytes, dmul.o(.text))
<BR><BR>[Stack]<UL><LI>Max Depth = 128<LI>Call Chain = __aeabi_dmul &rArr; _double_epilogue &rArr; __aeabi_llsr
</UL>
<BR>[Calls]<UL><LI><a href="#[79]">&gt;&gt;</a>&nbsp;&nbsp;&nbsp;_double_epilogue
</UL>
<BR>[Called By]<UL><LI><a href="#[32]">&gt;&gt;</a>&nbsp;&nbsp;&nbsp;rwip_slp_isr
</UL>

<P><STRONG><a name="[7a]"></a>__aeabi_ddiv</STRONG> (Thumb, 234 bytes, Stack size 40 bytes, ddiv.o(.text))
<BR><BR>[Stack]<UL><LI>Max Depth = 48<LI>Call Chain = __aeabi_ddiv &rArr; _double_round
</UL>
<BR>[Calls]<UL><LI><a href="#[7b]">&gt;&gt;</a>&nbsp;&nbsp;&nbsp;_double_round
</UL>
<BR>[Called By]<UL><LI><a href="#[32]">&gt;&gt;</a>&nbsp;&nbsp;&nbsp;rwip_slp_isr
</UL>

<P><STRONG><a name="[7c]"></a>__aeabi_ui2d</STRONG> (Thumb, 24 bytes, Stack size 16 bytes, dfltui.o(.text))
<BR><BR>[Stack]<UL><LI>Max Depth = 72<LI>Call Chain = __aeabi_ui2d &rArr; _double_epilogue &rArr; __aeabi_llsr
</UL>
<BR>[Calls]<UL><LI><a href="#[79]">&gt;&gt;</a>&nbsp;&nbsp;&nbsp;_double_epilogue
</UL>
<BR>[Called By]<UL><LI><a href="#[32]">&gt;&gt;</a>&nbsp;&nbsp;&nbsp;rwip_slp_isr
</UL>

<P><STRONG><a name="[7d]"></a>__aeabi_ul2d</STRONG> (Thumb, 22 bytes, Stack size 16 bytes, dfltul.o(.text))
<BR><BR>[Stack]<UL><LI>Max Depth = 72<LI>Call Chain = __aeabi_ul2d &rArr; _double_epilogue &rArr; __aeabi_llsr
</UL>
<BR>[Calls]<UL><LI><a href="#[79]">&gt;&gt;</a>&nbsp;&nbsp;&nbsp;_double_epilogue
</UL>
<BR>[Called By]<UL><LI><a href="#[32]">&gt;&gt;</a>&nbsp;&nbsp;&nbsp;rwip_slp_isr
</UL>

<P><STRONG><a name="[7e]"></a>__aeabi_d2ulz</STRONG> (Thumb, 54 bytes, Stack size 8 bytes, dfixul.o(.text))
<BR><BR>[Stack]<UL><LI>Max Depth = 16<LI>Call Chain = __aeabi_d2ulz &rArr; __aeabi_llsr
</UL>
<BR>[Calls]<UL><LI><a href="#[73]">&gt;&gt;</a>&nbsp;&nbsp;&nbsp;__aeabi_llsr
<LI><a href="#[74]">&gt;&gt;</a>&nbsp;&nbsp;&nbsp;__aeabi_llsl
</UL>
<BR>[Called By]<UL><LI><a href="#[32]">&gt;&gt;</a>&nbsp;&nbsp;&nbsp;rwip_slp_isr
</UL>

<P><STRONG><a name="[74]"></a>__aeabi_llsl</STRONG> (Thumb, 32 bytes, Stack size 8 bytes, llshl.o(.text))
<BR><BR>[Stack]<UL><LI>Max Depth = 8<LI>Call Chain = __aeabi_llsl
</UL>
<BR>[Called By]<UL><LI><a href="#[7e]">&gt;&gt;</a>&nbsp;&nbsp;&nbsp;__aeabi_d2ulz
<LI><a href="#[72]">&gt;&gt;</a>&nbsp;&nbsp;&nbsp;__aeabi_uldivmod
<LI><a href="#[79]">&gt;&gt;</a>&nbsp;&nbsp;&nbsp;_double_epilogue
</UL>

<P><STRONG><a name="[14a]"></a>_ll_shift_l</STRONG> (Thumb, 0 bytes, Stack size 8 bytes, llshl.o(.text), UNUSED)

<P><STRONG><a name="[73]"></a>__aeabi_llsr</STRONG> (Thumb, 34 bytes, Stack size 8 bytes, llushr.o(.text))
<BR><BR>[Stack]<UL><LI>Max Depth = 8<LI>Call Chain = __aeabi_llsr
</UL>
<BR>[Called By]<UL><LI><a href="#[7e]">&gt;&gt;</a>&nbsp;&nbsp;&nbsp;__aeabi_d2ulz
<LI><a href="#[72]">&gt;&gt;</a>&nbsp;&nbsp;&nbsp;__aeabi_uldivmod
<LI><a href="#[79]">&gt;&gt;</a>&nbsp;&nbsp;&nbsp;_double_epilogue
</UL>

<P><STRONG><a name="[14b]"></a>_ll_ushift_r</STRONG> (Thumb, 0 bytes, Stack size 8 bytes, llushr.o(.text), UNUSED)

<P><STRONG><a name="[14c]"></a>__I$use$fp</STRONG> (Thumb, 0 bytes, Stack size 8 bytes, iusefp.o(.text), UNUSED)

<P><STRONG><a name="[7b]"></a>_double_round</STRONG> (Thumb, 26 bytes, Stack size 8 bytes, depilogue.o(.text))
<BR><BR>[Stack]<UL><LI>Max Depth = 8<LI>Call Chain = _double_round
</UL>
<BR>[Called By]<UL><LI><a href="#[7a]">&gt;&gt;</a>&nbsp;&nbsp;&nbsp;__aeabi_ddiv
<LI><a href="#[79]">&gt;&gt;</a>&nbsp;&nbsp;&nbsp;_double_epilogue
</UL>

<P><STRONG><a name="[79]"></a>_double_epilogue</STRONG> (Thumb, 164 bytes, Stack size 48 bytes, depilogue.o(.text))
<BR><BR>[Stack]<UL><LI>Max Depth = 56<LI>Call Chain = _double_epilogue &rArr; __aeabi_llsr
</UL>
<BR>[Calls]<UL><LI><a href="#[7f]">&gt;&gt;</a>&nbsp;&nbsp;&nbsp;__ARM_clz
<LI><a href="#[73]">&gt;&gt;</a>&nbsp;&nbsp;&nbsp;__aeabi_llsr
<LI><a href="#[74]">&gt;&gt;</a>&nbsp;&nbsp;&nbsp;__aeabi_llsl
<LI><a href="#[7b]">&gt;&gt;</a>&nbsp;&nbsp;&nbsp;_double_round
</UL>
<BR>[Called By]<UL><LI><a href="#[7d]">&gt;&gt;</a>&nbsp;&nbsp;&nbsp;__aeabi_ul2d
<LI><a href="#[7c]">&gt;&gt;</a>&nbsp;&nbsp;&nbsp;__aeabi_ui2d
<LI><a href="#[78]">&gt;&gt;</a>&nbsp;&nbsp;&nbsp;__aeabi_dmul
</UL>

<P><STRONG><a name="[70]"></a>__scatterload</STRONG> (Thumb, 28 bytes, Stack size 0 bytes, init.o(.text))
<BR><BR>[Calls]<UL><LI><a href="#[80]">&gt;&gt;</a>&nbsp;&nbsp;&nbsp;__main_after_scatterload
</UL>
<BR>[Called By]<UL><LI><a href="#[6f]">&gt;&gt;</a>&nbsp;&nbsp;&nbsp;_main_scatterload
</UL>

<P><STRONG><a name="[14d]"></a>__scatterload_rt2</STRONG> (Thumb, 0 bytes, Stack size 0 bytes, init.o(.text), UNUSED)

<P><STRONG><a name="[14e]"></a>__decompress</STRONG> (Thumb, 0 bytes, Stack size unknown bytes, __dclz77c.o(.text), UNUSED)

<P><STRONG><a name="[14f]"></a>__decompress2</STRONG> (Thumb, 96 bytes, Stack size unknown bytes, __dclz77c.o(.text), UNUSED)

<P><STRONG><a name="[81]"></a>BuzzerInit</STRONG> (Thumb, 72 bytes, Stack size 40 bytes, bsp_buzzer.o(i.BuzzerInit))
<BR><BR>[Stack]<UL><LI>Max Depth = 56<LI>Call Chain = BuzzerInit &rArr; GPIO_InitPeripheral
</UL>
<BR>[Calls]<UL><LI><a href="#[83]">&gt;&gt;</a>&nbsp;&nbsp;&nbsp;GPIO_ResetBits
<LI><a href="#[84]">&gt;&gt;</a>&nbsp;&nbsp;&nbsp;GPIO_InitStruct
<LI><a href="#[85]">&gt;&gt;</a>&nbsp;&nbsp;&nbsp;GPIO_InitPeripheral
<LI><a href="#[82]">&gt;&gt;</a>&nbsp;&nbsp;&nbsp;RCC_EnableAPB2PeriphClk
</UL>
<BR>[Called By]<UL><LI><a href="#[d5]">&gt;&gt;</a>&nbsp;&nbsp;&nbsp;bsp_init
</UL>

<P><STRONG><a name="[86]"></a>BuzzerOff</STRONG> (Thumb, 8 bytes, Stack size 8 bytes, bsp_buzzer.o(i.BuzzerOff))
<BR><BR>[Stack]<UL><LI>Max Depth = 8<LI>Call Chain = BuzzerOff
</UL>
<BR>[Calls]<UL><LI><a href="#[83]">&gt;&gt;</a>&nbsp;&nbsp;&nbsp;GPIO_ResetBits
</UL>
<BR>[Called By]<UL><LI><a href="#[cf]">&gt;&gt;</a>&nbsp;&nbsp;&nbsp;ble_rx_msg
</UL>

<P><STRONG><a name="[87]"></a>BuzzerOn</STRONG> (Thumb, 8 bytes, Stack size 8 bytes, bsp_buzzer.o(i.BuzzerOn))
<BR><BR>[Stack]<UL><LI>Max Depth = 8<LI>Call Chain = BuzzerOn
</UL>
<BR>[Calls]<UL><LI><a href="#[88]">&gt;&gt;</a>&nbsp;&nbsp;&nbsp;GPIO_SetBits
</UL>
<BR>[Called By]<UL><LI><a href="#[cf]">&gt;&gt;</a>&nbsp;&nbsp;&nbsp;ble_rx_msg
</UL>

<P><STRONG><a name="[d4]"></a>CRC16_CalcBufCrc</STRONG> (Thumb, 28 bytes, Stack size 4 bytes, n32wb03x_crc.o(i.CRC16_CalcBufCrc))
<BR><BR>[Stack]<UL><LI>Max Depth = 4<LI>Call Chain = CRC16_CalcBufCrc
</UL>
<BR>[Called By]<UL><LI><a href="#[d0]">&gt;&gt;</a>&nbsp;&nbsp;&nbsp;resolve_frame
<LI><a href="#[d1]">&gt;&gt;</a>&nbsp;&nbsp;&nbsp;bsp_create_frame
</UL>

<P><STRONG><a name="[11]"></a>DMA_Channel1_2_3_4_IRQHandler</STRONG> (Thumb, 90 bytes, Stack size 8 bytes, bsp_usart.o(i.DMA_Channel1_2_3_4_IRQHandler))
<BR><BR>[Stack]<UL><LI>Max Depth = 72<LI>Call Chain = DMA_Channel1_2_3_4_IRQHandler &rArr; usart_rx_check_in_irq &rArr; app_usart_rx_data_fifo_enter &rArr; __2printf
</UL>
<BR>[Calls]<UL><LI><a href="#[89]">&gt;&gt;</a>&nbsp;&nbsp;&nbsp;DMA_GetFlagStatus
<LI><a href="#[8b]">&gt;&gt;</a>&nbsp;&nbsp;&nbsp;DMA_ClearFlag
<LI><a href="#[8c]">&gt;&gt;</a>&nbsp;&nbsp;&nbsp;usart_rx_check_in_irq
<LI><a href="#[8a]">&gt;&gt;</a>&nbsp;&nbsp;&nbsp;ke_msg_send_basic
</UL>
<BR>[Address Reference Count : 1]<UL><LI> startup_n32wb03x.o(RESET)
</UL>
<P><STRONG><a name="[8b]"></a>DMA_ClearFlag</STRONG> (Thumb, 4 bytes, Stack size 0 bytes, n32wb03x_dma.o(i.DMA_ClearFlag))
<BR><BR>[Called By]<UL><LI><a href="#[11]">&gt;&gt;</a>&nbsp;&nbsp;&nbsp;DMA_Channel1_2_3_4_IRQHandler
</UL>

<P><STRONG><a name="[13c]"></a>DMA_EnableChannel</STRONG> (Thumb, 20 bytes, Stack size 0 bytes, n32wb03x_dma.o(i.DMA_EnableChannel))
<BR><BR>[Called By]<UL><LI><a href="#[cb]">&gt;&gt;</a>&nbsp;&nbsp;&nbsp;usart_tx_dma_send
</UL>

<P><STRONG><a name="[13a]"></a>DMA_GetCurrDataCounter</STRONG> (Thumb, 6 bytes, Stack size 0 bytes, n32wb03x_dma.o(i.DMA_GetCurrDataCounter))
<BR><BR>[Called By]<UL><LI><a href="#[8c]">&gt;&gt;</a>&nbsp;&nbsp;&nbsp;usart_rx_check_in_irq
</UL>

<P><STRONG><a name="[89]"></a>DMA_GetFlagStatus</STRONG> (Thumb, 14 bytes, Stack size 0 bytes, n32wb03x_dma.o(i.DMA_GetFlagStatus))
<BR><BR>[Called By]<UL><LI><a href="#[11]">&gt;&gt;</a>&nbsp;&nbsp;&nbsp;DMA_Channel1_2_3_4_IRQHandler
</UL>

<P><STRONG><a name="[13b]"></a>DMA_Init</STRONG> (Thumb, 58 bytes, Stack size 8 bytes, n32wb03x_dma.o(i.DMA_Init))
<BR><BR>[Stack]<UL><LI>Max Depth = 8<LI>Call Chain = DMA_Init
</UL>
<BR>[Called By]<UL><LI><a href="#[cb]">&gt;&gt;</a>&nbsp;&nbsp;&nbsp;usart_tx_dma_send
</UL>

<P><STRONG><a name="[114]"></a>EXTI_ClrITPendBit</STRONG> (Thumb, 6 bytes, Stack size 0 bytes, n32wb03x_exti.o(i.EXTI_ClrITPendBit))
<BR><BR>[Called By]<UL><LI><a href="#[33]">&gt;&gt;</a>&nbsp;&nbsp;&nbsp;ns_EXTI4_12_IRQHandler
</UL>

<P><STRONG><a name="[113]"></a>EXTI_GetITStatus</STRONG> (Thumb, 24 bytes, Stack size 0 bytes, n32wb03x_exti.o(i.EXTI_GetITStatus))
<BR><BR>[Called By]<UL><LI><a href="#[33]">&gt;&gt;</a>&nbsp;&nbsp;&nbsp;ns_EXTI4_12_IRQHandler
</UL>

<P><STRONG><a name="[116]"></a>EXTI_InitPeripheral</STRONG> (Thumb, 108 bytes, Stack size 4 bytes, n32wb03x_exti.o(i.EXTI_InitPeripheral))
<BR><BR>[Stack]<UL><LI>Max Depth = 4<LI>Call Chain = EXTI_InitPeripheral
</UL>
<BR>[Called By]<UL><LI><a href="#[b2]">&gt;&gt;</a>&nbsp;&nbsp;&nbsp;ns_ble_stack_init
</UL>

<P><STRONG><a name="[85]"></a>GPIO_InitPeripheral</STRONG> (Thumb, 184 bytes, Stack size 16 bytes, n32wb03x_gpio.o(i.GPIO_InitPeripheral))
<BR><BR>[Stack]<UL><LI>Max Depth = 16<LI>Call Chain = GPIO_InitPeripheral
</UL>
<BR>[Called By]<UL><LI><a href="#[110]">&gt;&gt;</a>&nbsp;&nbsp;&nbsp;ns_log_lpuart_init
<LI><a href="#[a2]">&gt;&gt;</a>&nbsp;&nbsp;&nbsp;TM1650_Init
<LI><a href="#[9b]">&gt;&gt;</a>&nbsp;&nbsp;&nbsp;RelayInit
<LI><a href="#[93]">&gt;&gt;</a>&nbsp;&nbsp;&nbsp;LedInitSingle
<LI><a href="#[81]">&gt;&gt;</a>&nbsp;&nbsp;&nbsp;BuzzerInit
</UL>

<P><STRONG><a name="[84]"></a>GPIO_InitStruct</STRONG> (Thumb, 22 bytes, Stack size 0 bytes, n32wb03x_gpio.o(i.GPIO_InitStruct))
<BR><BR>[Called By]<UL><LI><a href="#[110]">&gt;&gt;</a>&nbsp;&nbsp;&nbsp;ns_log_lpuart_init
<LI><a href="#[a2]">&gt;&gt;</a>&nbsp;&nbsp;&nbsp;TM1650_Init
<LI><a href="#[9b]">&gt;&gt;</a>&nbsp;&nbsp;&nbsp;RelayInit
<LI><a href="#[93]">&gt;&gt;</a>&nbsp;&nbsp;&nbsp;LedInitSingle
<LI><a href="#[81]">&gt;&gt;</a>&nbsp;&nbsp;&nbsp;BuzzerInit
</UL>

<P><STRONG><a name="[83]"></a>GPIO_ResetBits</STRONG> (Thumb, 4 bytes, Stack size 0 bytes, n32wb03x_gpio.o(i.GPIO_ResetBits))
<BR><BR>[Called By]<UL><LI><a href="#[a0]">&gt;&gt;</a>&nbsp;&nbsp;&nbsp;TM1650_WriteData
<LI><a href="#[a3]">&gt;&gt;</a>&nbsp;&nbsp;&nbsp;TM1650_SetDisplay
<LI><a href="#[a5]">&gt;&gt;</a>&nbsp;&nbsp;&nbsp;TM1650_WriteByte
<LI><a href="#[9c]">&gt;&gt;</a>&nbsp;&nbsp;&nbsp;RelayOff
<LI><a href="#[9b]">&gt;&gt;</a>&nbsp;&nbsp;&nbsp;RelayInit
<LI><a href="#[86]">&gt;&gt;</a>&nbsp;&nbsp;&nbsp;BuzzerOff
<LI><a href="#[81]">&gt;&gt;</a>&nbsp;&nbsp;&nbsp;BuzzerInit
<LI><a href="#[95]">&gt;&gt;</a>&nbsp;&nbsp;&nbsp;LedOn
</UL>

<P><STRONG><a name="[88]"></a>GPIO_SetBits</STRONG> (Thumb, 4 bytes, Stack size 0 bytes, n32wb03x_gpio.o(i.GPIO_SetBits))
<BR><BR>[Called By]<UL><LI><a href="#[a0]">&gt;&gt;</a>&nbsp;&nbsp;&nbsp;TM1650_WriteData
<LI><a href="#[a3]">&gt;&gt;</a>&nbsp;&nbsp;&nbsp;TM1650_SetDisplay
<LI><a href="#[a2]">&gt;&gt;</a>&nbsp;&nbsp;&nbsp;TM1650_Init
<LI><a href="#[a5]">&gt;&gt;</a>&nbsp;&nbsp;&nbsp;TM1650_WriteByte
<LI><a href="#[9d]">&gt;&gt;</a>&nbsp;&nbsp;&nbsp;RelayOn
<LI><a href="#[93]">&gt;&gt;</a>&nbsp;&nbsp;&nbsp;LedInitSingle
<LI><a href="#[87]">&gt;&gt;</a>&nbsp;&nbsp;&nbsp;BuzzerOn
<LI><a href="#[94]">&gt;&gt;</a>&nbsp;&nbsp;&nbsp;LedOff
</UL>

<P><STRONG><a name="[92]"></a>GPIO_TogglePin</STRONG> (Thumb, 8 bytes, Stack size 0 bytes, n32wb03x_gpio.o(i.GPIO_TogglePin))
<BR><BR>[Called By]<UL><LI><a href="#[91]">&gt;&gt;</a>&nbsp;&nbsp;&nbsp;LedBlink
</UL>

<P><STRONG><a name="[e7]"></a>LPUART_ClrFlag</STRONG> (Thumb, 4 bytes, Stack size 0 bytes, n32wb03x_lpuart.o(i.LPUART_ClrFlag))
<BR><BR>[Called By]<UL><LI><a href="#[29]">&gt;&gt;</a>&nbsp;&nbsp;&nbsp;fputc
</UL>

<P><STRONG><a name="[11e]"></a>LPUART_DeInit</STRONG> (Thumb, 24 bytes, Stack size 0 bytes, n32wb03x_lpuart.o(i.LPUART_DeInit))
<BR><BR>[Called By]<UL><LI><a href="#[110]">&gt;&gt;</a>&nbsp;&nbsp;&nbsp;ns_log_lpuart_init
</UL>

<P><STRONG><a name="[e6]"></a>LPUART_GetFlagStatus</STRONG> (Thumb, 14 bytes, Stack size 0 bytes, n32wb03x_lpuart.o(i.LPUART_GetFlagStatus))
<BR><BR>[Called By]<UL><LI><a href="#[29]">&gt;&gt;</a>&nbsp;&nbsp;&nbsp;fputc
</UL>

<P><STRONG><a name="[8d]"></a>LPUART_Init</STRONG> (Thumb, 192 bytes, Stack size 56 bytes, n32wb03x_lpuart.o(i.LPUART_Init))
<BR><BR>[Stack]<UL><LI>Max Depth = 68<LI>Call Chain = LPUART_Init &rArr; __aeabi_uidivmod
</UL>
<BR>[Calls]<UL><LI><a href="#[8e]">&gt;&gt;</a>&nbsp;&nbsp;&nbsp;RCC_GetLpuartClkSrc
<LI><a href="#[8f]">&gt;&gt;</a>&nbsp;&nbsp;&nbsp;RCC_GetClocksFreqValue
<LI><a href="#[90]">&gt;&gt;</a>&nbsp;&nbsp;&nbsp;__aeabi_uidivmod
</UL>
<BR>[Called By]<UL><LI><a href="#[110]">&gt;&gt;</a>&nbsp;&nbsp;&nbsp;ns_log_lpuart_init
</UL>

<P><STRONG><a name="[e5]"></a>LPUART_SendData</STRONG> (Thumb, 4 bytes, Stack size 0 bytes, n32wb03x_lpuart.o(i.LPUART_SendData))
<BR><BR>[Called By]<UL><LI><a href="#[29]">&gt;&gt;</a>&nbsp;&nbsp;&nbsp;fputc
</UL>

<P><STRONG><a name="[91]"></a>LedBlink</STRONG> (Thumb, 8 bytes, Stack size 8 bytes, bsp_led.o(i.LedBlink))
<BR><BR>[Stack]<UL><LI>Max Depth = 8<LI>Call Chain = LedBlink
</UL>
<BR>[Calls]<UL><LI><a href="#[92]">&gt;&gt;</a>&nbsp;&nbsp;&nbsp;GPIO_TogglePin
</UL>
<BR>[Called By]<UL><LI><a href="#[112]">&gt;&gt;</a>&nbsp;&nbsp;&nbsp;timer_run
</UL>

<P><STRONG><a name="[93]"></a>LedInitSingle</STRONG> (Thumb, 72 bytes, Stack size 40 bytes, bsp_led.o(i.LedInitSingle))
<BR><BR>[Stack]<UL><LI>Max Depth = 56<LI>Call Chain = LedInitSingle &rArr; GPIO_InitPeripheral
</UL>
<BR>[Calls]<UL><LI><a href="#[88]">&gt;&gt;</a>&nbsp;&nbsp;&nbsp;GPIO_SetBits
<LI><a href="#[84]">&gt;&gt;</a>&nbsp;&nbsp;&nbsp;GPIO_InitStruct
<LI><a href="#[85]">&gt;&gt;</a>&nbsp;&nbsp;&nbsp;GPIO_InitPeripheral
<LI><a href="#[82]">&gt;&gt;</a>&nbsp;&nbsp;&nbsp;RCC_EnableAPB2PeriphClk
</UL>
<BR>[Called By]<UL><LI><a href="#[96]">&gt;&gt;</a>&nbsp;&nbsp;&nbsp;Led_Init
</UL>

<P><STRONG><a name="[94]"></a>LedOff</STRONG> (Thumb, 8 bytes, Stack size 8 bytes, bsp_led.o(i.LedOff))
<BR><BR>[Stack]<UL><LI>Max Depth = 8<LI>Call Chain = LedOff
</UL>
<BR>[Calls]<UL><LI><a href="#[88]">&gt;&gt;</a>&nbsp;&nbsp;&nbsp;GPIO_SetBits
</UL>
<BR>[Called By]<UL><LI><a href="#[112]">&gt;&gt;</a>&nbsp;&nbsp;&nbsp;timer_run
<LI><a href="#[2b]">&gt;&gt;</a>&nbsp;&nbsp;&nbsp;app_ble_msg_handler
</UL>

<P><STRONG><a name="[95]"></a>LedOn</STRONG> (Thumb, 8 bytes, Stack size 8 bytes, bsp_led.o(i.LedOn))
<BR><BR>[Stack]<UL><LI>Max Depth = 8<LI>Call Chain = LedOn
</UL>
<BR>[Calls]<UL><LI><a href="#[83]">&gt;&gt;</a>&nbsp;&nbsp;&nbsp;GPIO_ResetBits
</UL>
<BR>[Called By]<UL><LI><a href="#[112]">&gt;&gt;</a>&nbsp;&nbsp;&nbsp;timer_run
<LI><a href="#[2b]">&gt;&gt;</a>&nbsp;&nbsp;&nbsp;app_ble_msg_handler
</UL>

<P><STRONG><a name="[96]"></a>Led_Init</STRONG> (Thumb, 30 bytes, Stack size 8 bytes, bsp_led.o(i.Led_Init))
<BR><BR>[Stack]<UL><LI>Max Depth = 64<LI>Call Chain = Led_Init &rArr; LedInitSingle &rArr; GPIO_InitPeripheral
</UL>
<BR>[Calls]<UL><LI><a href="#[93]">&gt;&gt;</a>&nbsp;&nbsp;&nbsp;LedInitSingle
</UL>
<BR>[Called By]<UL><LI><a href="#[d5]">&gt;&gt;</a>&nbsp;&nbsp;&nbsp;bsp_init
</UL>

<P><STRONG><a name="[97]"></a>OTPTrim_Read</STRONG> (Thumb, 186 bytes, Stack size 688 bytes, system_n32wb03x.o(i.OTPTrim_Read))
<BR><BR>[Stack]<UL><LI>Max Depth = 688<LI>Call Chain = OTPTrim_Read
</UL>
<BR>[Calls]<UL><LI><a href="#[98]">&gt;&gt;</a>&nbsp;&nbsp;&nbsp;__aeabi_memclr4
<LI><a href="#[99]">&gt;&gt;</a>&nbsp;&nbsp;&nbsp;__aeabi_memcpy
</UL>
<BR>[Called By]<UL><LI><a href="#[9e]">&gt;&gt;</a>&nbsp;&nbsp;&nbsp;SystemGetMacAddr
<LI><a href="#[27]">&gt;&gt;</a>&nbsp;&nbsp;&nbsp;SystemInit
</UL>

<P><STRONG><a name="[11a]"></a>Qflash_Erase_Sector</STRONG> (Thumb, 30 bytes, Stack size 8 bytes, n32wb03x_qflash.o(i.Qflash_Erase_Sector))
<BR><BR>[Stack]<UL><LI>Max Depth = 8<LI>Call Chain = Qflash_Erase_Sector
</UL>
<BR>[Called By]<UL><LI><a href="#[6a]">&gt;&gt;</a>&nbsp;&nbsp;&nbsp;ns_sec_bond_store_evt_handler
<LI><a href="#[f0]">&gt;&gt;</a>&nbsp;&nbsp;&nbsp;ns_bond_db_get_size
</UL>

<P><STRONG><a name="[9a]"></a>Qflash_Init</STRONG> (Thumb, 30 bytes, Stack size 8 bytes, n32wb03x_qflash.o(i.Qflash_Init))
<BR><BR>[Stack]<UL><LI>Max Depth = 8<LI>Call Chain = Qflash_Init
</UL>
<BR>[Calls]<UL><LI><a href="#[99]">&gt;&gt;</a>&nbsp;&nbsp;&nbsp;__aeabi_memcpy
</UL>
<BR>[Called By]<UL><LI><a href="#[b7]">&gt;&gt;</a>&nbsp;&nbsp;&nbsp;ns_sec_init
</UL>

<P><STRONG><a name="[120]"></a>Qflash_Write</STRONG> (Thumb, 30 bytes, Stack size 8 bytes, n32wb03x_qflash.o(i.Qflash_Write))
<BR><BR>[Stack]<UL><LI>Max Depth = 8<LI>Call Chain = Qflash_Write
</UL>
<BR>[Called By]<UL><LI><a href="#[6a]">&gt;&gt;</a>&nbsp;&nbsp;&nbsp;ns_sec_bond_store_evt_handler
</UL>

<P><STRONG><a name="[11c]"></a>RCC_ConfigLpuartClk</STRONG> (Thumb, 24 bytes, Stack size 0 bytes, n32wb03x_rcc.o(i.RCC_ConfigLpuartClk))
<BR><BR>[Called By]<UL><LI><a href="#[110]">&gt;&gt;</a>&nbsp;&nbsp;&nbsp;ns_log_lpuart_init
</UL>

<P><STRONG><a name="[d6]"></a>RCC_EnableAHBPeriphClk</STRONG> (Thumb, 18 bytes, Stack size 0 bytes, n32wb03x_rcc.o(i.RCC_EnableAHBPeriphClk))
<BR><BR>[Called By]<UL><LI><a href="#[b2]">&gt;&gt;</a>&nbsp;&nbsp;&nbsp;ns_ble_stack_init
<LI><a href="#[d5]">&gt;&gt;</a>&nbsp;&nbsp;&nbsp;bsp_init
</UL>

<P><STRONG><a name="[82]"></a>RCC_EnableAPB2PeriphClk</STRONG> (Thumb, 18 bytes, Stack size 0 bytes, n32wb03x_rcc.o(i.RCC_EnableAPB2PeriphClk))
<BR><BR>[Called By]<UL><LI><a href="#[110]">&gt;&gt;</a>&nbsp;&nbsp;&nbsp;ns_log_lpuart_init
<LI><a href="#[a2]">&gt;&gt;</a>&nbsp;&nbsp;&nbsp;TM1650_Init
<LI><a href="#[9b]">&gt;&gt;</a>&nbsp;&nbsp;&nbsp;RelayInit
<LI><a href="#[93]">&gt;&gt;</a>&nbsp;&nbsp;&nbsp;LedInitSingle
<LI><a href="#[81]">&gt;&gt;</a>&nbsp;&nbsp;&nbsp;BuzzerInit
</UL>

<P><STRONG><a name="[11d]"></a>RCC_EnableLpuartClk</STRONG> (Thumb, 20 bytes, Stack size 0 bytes, n32wb03x_rcc.o(i.RCC_EnableLpuartClk))
<BR><BR>[Called By]<UL><LI><a href="#[110]">&gt;&gt;</a>&nbsp;&nbsp;&nbsp;ns_log_lpuart_init
</UL>

<P><STRONG><a name="[8f]"></a>RCC_GetClocksFreqValue</STRONG> (Thumb, 90 bytes, Stack size 8 bytes, n32wb03x_rcc.o(i.RCC_GetClocksFreqValue))
<BR><BR>[Stack]<UL><LI>Max Depth = 8<LI>Call Chain = RCC_GetClocksFreqValue
</UL>
<BR>[Called By]<UL><LI><a href="#[8d]">&gt;&gt;</a>&nbsp;&nbsp;&nbsp;LPUART_Init
</UL>

<P><STRONG><a name="[8e]"></a>RCC_GetLpuartClkSrc</STRONG> (Thumb, 10 bytes, Stack size 0 bytes, n32wb03x_rcc.o(i.RCC_GetLpuartClkSrc))
<BR><BR>[Called By]<UL><LI><a href="#[8d]">&gt;&gt;</a>&nbsp;&nbsp;&nbsp;LPUART_Init
</UL>

<P><STRONG><a name="[9b]"></a>RelayInit</STRONG> (Thumb, 72 bytes, Stack size 40 bytes, bsp_relay.o(i.RelayInit))
<BR><BR>[Stack]<UL><LI>Max Depth = 56<LI>Call Chain = RelayInit &rArr; GPIO_InitPeripheral
</UL>
<BR>[Calls]<UL><LI><a href="#[83]">&gt;&gt;</a>&nbsp;&nbsp;&nbsp;GPIO_ResetBits
<LI><a href="#[84]">&gt;&gt;</a>&nbsp;&nbsp;&nbsp;GPIO_InitStruct
<LI><a href="#[85]">&gt;&gt;</a>&nbsp;&nbsp;&nbsp;GPIO_InitPeripheral
<LI><a href="#[82]">&gt;&gt;</a>&nbsp;&nbsp;&nbsp;RCC_EnableAPB2PeriphClk
</UL>
<BR>[Called By]<UL><LI><a href="#[d5]">&gt;&gt;</a>&nbsp;&nbsp;&nbsp;bsp_init
</UL>

<P><STRONG><a name="[9c]"></a>RelayOff</STRONG> (Thumb, 8 bytes, Stack size 8 bytes, bsp_relay.o(i.RelayOff))
<BR><BR>[Stack]<UL><LI>Max Depth = 8<LI>Call Chain = RelayOff
</UL>
<BR>[Calls]<UL><LI><a href="#[83]">&gt;&gt;</a>&nbsp;&nbsp;&nbsp;GPIO_ResetBits
</UL>
<BR>[Called By]<UL><LI><a href="#[112]">&gt;&gt;</a>&nbsp;&nbsp;&nbsp;timer_run
</UL>

<P><STRONG><a name="[9d]"></a>RelayOn</STRONG> (Thumb, 8 bytes, Stack size 8 bytes, bsp_relay.o(i.RelayOn))
<BR><BR>[Stack]<UL><LI>Max Depth = 8<LI>Call Chain = RelayOn
</UL>
<BR>[Calls]<UL><LI><a href="#[88]">&gt;&gt;</a>&nbsp;&nbsp;&nbsp;GPIO_SetBits
</UL>
<BR>[Called By]<UL><LI><a href="#[cf]">&gt;&gt;</a>&nbsp;&nbsp;&nbsp;ble_rx_msg
</UL>

<P><STRONG><a name="[5]"></a>SysTick_Handler</STRONG> (Thumb, 10 bytes, Stack size 0 bytes, bsp_timer.o(i.SysTick_Handler))
<BR>[Address Reference Count : 1]<UL><LI> startup_n32wb03x.o(RESET)
</UL>
<P><STRONG><a name="[139]"></a>SystemCoreClockUpdate</STRONG> (Thumb, 8 bytes, Stack size 0 bytes, system_n32wb03x.o(i.SystemCoreClockUpdate))
<BR><BR>[Called By]<UL><LI><a href="#[d7]">&gt;&gt;</a>&nbsp;&nbsp;&nbsp;timer_init
</UL>

<P><STRONG><a name="[9e]"></a>SystemGetMacAddr</STRONG> (Thumb, 44 bytes, Stack size 8 bytes, system_n32wb03x.o(i.SystemGetMacAddr))
<BR><BR>[Stack]<UL><LI>Max Depth = 696<LI>Call Chain = SystemGetMacAddr &rArr; OTPTrim_Read
</UL>
<BR>[Calls]<UL><LI><a href="#[97]">&gt;&gt;</a>&nbsp;&nbsp;&nbsp;OTPTrim_Read
</UL>
<BR>[Called By]<UL><LI><a href="#[ae]">&gt;&gt;</a>&nbsp;&nbsp;&nbsp;app_ble_gap_params_init
</UL>

<P><STRONG><a name="[27]"></a>SystemInit</STRONG> (Thumb, 346 bytes, Stack size 40 bytes, system_n32wb03x.o(i.SystemInit))
<BR><BR>[Stack]<UL><LI>Max Depth = 728<LI>Call Chain = SystemInit &rArr; OTPTrim_Read
</UL>
<BR>[Calls]<UL><LI><a href="#[97]">&gt;&gt;</a>&nbsp;&nbsp;&nbsp;OTPTrim_Read
<LI><a href="#[71]">&gt;&gt;</a>&nbsp;&nbsp;&nbsp;system_delay_cycles
</UL>
<BR>[Address Reference Count : 1]<UL><LI> startup_n32wb03x.o(.text)
</UL>
<P><STRONG><a name="[9f]"></a>TM1650_DisplayInt</STRONG> (Thumb, 96 bytes, Stack size 16 bytes, bsp_tm1650.o(i.TM1650_DisplayInt))
<BR><BR>[Stack]<UL><LI>Max Depth = 64<LI>Call Chain = TM1650_DisplayInt &rArr; TM1650_WriteData &rArr; TM1650_WriteByte
</UL>
<BR>[Calls]<UL><LI><a href="#[a0]">&gt;&gt;</a>&nbsp;&nbsp;&nbsp;TM1650_WriteData
<LI><a href="#[90]">&gt;&gt;</a>&nbsp;&nbsp;&nbsp;__aeabi_uidivmod
</UL>
<BR>[Called By]<UL><LI><a href="#[d7]">&gt;&gt;</a>&nbsp;&nbsp;&nbsp;timer_init
</UL>

<P><STRONG><a name="[a1]"></a>TM1650_DisplayTime</STRONG> (Thumb, 76 bytes, Stack size 24 bytes, bsp_tm1650.o(i.TM1650_DisplayTime))
<BR><BR>[Stack]<UL><LI>Max Depth = 72<LI>Call Chain = TM1650_DisplayTime &rArr; TM1650_WriteData &rArr; TM1650_WriteByte
</UL>
<BR>[Calls]<UL><LI><a href="#[a0]">&gt;&gt;</a>&nbsp;&nbsp;&nbsp;TM1650_WriteData
<LI><a href="#[90]">&gt;&gt;</a>&nbsp;&nbsp;&nbsp;__aeabi_uidivmod
</UL>
<BR>[Called By]<UL><LI><a href="#[112]">&gt;&gt;</a>&nbsp;&nbsp;&nbsp;timer_run
</UL>

<P><STRONG><a name="[a2]"></a>TM1650_Init</STRONG> (Thumb, 68 bytes, Stack size 32 bytes, bsp_tm1650.o(i.TM1650_Init))
<BR><BR>[Stack]<UL><LI>Max Depth = 72<LI>Call Chain = TM1650_Init &rArr; TM1650_SetDisplay &rArr; TM1650_WriteByte
</UL>
<BR>[Calls]<UL><LI><a href="#[88]">&gt;&gt;</a>&nbsp;&nbsp;&nbsp;GPIO_SetBits
<LI><a href="#[84]">&gt;&gt;</a>&nbsp;&nbsp;&nbsp;GPIO_InitStruct
<LI><a href="#[85]">&gt;&gt;</a>&nbsp;&nbsp;&nbsp;GPIO_InitPeripheral
<LI><a href="#[82]">&gt;&gt;</a>&nbsp;&nbsp;&nbsp;RCC_EnableAPB2PeriphClk
<LI><a href="#[a3]">&gt;&gt;</a>&nbsp;&nbsp;&nbsp;TM1650_SetDisplay
</UL>
<BR>[Called By]<UL><LI><a href="#[d7]">&gt;&gt;</a>&nbsp;&nbsp;&nbsp;timer_init
<LI><a href="#[d5]">&gt;&gt;</a>&nbsp;&nbsp;&nbsp;bsp_init
</UL>

<P><STRONG><a name="[a3]"></a>TM1650_SetDisplay</STRONG> (Thumb, 138 bytes, Stack size 16 bytes, bsp_tm1650.o(i.TM1650_SetDisplay))
<BR><BR>[Stack]<UL><LI>Max Depth = 40<LI>Call Chain = TM1650_SetDisplay &rArr; TM1650_WriteByte
</UL>
<BR>[Calls]<UL><LI><a href="#[88]">&gt;&gt;</a>&nbsp;&nbsp;&nbsp;GPIO_SetBits
<LI><a href="#[83]">&gt;&gt;</a>&nbsp;&nbsp;&nbsp;GPIO_ResetBits
<LI><a href="#[a4]">&gt;&gt;</a>&nbsp;&nbsp;&nbsp;delay_n_10us
<LI><a href="#[a5]">&gt;&gt;</a>&nbsp;&nbsp;&nbsp;TM1650_WriteByte
</UL>
<BR>[Called By]<UL><LI><a href="#[d7]">&gt;&gt;</a>&nbsp;&nbsp;&nbsp;timer_init
<LI><a href="#[a2]">&gt;&gt;</a>&nbsp;&nbsp;&nbsp;TM1650_Init
</UL>

<P><STRONG><a name="[a0]"></a>TM1650_WriteData</STRONG> (Thumb, 132 bytes, Stack size 24 bytes, bsp_tm1650.o(i.TM1650_WriteData))
<BR><BR>[Stack]<UL><LI>Max Depth = 48<LI>Call Chain = TM1650_WriteData &rArr; TM1650_WriteByte
</UL>
<BR>[Calls]<UL><LI><a href="#[88]">&gt;&gt;</a>&nbsp;&nbsp;&nbsp;GPIO_SetBits
<LI><a href="#[83]">&gt;&gt;</a>&nbsp;&nbsp;&nbsp;GPIO_ResetBits
<LI><a href="#[a4]">&gt;&gt;</a>&nbsp;&nbsp;&nbsp;delay_n_10us
<LI><a href="#[a5]">&gt;&gt;</a>&nbsp;&nbsp;&nbsp;TM1650_WriteByte
</UL>
<BR>[Called By]<UL><LI><a href="#[a1]">&gt;&gt;</a>&nbsp;&nbsp;&nbsp;TM1650_DisplayTime
<LI><a href="#[9f]">&gt;&gt;</a>&nbsp;&nbsp;&nbsp;TM1650_DisplayInt
</UL>

<P><STRONG><a name="[22]"></a>USART1_IRQHandler</STRONG> (Thumb, 24 bytes, Stack size 8 bytes, bsp_usart.o(i.USART1_IRQHandler))
<BR><BR>[Stack]<UL><LI>Max Depth = 72<LI>Call Chain = USART1_IRQHandler &rArr; usart_rx_check_in_irq &rArr; app_usart_rx_data_fifo_enter &rArr; __2printf
</UL>
<BR>[Calls]<UL><LI><a href="#[a6]">&gt;&gt;</a>&nbsp;&nbsp;&nbsp;USART_GetFlagStatus
<LI><a href="#[8c]">&gt;&gt;</a>&nbsp;&nbsp;&nbsp;usart_rx_check_in_irq
</UL>
<BR>[Address Reference Count : 1]<UL><LI> startup_n32wb03x.o(RESET)
</UL>
<P><STRONG><a name="[a6]"></a>USART_GetFlagStatus</STRONG> (Thumb, 14 bytes, Stack size 0 bytes, n32wb03x_usart.o(i.USART_GetFlagStatus))
<BR><BR>[Called By]<UL><LI><a href="#[22]">&gt;&gt;</a>&nbsp;&nbsp;&nbsp;USART1_IRQHandler
</UL>

<P><STRONG><a name="[a7]"></a>__0printf$8</STRONG> (Thumb, 24 bytes, Stack size 24 bytes, printf8.o(i.__0printf$8), UNUSED)
<BR><BR>[Calls]<UL><LI><a href="#[a8]">&gt;&gt;</a>&nbsp;&nbsp;&nbsp;_printf_core
</UL>

<P><STRONG><a name="[150]"></a>__1printf$8</STRONG> (Thumb, 0 bytes, Stack size 24 bytes, printf8.o(i.__0printf$8), UNUSED)

<P><STRONG><a name="[b6]"></a>__2printf</STRONG> (Thumb, 0 bytes, Stack size 24 bytes, printf8.o(i.__0printf$8))
<BR><BR>[Stack]<UL><LI>Max Depth = 24<LI>Call Chain = __2printf
</UL>
<BR>[Called By]<UL><LI><a href="#[48]">&gt;&gt;</a>&nbsp;&nbsp;&nbsp;rdtss_val_ntf_req_handler
<LI><a href="#[5d]">&gt;&gt;</a>&nbsp;&nbsp;&nbsp;gapc_connection_req_ind_handler
<LI><a href="#[f7]">&gt;&gt;</a>&nbsp;&nbsp;&nbsp;ns_peripheral_config
<LI><a href="#[b8]">&gt;&gt;</a>&nbsp;&nbsp;&nbsp;ns_ble_update_param
<LI><a href="#[31]">&gt;&gt;</a>&nbsp;&nbsp;&nbsp;ns_HardFault_Handler
<LI><a href="#[33]">&gt;&gt;</a>&nbsp;&nbsp;&nbsp;ns_EXTI4_12_IRQHandler
<LI><a href="#[6a]">&gt;&gt;</a>&nbsp;&nbsp;&nbsp;ns_sec_bond_store_evt_handler
<LI><a href="#[50]">&gt;&gt;</a>&nbsp;&nbsp;&nbsp;gapc_encrypt_req_ind_handler
<LI><a href="#[d0]">&gt;&gt;</a>&nbsp;&nbsp;&nbsp;resolve_frame
<LI><a href="#[c9]">&gt;&gt;</a>&nbsp;&nbsp;&nbsp;app_usart_rx_data_fifo_enter
[...]
<LI><a href="#[f5]">&gt;&gt;</a>&nbsp;&nbsp;&nbsp;ns_bond_search_addr_irk
<LI><a href="#[fe]">&gt;&gt;</a>&nbsp;&nbsp;&nbsp;ns_bond_resolv_addr_start
<LI><a href="#[f8]">&gt;&gt;</a>&nbsp;&nbsp;&nbsp;ns_bond_last_bonded_ral_info
<LI><a href="#[bc]">&gt;&gt;</a>&nbsp;&nbsp;&nbsp;ns_bond_last_bonded_peer_id
<LI><a href="#[f9]">&gt;&gt;</a>&nbsp;&nbsp;&nbsp;ns_bond_last_bonded_addr
<LI><a href="#[50]">&gt;&gt;</a>&nbsp;&nbsp;&nbsp;gapc_encrypt_req_ind_handler
</UL>

<P><STRONG><a name="[11b]"></a>ns_bond_db_load</STRONG> (Thumb, 24 bytes, Stack size 8 bytes, ns_sec.o(i.ns_bond_db_load))
<BR><BR>[Stack]<UL><LI>Max Depth = 8<LI>Call Chain = ns_bond_db_load
</UL>
<BR>[Calls]<UL><LI><a href="#[99]">&gt;&gt;</a>&nbsp;&nbsp;&nbsp;__aeabi_memcpy
</UL>
<BR>[Called By]<UL><LI><a href="#[fe]">&gt;&gt;</a>&nbsp;&nbsp;&nbsp;ns_bond_resolv_addr_start
<LI><a href="#[f8]">&gt;&gt;</a>&nbsp;&nbsp;&nbsp;ns_bond_last_bonded_ral_info
<LI><a href="#[bc]">&gt;&gt;</a>&nbsp;&nbsp;&nbsp;ns_bond_last_bonded_peer_id
<LI><a href="#[f9]">&gt;&gt;</a>&nbsp;&nbsp;&nbsp;ns_bond_last_bonded_addr
</UL>

<P><STRONG><a name="[b9]"></a>app_create_advertising</STRONG> (Thumb, 192 bytes, Stack size 24 bytes, ns_ble.o(i.app_create_advertising))
<BR><BR>[Stack]<UL><LI>Max Depth = 112<LI>Call Chain = app_create_advertising &rArr; ns_bond_last_bonded_peer_id &rArr; ns_bond_db_get_size &rArr; Qflash_Erase_Sector
</UL>
<BR>[Calls]<UL><LI><a href="#[bd]">&gt;&gt;</a>&nbsp;&nbsp;&nbsp;ke_msg_send
<LI><a href="#[ba]">&gt;&gt;</a>&nbsp;&nbsp;&nbsp;ke_msg_alloc
<LI><a href="#[bb]">&gt;&gt;</a>&nbsp;&nbsp;&nbsp;ns_sec_get_bond_status
<LI><a href="#[bc]">&gt;&gt;</a>&nbsp;&nbsp;&nbsp;ns_bond_last_bonded_peer_id
</UL>
<BR>[Called By]<UL><LI><a href="#[b5]">&gt;&gt;</a>&nbsp;&nbsp;&nbsp;ns_ble_adv_start
<LI><a href="#[f2]">&gt;&gt;</a>&nbsp;&nbsp;&nbsp;ns_ble_adv_fsm_next
</UL>

<P><STRONG><a name="[c5]"></a>app_set_adv_data</STRONG> (Thumb, 100 bytes, Stack size 24 bytes, ns_ble.o(i.app_set_adv_data))
<BR><BR>[Stack]<UL><LI>Max Depth = 24<LI>Call Chain = app_set_adv_data
</UL>
<BR>[Calls]<UL><LI><a href="#[bd]">&gt;&gt;</a>&nbsp;&nbsp;&nbsp;ke_msg_send
<LI><a href="#[ba]">&gt;&gt;</a>&nbsp;&nbsp;&nbsp;ke_msg_alloc
<LI><a href="#[99]">&gt;&gt;</a>&nbsp;&nbsp;&nbsp;__aeabi_memcpy
</UL>
<BR>[Called By]<UL><LI><a href="#[f2]">&gt;&gt;</a>&nbsp;&nbsp;&nbsp;ns_ble_adv_fsm_next
</UL>

<P><STRONG><a name="[c6]"></a>app_set_scan_rsp_data</STRONG> (Thumb, 172 bytes, Stack size 24 bytes, ns_ble.o(i.app_set_scan_rsp_data))
<BR><BR>[Stack]<UL><LI>Max Depth = 24<LI>Call Chain = app_set_scan_rsp_data
</UL>
<BR>[Calls]<UL><LI><a href="#[bd]">&gt;&gt;</a>&nbsp;&nbsp;&nbsp;ke_msg_send
<LI><a href="#[ba]">&gt;&gt;</a>&nbsp;&nbsp;&nbsp;ke_msg_alloc
<LI><a href="#[99]">&gt;&gt;</a>&nbsp;&nbsp;&nbsp;__aeabi_memcpy
</UL>
<BR>[Called By]<UL><LI><a href="#[f2]">&gt;&gt;</a>&nbsp;&nbsp;&nbsp;ns_ble_adv_fsm_next
</UL>

<P><STRONG><a name="[c7]"></a>app_start_advertising</STRONG> (Thumb, 100 bytes, Stack size 16 bytes, ns_ble.o(i.app_start_advertising))
<BR><BR>[Stack]<UL><LI>Max Depth = 32<LI>Call Chain = app_start_advertising &rArr; llhwc_modem_setmode &rArr; llhwc_setmode_reg_config
</UL>
<BR>[Calls]<UL><LI><a href="#[bd]">&gt;&gt;</a>&nbsp;&nbsp;&nbsp;ke_msg_send
<LI><a href="#[ba]">&gt;&gt;</a>&nbsp;&nbsp;&nbsp;ke_msg_alloc
<LI><a href="#[c8]">&gt;&gt;</a>&nbsp;&nbsp;&nbsp;llhwc_modem_setmode
</UL>
<BR>[Called By]<UL><LI><a href="#[f2]">&gt;&gt;</a>&nbsp;&nbsp;&nbsp;ns_ble_adv_fsm_next
</UL>

<P><STRONG><a name="[117]"></a>patchx_enable</STRONG> (Thumb, 58 bytes, Stack size 8 bytes, ns_ble.o(i.patchx_enable))
<BR><BR>[Stack]<UL><LI>Max Depth = 8<LI>Call Chain = patchx_enable
</UL>
<BR>[Called By]<UL><LI><a href="#[b2]">&gt;&gt;</a>&nbsp;&nbsp;&nbsp;ns_ble_stack_init
</UL>

<P><STRONG><a name="[68]"></a>app_conn_params_update_evt_handler</STRONG> (Thumb, 12 bytes, Stack size 8 bytes, ns_ble_task.o(i.app_conn_params_update_evt_handler))
<BR><BR>[Stack]<UL><LI>Max Depth = 40<LI>Call Chain = app_conn_params_update_evt_handler &rArr; ns_ble_update_param &rArr; __2printf
</UL>
<BR>[Calls]<UL><LI><a href="#[b8]">&gt;&gt;</a>&nbsp;&nbsp;&nbsp;ns_ble_update_param
</UL>
<BR>[Address Reference Count : 1]<UL><LI> ns_ble_task.o(.constdata)
</UL>
<P><STRONG><a name="[69]"></a>app_init_timeout_evt_handler</STRONG> (Thumb, 22 bytes, Stack size 8 bytes, ns_ble_task.o(i.app_init_timeout_evt_handler))
<BR><BR>[Stack]<UL><LI>Max Depth = 16<LI>Call Chain = app_init_timeout_evt_handler &rArr; ns_ble_stop_init
</UL>
<BR>[Calls]<UL><LI><a href="#[c1]">&gt;&gt;</a>&nbsp;&nbsp;&nbsp;ns_ble_stop_init
</UL>
<BR>[Address Reference Count : 1]<UL><LI> ns_ble_task.o(.constdata)
</UL>
<P><STRONG><a name="[67]"></a>app_lsi_calib_evt_handler</STRONG> (Thumb, 140 bytes, Stack size 16 bytes, ns_ble_task.o(i.app_lsi_calib_evt_handler))
<BR><BR>[Stack]<UL><LI>Max Depth = 40<LI>Call Chain = app_lsi_calib_evt_handler &rArr; ns_ble_lsc_config
</UL>
<BR>[Calls]<UL><LI><a href="#[c2]">&gt;&gt;</a>&nbsp;&nbsp;&nbsp;ns_ble_lsc_config
<LI><a href="#[c3]">&gt;&gt;</a>&nbsp;&nbsp;&nbsp;ke_timer_set
<LI><a href="#[c4]">&gt;&gt;</a>&nbsp;&nbsp;&nbsp;ns_sleep_lock_release
</UL>
<BR>[Address Reference Count : 1]<UL><LI> ns_ble_task.o(.constdata)
</UL>
<P><STRONG><a name="[65]"></a>gapc_cmp_evt_handler</STRONG> (Thumb, 36 bytes, Stack size 16 bytes, ns_ble_task.o(i.gapc_cmp_evt_handler))
<BR><BR>[Stack]<UL><LI>Max Depth = 16<LI>Call Chain = gapc_cmp_evt_handler
</UL>
<BR>[Address Reference Count : 1]<UL><LI> ns_ble_task.o(.constdata)
</UL>
<P><STRONG><a name="[66]"></a>gapc_conn_rssi_ind_handler</STRONG> (Thumb, 92 bytes, Stack size 24 bytes, ns_ble_task.o(i.gapc_conn_rssi_ind_handler))
<BR><BR>[Stack]<UL><LI>Max Depth = 24<LI>Call Chain = gapc_conn_rssi_ind_handler
</UL>
<BR>[Calls]<UL><LI><a href="#[e4]">&gt;&gt;</a>&nbsp;&nbsp;&nbsp;ke_state_get
<LI><a href="#[bd]">&gt;&gt;</a>&nbsp;&nbsp;&nbsp;ke_msg_send
<LI><a href="#[ba]">&gt;&gt;</a>&nbsp;&nbsp;&nbsp;ke_msg_alloc
<LI><a href="#[c3]">&gt;&gt;</a>&nbsp;&nbsp;&nbsp;ke_timer_set
</UL>
<BR>[Address Reference Count : 1]<UL><LI> ns_ble_task.o(.constdata)
</UL>
<P><STRONG><a name="[5d]"></a>gapc_connection_req_ind_handler</STRONG> (Thumb, 322 bytes, Stack size 48 bytes, ns_ble_task.o(i.gapc_connection_req_ind_handler))
<BR><BR>[Stack]<UL><LI>Max Depth = 168<LI>Call Chain = gapc_connection_req_ind_handler &rArr; ns_ble_adv_start &rArr; app_create_advertising &rArr; ns_bond_last_bonded_peer_id &rArr; ns_bond_db_get_size &rArr; Qflash_Erase_Sector
</UL>
<BR>[Calls]<UL><LI><a href="#[bd]">&gt;&gt;</a>&nbsp;&nbsp;&nbsp;ke_msg_send
<LI><a href="#[ba]">&gt;&gt;</a>&nbsp;&nbsp;&nbsp;ke_msg_alloc
<LI><a href="#[de]">&gt;&gt;</a>&nbsp;&nbsp;&nbsp;ke_state_set
<LI><a href="#[b5]">&gt;&gt;</a>&nbsp;&nbsp;&nbsp;ns_ble_adv_start
<LI><a href="#[ec]">&gt;&gt;</a>&nbsp;&nbsp;&nbsp;ns_sec_get_iocap
<LI><a href="#[bb]">&gt;&gt;</a>&nbsp;&nbsp;&nbsp;ns_sec_get_bond_status
<LI><a href="#[c3]">&gt;&gt;</a>&nbsp;&nbsp;&nbsp;ke_timer_set
<LI><a href="#[ed]">&gt;&gt;</a>&nbsp;&nbsp;&nbsp;ke_timer_clear
<LI><a href="#[8a]">&gt;&gt;</a>&nbsp;&nbsp;&nbsp;ke_msg_send_basic
<LI><a href="#[af]">&gt;&gt;</a>&nbsp;&nbsp;&nbsp;__ARM_common_memcpy1_6 (via Veneer)
<LI><a href="#[b6]">&gt;&gt;</a>&nbsp;&nbsp;&nbsp;__2printf
</UL>
<BR>[Address Reference Count : 1]<UL><LI> ns_ble_task.o(.constdata)
</UL>
<P><STRONG><a name="[61]"></a>gapc_disconnect_ind_handler</STRONG> (Thumb, 98 bytes, Stack size 24 bytes, ns_ble_task.o(i.gapc_disconnect_ind_handler))
<BR><BR>[Stack]<UL><LI>Max Depth = 48<LI>Call Chain = gapc_disconnect_ind_handler &rArr; __2printf
</UL>
<BR>[Calls]<UL><LI><a href="#[de]">&gt;&gt;</a>&nbsp;&nbsp;&nbsp;ke_state_set
<LI><a href="#[ee]">&gt;&gt;</a>&nbsp;&nbsp;&nbsp;ns_ble_get_connection_num
<LI><a href="#[ef]">&gt;&gt;</a>&nbsp;&nbsp;&nbsp;ke_event_set
<LI><a href="#[75]">&gt;&gt;</a>&nbsp;&nbsp;&nbsp;__aeabi_memclr
<LI><a href="#[b6]">&gt;&gt;</a>&nbsp;&nbsp;&nbsp;__2printf
</UL>
<BR>[Address Reference Count : 1]<UL><LI> ns_ble_task.o(.constdata)
</UL>
<P><STRONG><a name="[62]"></a>gapc_get_dev_info_req_ind_handler</STRONG> (Thumb, 116 bytes, Stack size 16 bytes, ns_ble_task.o(i.gapc_get_dev_info_req_ind_handler))
<BR><BR>[Stack]<UL><LI>Max Depth = 16<LI>Call Chain = gapc_get_dev_info_req_ind_handler
</UL>
<BR>[Calls]<UL><LI><a href="#[bd]">&gt;&gt;</a>&nbsp;&nbsp;&nbsp;ke_msg_send
<LI><a href="#[ba]">&gt;&gt;</a>&nbsp;&nbsp;&nbsp;ke_msg_alloc
<LI><a href="#[99]">&gt;&gt;</a>&nbsp;&nbsp;&nbsp;__aeabi_memcpy
</UL>
<BR>[Address Reference Count : 1]<UL><LI> ns_ble_task.o(.constdata)
</UL>
<P><STRONG><a name="[63]"></a>gapc_le_phy_ind_handler</STRONG> (Thumb, 24 bytes, Stack size 8 bytes, ns_ble_task.o(i.gapc_le_phy_ind_handler))
<BR><BR>[Stack]<UL><LI>Max Depth = 32<LI>Call Chain = gapc_le_phy_ind_handler &rArr; __2printf
</UL>
<BR>[Calls]<UL><LI><a href="#[c8]">&gt;&gt;</a>&nbsp;&nbsp;&nbsp;llhwc_modem_setmode
<LI><a href="#[b6]">&gt;&gt;</a>&nbsp;&nbsp;&nbsp;__2printf
</UL>
<BR>[Address Reference Count : 1]<UL><LI> ns_ble_task.o(.constdata)
</UL>
<P><STRONG><a name="[60]"></a>gapc_le_pkt_size_ind_handler</STRONG> (Thumb, 22 bytes, Stack size 0 bytes, ns_ble_task.o(i.gapc_le_pkt_size_ind_handler))
<BR>[Address Reference Count : 1]<UL><LI> ns_ble_task.o(.constdata)
</UL>
<P><STRONG><a name="[5e]"></a>gapc_param_update_req_ind_handler</STRONG> (Thumb, 94 bytes, Stack size 24 bytes, ns_ble_task.o(i.gapc_param_update_req_ind_handler))
<BR><BR>[Stack]<UL><LI>Max Depth = 144<LI>Call Chain = gapc_param_update_req_ind_handler &rArr; ns_ble_adv_start &rArr; app_create_advertising &rArr; ns_bond_last_bonded_peer_id &rArr; ns_bond_db_get_size &rArr; Qflash_Erase_Sector
</UL>
<BR>[Calls]<UL><LI><a href="#[bd]">&gt;&gt;</a>&nbsp;&nbsp;&nbsp;ke_msg_send
<LI><a href="#[ba]">&gt;&gt;</a>&nbsp;&nbsp;&nbsp;ke_msg_alloc
<LI><a href="#[b5]">&gt;&gt;</a>&nbsp;&nbsp;&nbsp;ns_ble_adv_start
</UL>
<BR>[Address Reference Count : 1]<UL><LI> ns_ble_task.o(.constdata)
</UL>
<P><STRONG><a name="[5f]"></a>gapc_param_updated_ind_handler</STRONG> (Thumb, 36 bytes, Stack size 16 bytes, ns_ble_task.o(i.gapc_param_updated_ind_handler))
<BR><BR>[Stack]<UL><LI>Max Depth = 16<LI>Call Chain = gapc_param_updated_ind_handler
</UL>
<BR>[Address Reference Count : 1]<UL><LI> ns_ble_task.o(.constdata)
</UL>
<P><STRONG><a name="[64]"></a>gapc_set_dev_info_req_ind_handler</STRONG> (Thumb, 52 bytes, Stack size 16 bytes, ns_ble_task.o(i.gapc_set_dev_info_req_ind_handler))
<BR><BR>[Stack]<UL><LI>Max Depth = 16<LI>Call Chain = gapc_set_dev_info_req_ind_handler
</UL>
<BR>[Calls]<UL><LI><a href="#[bd]">&gt;&gt;</a>&nbsp;&nbsp;&nbsp;ke_msg_send
<LI><a href="#[ba]">&gt;&gt;</a>&nbsp;&nbsp;&nbsp;ke_msg_alloc
<LI><a href="#[99]">&gt;&gt;</a>&nbsp;&nbsp;&nbsp;__aeabi_memcpy
</UL>
<BR>[Address Reference Count : 1]<UL><LI> ns_ble_task.o(.constdata)
</UL>
<P><STRONG><a name="[53]"></a>gapm_activity_created_ind_handler</STRONG> (Thumb, 46 bytes, Stack size 0 bytes, ns_ble_task.o(i.gapm_activity_created_ind_handler))
<BR>[Address Reference Count : 1]<UL><LI> ns_ble_task.o(.constdata)
</UL>
<P><STRONG><a name="[54]"></a>gapm_activity_stopped_ind_handler</STRONG> (Thumb, 82 bytes, Stack size 16 bytes, ns_ble_task.o(i.gapm_activity_stopped_ind_handler))
<BR><BR>[Stack]<UL><LI>Max Depth = 152<LI>Call Chain = gapm_activity_stopped_ind_handler &rArr; ns_ble_adv_fsm_next &rArr; app_create_advertising &rArr; ns_bond_last_bonded_peer_id &rArr; ns_bond_db_get_size &rArr; Qflash_Erase_Sector
</UL>
<BR>[Calls]<UL><LI><a href="#[f3]">&gt;&gt;</a>&nbsp;&nbsp;&nbsp;ns_ble_delete_scan
<LI><a href="#[f4]">&gt;&gt;</a>&nbsp;&nbsp;&nbsp;ns_ble_delete_init
<LI><a href="#[f2]">&gt;&gt;</a>&nbsp;&nbsp;&nbsp;ns_ble_adv_fsm_next
</UL>
<BR>[Address Reference Count : 1]<UL><LI> ns_ble_task.o(.constdata)
</UL>
<P><STRONG><a name="[56]"></a>gapm_addr_solved_ind_handler</STRONG> (Thumb, 32 bytes, Stack size 8 bytes, ns_ble_task.o(i.gapm_addr_solved_ind_handler))
<BR><BR>[Stack]<UL><LI>Max Depth = 192<LI>Call Chain = gapm_addr_solved_ind_handler &rArr; ns_bond_search_addr_irk &rArr; ns_bond_resolv_addr_start &rArr; ns_bond_db_get_size &rArr; Qflash_Erase_Sector
</UL>
<BR>[Calls]<UL><LI><a href="#[f5]">&gt;&gt;</a>&nbsp;&nbsp;&nbsp;ns_bond_search_addr_irk
<LI><a href="#[99]">&gt;&gt;</a>&nbsp;&nbsp;&nbsp;__aeabi_memcpy
</UL>
<BR>[Address Reference Count : 1]<UL><LI> ns_ble_task.o(.constdata)
</UL>
<P><STRONG><a name="[57]"></a>gapm_cmp_evt_handler</STRONG> (Thumb, 932 bytes, Stack size 72 bytes, ns_ble_task.o(i.gapm_cmp_evt_handler))
<BR><BR>[Stack]<UL><LI>Max Depth = 208<LI>Call Chain = gapm_cmp_evt_handler &rArr; ns_ble_adv_fsm_next &rArr; app_create_advertising &rArr; ns_bond_last_bonded_peer_id &rArr; ns_bond_db_get_size &rArr; Qflash_Erase_Sector
</UL>
<BR>[Calls]<UL><LI><a href="#[bd]">&gt;&gt;</a>&nbsp;&nbsp;&nbsp;ke_msg_send
<LI><a href="#[ba]">&gt;&gt;</a>&nbsp;&nbsp;&nbsp;ke_msg_alloc
<LI><a href="#[de]">&gt;&gt;</a>&nbsp;&nbsp;&nbsp;ke_state_set
<LI><a href="#[da]">&gt;&gt;</a>&nbsp;&nbsp;&nbsp;attm_svc_create_db (via Veneer)
<LI><a href="#[f6]">&gt;&gt;</a>&nbsp;&nbsp;&nbsp;prf_init
<LI><a href="#[c8]">&gt;&gt;</a>&nbsp;&nbsp;&nbsp;llhwc_modem_setmode
<LI><a href="#[f7]">&gt;&gt;</a>&nbsp;&nbsp;&nbsp;ns_peripheral_config
<LI><a href="#[fd]">&gt;&gt;</a>&nbsp;&nbsp;&nbsp;ns_ble_start_scan
<LI><a href="#[ff]">&gt;&gt;</a>&nbsp;&nbsp;&nbsp;ns_ble_start_init
<LI><a href="#[f3]">&gt;&gt;</a>&nbsp;&nbsp;&nbsp;ns_ble_delete_scan
<LI><a href="#[f4]">&gt;&gt;</a>&nbsp;&nbsp;&nbsp;ns_ble_delete_init
<LI><a href="#[fc]">&gt;&gt;</a>&nbsp;&nbsp;&nbsp;ns_ble_adv_stop
<LI><a href="#[b5]">&gt;&gt;</a>&nbsp;&nbsp;&nbsp;ns_ble_adv_start
<LI><a href="#[f2]">&gt;&gt;</a>&nbsp;&nbsp;&nbsp;ns_ble_adv_fsm_next
<LI><a href="#[fb]">&gt;&gt;</a>&nbsp;&nbsp;&nbsp;ns_ble_add_svc
<LI><a href="#[fa]">&gt;&gt;</a>&nbsp;&nbsp;&nbsp;ns_ble_list_set_ral
<LI><a href="#[bb]">&gt;&gt;</a>&nbsp;&nbsp;&nbsp;ns_sec_get_bond_status
<LI><a href="#[fe]">&gt;&gt;</a>&nbsp;&nbsp;&nbsp;ns_bond_resolv_addr_start
<LI><a href="#[f8]">&gt;&gt;</a>&nbsp;&nbsp;&nbsp;ns_bond_last_bonded_ral_info
<LI><a href="#[f9]">&gt;&gt;</a>&nbsp;&nbsp;&nbsp;ns_bond_last_bonded_addr
<LI><a href="#[75]">&gt;&gt;</a>&nbsp;&nbsp;&nbsp;__aeabi_memclr
<LI><a href="#[99]">&gt;&gt;</a>&nbsp;&nbsp;&nbsp;__aeabi_memcpy
<LI><a href="#[b6]">&gt;&gt;</a>&nbsp;&nbsp;&nbsp;__2printf
</UL>
<BR>[Address Reference Count : 1]<UL><LI> ns_ble_task.o(.constdata)
</UL>
<P><STRONG><a name="[59]"></a>gapm_ext_adv_repoer_ind_handler</STRONG> (Thumb, 164 bytes, Stack size 16 bytes, ns_ble_task.o(i.gapm_ext_adv_repoer_ind_handler))
<BR><BR>[Stack]<UL><LI>Max Depth = 68<LI>Call Chain = gapm_ext_adv_repoer_ind_handler &rArr; ns_ble_scan_data_find &rArr; memcmp
</UL>
<BR>[Calls]<UL><LI><a href="#[101]">&gt;&gt;</a>&nbsp;&nbsp;&nbsp;ns_ble_stop_scan
<LI><a href="#[ff]">&gt;&gt;</a>&nbsp;&nbsp;&nbsp;ns_ble_start_init
<LI><a href="#[100]">&gt;&gt;</a>&nbsp;&nbsp;&nbsp;ns_ble_scan_data_find
<LI><a href="#[f1]">&gt;&gt;</a>&nbsp;&nbsp;&nbsp;memcmp
</UL>
<BR>[Address Reference Count : 1]<UL><LI> ns_ble_task.o(.constdata)
</UL>
<P><STRONG><a name="[55]"></a>gapm_gen_rand_nb_ind_handler</STRONG> (Thumb, 54 bytes, Stack size 8 bytes, ns_ble_task.o(i.gapm_gen_rand_nb_ind_handler))
<BR><BR>[Stack]<UL><LI>Max Depth = 8<LI>Call Chain = gapm_gen_rand_nb_ind_handler
</UL>
<BR>[Calls]<UL><LI><a href="#[102]">&gt;&gt;</a>&nbsp;&nbsp;&nbsp;srand
</UL>
<BR>[Address Reference Count : 1]<UL><LI> ns_ble_task.o(.constdata)
</UL>
<P><STRONG><a name="[58]"></a>gapm_profile_added_ind_handler</STRONG> (Thumb, 12 bytes, Stack size 8 bytes, ns_ble_task.o(i.gapm_profile_added_ind_handler))
<BR><BR>[Stack]<UL><LI>Max Depth = 8<LI>Call Chain = gapm_profile_added_ind_handler
</UL>
<BR>[Calls]<UL><LI><a href="#[e4]">&gt;&gt;</a>&nbsp;&nbsp;&nbsp;ke_state_get
</UL>
<BR>[Address Reference Count : 1]<UL><LI> ns_ble_task.o(.constdata)
</UL>
<P><STRONG><a name="[5a]"></a>gapm_scan_request_ind_handler</STRONG> (Thumb, 12 bytes, Stack size 0 bytes, ns_ble_task.o(i.gapm_scan_request_ind_handler))
<BR>[Address Reference Count : 1]<UL><LI> ns_ble_task.o(.constdata)
</UL>
<P><STRONG><a name="[5c]"></a>gattc_cmp_evt_handler</STRONG> (Thumb, 36 bytes, Stack size 16 bytes, ns_ble_task.o(i.gattc_cmp_evt_handler))
<BR><BR>[Stack]<UL><LI>Max Depth = 16<LI>Call Chain = gattc_cmp_evt_handler
</UL>
<BR>[Address Reference Count : 1]<UL><LI> ns_ble_task.o(.constdata)
</UL>
<P><STRONG><a name="[5b]"></a>gattc_mtu_changed_ind_handler</STRONG> (Thumb, 66 bytes, Stack size 24 bytes, ns_ble_task.o(i.gattc_mtu_changed_ind_handler))
<BR><BR>[Stack]<UL><LI>Max Depth = 24<LI>Call Chain = gattc_mtu_changed_ind_handler
</UL>
<BR>[Address Reference Count : 1]<UL><LI> ns_ble_task.o(.constdata)
</UL>
<P><STRONG><a name="[6b]"></a>diss_value_req_ind_handler</STRONG> (Thumb, 118 bytes, Stack size 24 bytes, app_dis.o(i.diss_value_req_ind_handler))
<BR><BR>[Stack]<UL><LI>Max Depth = 24<LI>Call Chain = diss_value_req_ind_handler
</UL>
<BR>[Calls]<UL><LI><a href="#[bd]">&gt;&gt;</a>&nbsp;&nbsp;&nbsp;ke_msg_send
<LI><a href="#[ba]">&gt;&gt;</a>&nbsp;&nbsp;&nbsp;ke_msg_alloc
<LI><a href="#[99]">&gt;&gt;</a>&nbsp;&nbsp;&nbsp;__aeabi_memcpy
</UL>
<BR>[Address Reference Count : 1]<UL><LI> app_dis.o(.constdata)
</UL>
<P><STRONG><a name="[6e]"></a>rdtss_val_ntf_cfm_handler</STRONG> (Thumb, 4 bytes, Stack size 0 bytes, app_rdtss.o(i.rdtss_val_ntf_cfm_handler))
<BR>[Address Reference Count : 1]<UL><LI> app_rdtss.o(.constdata)
</UL>
<P><STRONG><a name="[6d]"></a>rdtss_val_write_ind_handler</STRONG> (Thumb, 62 bytes, Stack size 8 bytes, app_rdtss.o(i.rdtss_val_write_ind_handler))
<BR><BR>[Stack]<UL><LI>Max Depth = 24<LI>Call Chain = rdtss_val_write_ind_handler &rArr; app_recv_data_fifo_enter
</UL>
<BR>[Calls]<UL><LI><a href="#[129]">&gt;&gt;</a>&nbsp;&nbsp;&nbsp;app_recv_data_fifo_enter
</UL>
<BR>[Address Reference Count : 1]<UL><LI> app_rdtss.o(.constdata)
</UL>
<P><STRONG><a name="[6c]"></a>rdtss_value_req_ind_handler</STRONG> (Thumb, 56 bytes, Stack size 24 bytes, app_rdtss.o(i.rdtss_value_req_ind_handler))
<BR><BR>[Stack]<UL><LI>Max Depth = 24<LI>Call Chain = rdtss_value_req_ind_handler
</UL>
<BR>[Calls]<UL><LI><a href="#[bd]">&gt;&gt;</a>&nbsp;&nbsp;&nbsp;ke_msg_send
<LI><a href="#[ba]">&gt;&gt;</a>&nbsp;&nbsp;&nbsp;ke_msg_alloc
<LI><a href="#[99]">&gt;&gt;</a>&nbsp;&nbsp;&nbsp;__aeabi_memcpy
</UL>
<BR>[Address Reference Count : 1]<UL><LI> app_rdtss.o(.constdata)
</UL>
<P><STRONG><a name="[a5]"></a>TM1650_WriteByte</STRONG> (Thumb, 128 bytes, Stack size 24 bytes, bsp_tm1650.o(i.TM1650_WriteByte))
<BR><BR>[Stack]<UL><LI>Max Depth = 24<LI>Call Chain = TM1650_WriteByte
</UL>
<BR>[Calls]<UL><LI><a href="#[88]">&gt;&gt;</a>&nbsp;&nbsp;&nbsp;GPIO_SetBits
<LI><a href="#[83]">&gt;&gt;</a>&nbsp;&nbsp;&nbsp;GPIO_ResetBits
<LI><a href="#[a4]">&gt;&gt;</a>&nbsp;&nbsp;&nbsp;delay_n_10us
</UL>
<BR>[Called By]<UL><LI><a href="#[a0]">&gt;&gt;</a>&nbsp;&nbsp;&nbsp;TM1650_WriteData
<LI><a href="#[a3]">&gt;&gt;</a>&nbsp;&nbsp;&nbsp;TM1650_SetDisplay
</UL>

<P><STRONG><a name="[a8]"></a>_printf_core</STRONG> (Thumb, 1020 bytes, Stack size 104 bytes, printf8.o(i._printf_core), UNUSED)
<BR><BR>[Calls]<UL><LI><a href="#[72]">&gt;&gt;</a>&nbsp;&nbsp;&nbsp;__aeabi_uldivmod
<LI><a href="#[a9]">&gt;&gt;</a>&nbsp;&nbsp;&nbsp;_printf_pre_padding
<LI><a href="#[aa]">&gt;&gt;</a>&nbsp;&nbsp;&nbsp;_printf_post_padding
</UL>
<BR>[Called By]<UL><LI><a href="#[a7]">&gt;&gt;</a>&nbsp;&nbsp;&nbsp;__0printf$8
</UL>

<P><STRONG><a name="[aa]"></a>_printf_post_padding</STRONG> (Thumb, 32 bytes, Stack size 24 bytes, printf8.o(i._printf_post_padding), UNUSED)
<BR><BR>[Called By]<UL><LI><a href="#[a8]">&gt;&gt;</a>&nbsp;&nbsp;&nbsp;_printf_core
</UL>

<P><STRONG><a name="[a9]"></a>_printf_pre_padding</STRONG> (Thumb, 44 bytes, Stack size 40 bytes, printf8.o(i._printf_pre_padding), UNUSED)
<BR><BR>[Called By]<UL><LI><a href="#[a8]">&gt;&gt;</a>&nbsp;&nbsp;&nbsp;_printf_core
</UL>
<P>
<H3>
Undefined Global Symbols
</H3><HR></body></html>
